Component: Arm Compiler for Embedded 6.23 Tool: armlink [5f102400]

==============================================================================

Section Cross References

    main.o(.text) refers (Special) to use_no_semi_2.o(.text) for __use_no_semihosting
    main.o(.text.main) refers (Special) to use_no_semi_2.o(.text) for __use_no_semihosting
    main.o(.text.main) refers to nunchuk.o(.text.nunchuk_inicializar) for nunchuk_inicializar
    main.o(.text.main) refers to nunchuk.o(.text.nunchuk_leer) for nunchuk_leer
    main.o(.text.main) refers to glcd.o(.text.glcd_inicializar) for glcd_inicializar
    main.o(.text.main) refers to sprites.o(.text.dibujar_sprite) for dibujar_sprite
    main.o(.text.main) refers to timer_lpc40xx.o(.text.timer_retardo_ms) for timer_retardo_ms
    main.o(.ARM.exidx.text.main) refers (Special) to use_no_semi_2.o(.text) for __use_no_semihosting
    main.o(.ARM.exidx.text.main) refers to main.o(.text.main) for [Anonymous Symbol]
    main.o(.rodata.cst8) refers (Special) to use_no_semi_2.o(.text) for __use_no_semihosting
    main.o(.ARM.use_no_argv) refers (Special) to use_no_semi_2.o(.text) for __use_no_semihosting
    nunchuk.o(.text.nunchuk_inicializar) refers to i2c_lpc40xx.o(.text.i2c_inicializar) for i2c_inicializar
    nunchuk.o(.text.nunchuk_inicializar) refers to timer_lpc40xx.o(.text.timer_inicializar) for timer_inicializar
    nunchuk.o(.text.nunchuk_inicializar) refers to i2c_lpc40xx.o(.text.i2c_start) for i2c_start
    nunchuk.o(.text.nunchuk_inicializar) refers to i2c_lpc40xx.o(.text.i2c_transmitir_byte) for i2c_transmitir_byte
    nunchuk.o(.text.nunchuk_inicializar) refers to i2c_lpc40xx.o(.text.i2c_stop) for i2c_stop
    nunchuk.o(.text.nunchuk_inicializar) refers to timer_lpc40xx.o(.text.timer_retardo_ms) for timer_retardo_ms
    nunchuk.o(.ARM.exidx.text.nunchuk_inicializar) refers to nunchuk.o(.text.nunchuk_inicializar) for [Anonymous Symbol]
    nunchuk.o(.text.nunchuk_leer) refers to i2c_lpc40xx.o(.text.i2c_start) for i2c_start
    nunchuk.o(.text.nunchuk_leer) refers to i2c_lpc40xx.o(.text.i2c_transmitir_byte) for i2c_transmitir_byte
    nunchuk.o(.text.nunchuk_leer) refers to i2c_lpc40xx.o(.text.i2c_stop) for i2c_stop
    nunchuk.o(.text.nunchuk_leer) refers to timer_lpc40xx.o(.text.timer_retardo_ms) for timer_retardo_ms
    nunchuk.o(.text.nunchuk_leer) refers to i2c_lpc40xx.o(.text.i2c_recibir_byte) for i2c_recibir_byte
    nunchuk.o(.ARM.exidx.text.nunchuk_leer) refers to nunchuk.o(.text.nunchuk_leer) for [Anonymous Symbol]
    sprites.o(.text) refers (Special) to use_no_semi_2.o(.text) for __use_no_semihosting
    sprites.o(.text.dibujar_sprite) refers (Special) to use_no_semi_2.o(.text) for __use_no_semihosting
    sprites.o(.text.dibujar_sprite) refers to sprites.o(.text.dibujar_pixel) for dibujar_pixel
    sprites.o(.ARM.exidx.text.dibujar_sprite) refers (Special) to use_no_semi_2.o(.text) for __use_no_semihosting
    sprites.o(.ARM.exidx.text.dibujar_sprite) refers to sprites.o(.text.dibujar_sprite) for [Anonymous Symbol]
    sprites.o(.text.dibujar_pixel) refers (Special) to use_no_semi_2.o(.text) for __use_no_semihosting
    sprites.o(.text.dibujar_pixel) refers to glcd.o(.text.glcd_rectangulo_relleno) for glcd_rectangulo_relleno
    sprites.o(.ARM.exidx.text.dibujar_pixel) refers (Special) to use_no_semi_2.o(.text) for __use_no_semihosting
    sprites.o(.ARM.exidx.text.dibujar_pixel) refers to sprites.o(.text.dibujar_pixel) for [Anonymous Symbol]
    startup_lpc407x_8x_177x_8x.o(STACK) refers (Special) to heapauxi.o(.text) for __use_two_region_memory
    startup_lpc407x_8x_177x_8x.o(HEAP) refers (Special) to heapauxi.o(.text) for __use_two_region_memory
    startup_lpc407x_8x_177x_8x.o(RESET) refers (Special) to heapauxi.o(.text) for __use_two_region_memory
    startup_lpc407x_8x_177x_8x.o(RESET) refers to startup_lpc407x_8x_177x_8x.o(STACK) for __initial_sp
    startup_lpc407x_8x_177x_8x.o(RESET) refers to startup_lpc407x_8x_177x_8x.o(.text) for Reset_Handler
    startup_lpc407x_8x_177x_8x.o(RESET) refers to error.o(.text.HardFault_Handler) for HardFault_Handler
    startup_lpc407x_8x_177x_8x.o(.ARM.__at_0x02FC) refers (Special) to heapauxi.o(.text) for __use_two_region_memory
    startup_lpc407x_8x_177x_8x.o(.text) refers (Special) to heapauxi.o(.text) for __use_two_region_memory
    startup_lpc407x_8x_177x_8x.o(.text) refers to system_lpc407x_8x_177x_8x.o(.text.SystemInit) for SystemInit
    startup_lpc407x_8x_177x_8x.o(.text) refers to __main.o(!!!main) for __main
    startup_lpc407x_8x_177x_8x.o(.text) refers to startup_lpc407x_8x_177x_8x.o(HEAP) for Heap_Mem
    startup_lpc407x_8x_177x_8x.o(.text) refers to startup_lpc407x_8x_177x_8x.o(STACK) for Stack_Mem
    system_lpc407x_8x_177x_8x.o(.text.SystemCoreClockUpdate) refers to system_lpc407x_8x_177x_8x.o(.data.SystemCoreClock) for SystemCoreClock
    system_lpc407x_8x_177x_8x.o(.text.SystemCoreClockUpdate) refers to system_lpc407x_8x_177x_8x.o(.data.PeripheralClock) for PeripheralClock
[...]
    libinit.o(.ARM.Collect$$libinit$$00000000) refers (Special) to libinit2.o(.ARM.Collect$$libinit$$00000006) for __rt_lib_init_preinit_1
    libinit.o(.ARM.Collect$$libinit$$00000000) refers (Special) to libinit2.o(.ARM.Collect$$libinit$$00000010) for __rt_lib_init_rand_1
    libinit.o(.ARM.Collect$$libinit$$00000000) refers (Special) to libinit2.o(.ARM.Collect$$libinit$$00000004) for __rt_lib_init_relocate_pie_1
    libinit.o(.ARM.Collect$$libinit$$00000000) refers (Special) to libinit2.o(.ARM.Collect$$libinit$$00000035) for __rt_lib_init_return
    libinit.o(.ARM.Collect$$libinit$$00000000) refers (Special) to libinit2.o(.ARM.Collect$$libinit$$0000001F) for __rt_lib_init_signal_1
    libinit.o(.ARM.Collect$$libinit$$00000000) refers (Special) to libinit2.o(.ARM.Collect$$libinit$$00000027) for __rt_lib_init_stdio_1
    libinit.o(.ARM.Collect$$libinit$$00000000) refers (Special) to libinit2.o(.ARM.Collect$$libinit$$0000000E) for __rt_lib_init_user_alloc_1
    istatus.o(x$fpl$ieeestatus) refers (Special) to usenofp.o(x$fpl$usenofp) for __I$use$fp
    fpclassify.o(i.__ARM_fpclassify) refers (Special) to usenofp.o(x$fpl$usenofp) for __I$use$fp
    libspace.o(.text) refers to libspace.o(.bss) for __libspace_start
    rtexit.o(.ARM.Collect$$rtexit$$00000000) refers (Special) to rtexit2.o(.ARM.Collect$$rtexit$$00000004) for __rt_exit_exit
    rtexit.o(.ARM.Collect$$rtexit$$00000000) refers (Special) to rtexit2.o(.ARM.Collect$$rtexit$$00000003) for __rt_exit_ls
    rtexit.o(.ARM.Collect$$rtexit$$00000000) refers (Special) to rtexit2.o(.ARM.Collect$$rtexit$$00000002) for __rt_exit_prels_1
    rtexit.o(.ARM.exidx) refers (Special) to rtexit2.o(.ARM.Collect$$rtexit$$00000004) for __rt_exit_exit
    rtexit.o(.ARM.exidx) refers (Special) to rtexit2.o(.ARM.Collect$$rtexit$$00000003) for __rt_exit_ls
    rtexit.o(.ARM.exidx) refers (Special) to rtexit2.o(.ARM.Collect$$rtexit$$00000002) for __rt_exit_prels_1
    rtexit.o(.ARM.exidx) refers to rtexit.o(.ARM.Collect$$rtexit$$00000000) for .ARM.Collect$$rtexit$$00000000
    btod_accurate_common.o(.text) refers to llushr.o(.text) for __aeabi_llsr
    lc_ctype_c.o(locale$$data) refers (Special) to libinit2.o(.ARM.Collect$$libinit$$00000014) for __rt_lib_init_lc_ctype_2
    lc_ctype_c.o(locale$$code) refers (Special) to libinit2.o(.ARM.Collect$$libinit$$00000014) for __rt_lib_init_lc_ctype_2
    lc_ctype_c.o(locale$$code) refers to strcmpv7em.o(.text) for strcmp
    lc_ctype_c.o(locale$$code) refers to lc_ctype_c.o(locale$$data) for __lcctype_c_name
    libinit2.o(.ARM.Collect$$libinit$$00000001) refers to fpinit.o(x$fpl$fpinit) for _fp_init
    libinit2.o(.ARM.Collect$$libinit$$00000011) refers (Weak) to rt_locale_intlibspace.o(.text) for __rt_locale
    libinit2.o(.ARM.Collect$$libinit$$00000012) refers to libinit2.o(.ARM.Collect$$libinit$$00000011) for .ARM.Collect$$libinit$$00000011
    libinit2.o(.ARM.Collect$$libinit$$00000014) refers to libinit2.o(.ARM.Collect$$libinit$$00000011) for .ARM.Collect$$libinit$$00000011
    libinit2.o(.ARM.Collect$$libinit$$00000014) refers (Weak) to lc_ctype_c.o(locale$$code) for _get_lc_ctype
    libinit2.o(.ARM.Collect$$libinit$$00000016) refers to libinit2.o(.ARM.Collect$$libinit$$00000011) for .ARM.Collect$$libinit$$00000011
    libinit2.o(.ARM.Collect$$libinit$$00000018) refers to libinit2.o(.ARM.Collect$$libinit$$00000011) for .ARM.Collect$$libinit$$00000011
    libinit2.o(.ARM.Collect$$libinit$$00000018) refers (Weak) to lc_numeric_c.o(locale$$code) for _get_lc_numeric
    libinit2.o(.ARM.Collect$$libinit$$0000001A) refers to libinit2.o(.ARM.Collect$$libinit$$00000011) for .ARM.Collect$$libinit$$00000011
    libinit2.o(.ARM.Collect$$libinit$$00000028) refers to argv_veneer.o(.emb_text) for __ARM_argv_veneer
    libinit2.o(.ARM.Collect$$libinit$$00000029) refers to argv_veneer.o(.emb_text) for __ARM_argv_veneer
    rtexit2.o(.ARM.Collect$$rtexit$$00000003) refers to libshutdown.o(.ARM.Collect$$libshutdown$$00000000) for __rt_lib_shutdown
    rtexit2.o(.ARM.Collect$$rtexit$$00000004) refers to glcd.o(.text._sys_exit) for _sys_exit
    rtexit2.o(.ARM.exidx) refers to rtexit2.o(.ARM.Collect$$rtexit$$00000001) for .ARM.Collect$$rtexit$$00000001
    rtexit2.o(.ARM.exidx) refers to rtexit2.o(.ARM.Collect$$rtexit$$00000003) for .ARM.Collect$$rtexit$$00000003
    rtexit2.o(.ARM.exidx) refers to rtexit2.o(.ARM.Collect$$rtexit$$00000004) for .ARM.Collect$$rtexit$$00000004
    argv_veneer.o(.emb_text) refers to no_argv.o(.text) for __ARM_get_argv
    _get_argv_nomalloc.o(.text) refers (Special) to hrguard.o(.text) for __heap_region$guard
    _get_argv_nomalloc.o(.text) refers to defsig_rtmem_outer.o(.text) for __rt_SIGRTMEM
    _get_argv_nomalloc.o(.text) refers to sys_command.o(.text) for _sys_command_string
    libshutdown.o(.ARM.Collect$$libshutdown$$00000000) refers (Special) to libshutdown2.o(.ARM.Collect$$libshutdown$$00000002) for __rt_lib_shutdown_cpp_1
    libshutdown.o(.ARM.Collect$$libshutdown$$00000000) refers (Special) to libshutdown2.o(.ARM.Collect$$libshutdown$$00000007) for __rt_lib_shutdown_fp_trap_1
    libshutdown.o(.ARM.Collect$$libshutdown$$00000000) refers (Special) to libshutdown2.o(.ARM.Collect$$libshutdown$$0000000F) for __rt_lib_shutdown_heap_1
    libshutdown.o(.ARM.Collect$$libshutdown$$00000000) refers (Special) to libshutdown2.o(.ARM.Collect$$libshutdown$$00000010) for __rt_lib_shutdown_return
    libshutdown.o(.ARM.Collect$$libshutdown$$00000000) refers (Special) to libshutdown2.o(.ARM.Collect$$libshutdown$$0000000A) for __rt_lib_shutdown_signal_1
    libshutdown.o(.ARM.Collect$$libshutdown$$00000000) refers (Special) to libshutdown2.o(.ARM.Collect$$libshutdown$$00000004) for __rt_lib_shutdown_stdio_1
    libshutdown.o(.ARM.Collect$$libshutdown$$00000000) refers (Special) to libshutdown2.o(.ARM.Collect$$libshutdown$$0000000C) for __rt_lib_shutdown_user_alloc_1
    sys_command.o(.text) refers (Special) to use_no_semi.o(.text) for __I$use$semihosting
    sys_command.o(.text) refers (Special) to indicate_semi.o(.text) for __semihosting_library_function
    sys_command_hlt.o(.text) refers (Special) to use_no_semi.o(.text) for __I$use$semihosting
    sys_command_hlt.o(.text) refers (Special) to indicate_semi.o(.text) for __semihosting_library_function
    defsig_rtmem_outer.o(.text) refers to defsig_rtmem_inner.o(.text) for __rt_SIGRTMEM_inner
    defsig_rtmem_outer.o(.text) refers to defsig_exit.o(.text) for __sig_exit
    defsig_rtmem_formal.o(.text) refers to rt_raise.o(.text) for __rt_raise
    rt_raise.o(.text) refers to __raise.o(.text) for __raise
    rt_raise.o(.text) refers to glcd.o(.text._sys_exit) for _sys_exit
    defsig_exit.o(.text) refers to glcd.o(.text._sys_exit) for _sys_exit
    defsig_rtmem_inner.o(.text) refers to defsig_general.o(.text) for __default_signal_display
    __raise.o(.text) refers to defsig.o(CL$$defsig) for __default_signal_handler
    defsig_general.o(.text) refers to sys_wrch.o(.text) for _ttywrch
    sys_wrch.o(.text) refers (Special) to use_no_semi.o(.text) for __I$use$semihosting
    sys_wrch.o(.text) refers (Special) to indicate_semi.o(.text) for __semihosting_library_function
    sys_wrch_hlt.o(.text) refers (Special) to use_no_semi.o(.text) for __I$use$semihosting
    sys_wrch_hlt.o(.text) refers (Special) to indicate_semi.o(.text) for __semihosting_library_function
    defsig.o(CL$$defsig) refers to defsig_rtmem_inner.o(.text) for __rt_SIGRTMEM_inner
    defsig_abrt_inner.o(.text) refers to defsig_general.o(.text) for __default_signal_display
    defsig_fpe_inner.o(.text) refers to defsig_general.o(.text) for __default_signal_display
    defsig_rtred_inner.o(.text) refers to defsig_general.o(.text) for __default_signal_display
    defsig_stak_inner.o(.text) refers to defsig_general.o(.text) for __default_signal_display
    defsig_pvfn_inner.o(.text) refers to defsig_general.o(.text) for __default_signal_display
    defsig_cppl_inner.o(.text) refers to defsig_general.o(.text) for __default_signal_display
    defsig_segv_inner.o(.text) refers to defsig_general.o(.text) for __default_signal_display
    defsig_other.o(.text) refers to defsig_general.o(.text) for __default_signal_display


==============================================================================

Removing Unused input sections from the image.

    Removing main.o(.text), (0 bytes).
    Removing main.o(.ARM.exidx.text.main), (8 bytes).
    Removing main.o(.rodata.cst8), (8 bytes).
    Removing main.o(.ARM.use_no_argv), (4 bytes).
    Removing nunchuk.o(.text), (0 bytes).
    Removing nunchuk.o(.ARM.exidx.text.nunchuk_inicializar), (8 bytes).
    Removing nunchuk.o(.ARM.exidx.text.nunchuk_leer), (8 bytes).
    Removing sprites.o(.text), (0 bytes).
    Removing sprites.o(.ARM.exidx.text.dibujar_sprite), (8 bytes).
    Removing sprites.o(.ARM.exidx.text.dibujar_pixel), (8 bytes).
    Removing system_lpc407x_8x_177x_8x.o(.text), (0 bytes).
    Removing system_lpc407x_8x_177x_8x.o(.ARM.exidx.text.SystemCoreClockUpdate), (8 bytes).
    Removing system_lpc407x_8x_177x_8x.o(.ARM.exidx.text.fpu_init), (8 bytes).
    Removing system_lpc407x_8x_177x_8x.o(.ARM.exidx.text.SystemInit_ExtMemCtl), (8 bytes).
    Removing system_lpc407x_8x_177x_8x.o(.ARM.exidx.text._DelayMs), (8 bytes).
    Removing system_lpc407x_8x_177x_8x.o(.ARM.exidx.text.SystemInit), (8 bytes).
    Removing timer_lpc40xx.o(.text), (0 bytes).
    Removing timer_lpc40xx.o(.ARM.exidx.text.timer_inicializar), (8 bytes).
    Removing timer_lpc40xx.o(.ARM.exidx.text.timer_retardo_ms), (8 bytes).
    Removing timer_lpc40xx.o(.ARM.exidx.text.timer_retardo_us), (8 bytes).
    Removing timer_lpc40xx.o(.text.timer_iniciar_ciclos_ms), (180 bytes).
    Removing timer_lpc40xx.o(.ARM.exidx.text.timer_iniciar_ciclos_ms), (8 bytes).
    Removing timer_lpc40xx.o(.text.timer_iniciar_ciclos_us), (180 bytes).
    Removing timer_lpc40xx.o(.ARM.exidx.text.timer_iniciar_ciclos_us), (8 bytes).
    Removing timer_lpc40xx.o(.text.timer_esperar_fin_ciclo), (164 bytes).
    Removing timer_lpc40xx.o(.ARM.exidx.text.timer_esperar_fin_ciclo), (8 bytes).
    Removing timer_lpc40xx.o(.text.timer_iniciar_conteo_ms), (152 bytes).
    Removing timer_lpc40xx.o(.ARM.exidx.text.timer_iniciar_conteo_ms), (8 bytes).
    Removing timer_lpc40xx.o(.text.timer_iniciar_conteo_us), (152 bytes).
    Removing timer_lpc40xx.o(.ARM.exidx.text.timer_iniciar_conteo_us), (8 bytes).
    Removing timer_lpc40xx.o(.text.timer_leer), (96 bytes).
    Removing timer_lpc40xx.o(.ARM.exidx.text.timer_leer), (8 bytes).
    Removing timer_lpc40xx.o(.text.timer_poner_contador_a_0), (136 bytes).
    Removing timer_lpc40xx.o(.ARM.exidx.text.timer_poner_contador_a_0), (8 bytes).
    Removing glcd.o(.text), (0 bytes).
    Removing glcd.o(.ARM.exidx.text.glcd_inicializar), (8 bytes).
    Removing glcd.o(.ARM.exidx.text.glcd_i2c0_transmitir_buffer), (8 bytes).
    Removing glcd.o(.ARM.exidx.text.glcd_borrar), (8 bytes).
    Removing glcd.o(.text.glcd_printf), (32 bytes).
    Removing glcd.o(.ARM.exidx.text.glcd_printf), (8 bytes).
    Removing glcd.o(.ARM.exidx.text.fputc), (8 bytes).
    Removing glcd.o(.text.glcd_desplazar), (80 bytes).
    Removing glcd.o(.ARM.exidx.text.glcd_desplazar), (8 bytes).
    Removing glcd.o(.ARM.exidx.text.glcd_caracter), (8 bytes).
    Removing glcd.o(.text.fgetc), (6 bytes).
    Removing glcd.o(.ARM.exidx.text.fgetc), (8 bytes).
    Removing glcd.o(.ARM.exidx.text.ferror), (8 bytes).
    Removing glcd.o(.ARM.exidx.text._sys_exit), (8 bytes).
    Removing glcd.o(.ARM.exidx.text.glcd_color_texto), (8 bytes).
    Removing glcd.o(.ARM.exidx.text.glcd_fondo_texto), (8 bytes).
    Removing glcd.o(.ARM.exidx.text.glcd_xy_texto), (8 bytes).
    Removing glcd.o(.text.glcd_activar_desplazamiento), (12 bytes).
    Removing glcd.o(.ARM.exidx.text.glcd_activar_desplazamiento), (8 bytes).
    Removing glcd.o(.ARM.exidx.text.glcd_seleccionar_fuente), (8 bytes).
    Removing glcd.o(.text.glcd_xprintf), (122 bytes).
    Removing glcd.o(.ARM.exidx.text.glcd_xprintf), (8 bytes).
    Removing glcd.o(.text.glcd_texto), (212 bytes).
    Removing glcd.o(.ARM.exidx.text.glcd_texto), (8 bytes).
    Removing glcd.o(.text.glcd_punto), (34 bytes).
    Removing glcd.o(.ARM.exidx.text.glcd_punto), (8 bytes).
    Removing glcd.o(.text.glcd_linea), (252 bytes).
    Removing glcd.o(.ARM.exidx.text.glcd_linea), (8 bytes).
    Removing glcd.o(.text.glcd_rectangulo), (82 bytes).
    Removing glcd.o(.ARM.exidx.text.glcd_rectangulo), (8 bytes).
    Removing glcd.o(.ARM.exidx.text.glcd_rectangulo_relleno), (8 bytes).
    Removing glcd.o(.text.glcd_circunferencia), (364 bytes).
    Removing glcd.o(.ARM.exidx.text.glcd_circunferencia), (8 bytes).
    Removing glcd.o(.text.glcd_circulo), (154 bytes).
    Removing glcd.o(.ARM.exidx.text.glcd_circulo), (8 bytes).
    Removing glcd.o(.bss.__stdin), (4 bytes).
    Removing glcd.o(.bss.__stderr), (4 bytes).
    Removing i2c_lpc40xx.o(.text), (0 bytes).
    Removing i2c_lpc40xx.o(.ARM.exidx.text.i2c_inicializar), (8 bytes).
    Removing i2c_lpc40xx.o(.ARM.exidx.text.i2c_start), (8 bytes).
    Removing i2c_lpc40xx.o(.ARM.exidx.text.i2c_stop), (8 bytes).
    Removing i2c_lpc40xx.o(.ARM.exidx.text.i2c_transmitir_byte), (8 bytes).
    Removing i2c_lpc40xx.o(.ARM.exidx.text.i2c_recibir_byte), (8 bytes).
    Removing error.o(.text), (0 bytes).
    Removing error.o(.ARM.exidx.text.parar_con_error), (8 bytes).
    Removing error.o(.ARM.exidx.text.HardFault_Handler), (8 bytes).
    Removing sdram.o(.text), (0 bytes).
    Removing sdram.o(.ARM.exidx.text.adjust_timing), (8 bytes).
    Removing sdram.o(.ARM.exidx.text.sdram_inicializar), (8 bytes).
    Removing sdram.o(.ARM.exidx.text.sdram_test), (8 bytes).
    Removing fuente_8x16.o(.text), (0 bytes).
    Removing fuente_12x24.o(.text), (0 bytes).
    Removing fuente_16x32.o(.text), (0 bytes).
    Removing iocon_lpc40xx.o(.text), (0 bytes).
    Removing iocon_lpc40xx.o(.ARM.exidx.text.iocon_configurar_pin), (8 bytes).
    Removing iocon_lpc40xx.o(.text.iocon_configurar_grupo_pines), (128 bytes).
    Removing iocon_lpc40xx.o(.ARM.exidx.text.iocon_configurar_grupo_pines), (8 bytes).

91 unused section(s) (total 2998 bytes) removed from the image.

==============================================================================

Image Symbol Table

    Local Symbols

    Symbol Name                              Value     Ov Type        Size  Object(Section)

    ../clib/angel/boardlib.s                 0x00000000   Number         0  boardinit1.o ABSOLUTE
    ../clib/angel/boardlib.s                 0x00000000   Number         0  boardinit2.o ABSOLUTE
    ../clib/angel/boardlib.s                 0x00000000   Number         0  boardinit3.o ABSOLUTE
    ../clib/angel/boardlib.s                 0x00000000   Number         0  boardshut.o ABSOLUTE
    ../clib/angel/handlers.s                 0x00000000   Number         0  __scatter_copy.o ABSOLUTE
    ../clib/angel/handlers.s                 0x00000000   Number         0  __scatter_zi.o ABSOLUTE
    ../clib/angel/kernel.s                   0x00000000   Number         0  __rtentry.o ABSOLUTE
    ../clib/angel/kernel.s                   0x00000000   Number         0  __rtentry2.o ABSOLUTE
    ../clib/angel/kernel.s                   0x00000000   Number         0  __rtentry4.o ABSOLUTE
    ../clib/angel/kernel.s                   0x00000000   Number         0  rtexit.o ABSOLUTE
    ../clib/angel/kernel.s                   0x00000000   Number         0  rtexit2.o ABSOLUTE
    ../clib/angel/rt.s                       0x00000000   Number         0  rt_ctype_table.o ABSOLUTE
    ../clib/angel/rt.s                       0x00000000   Number         0  rt_locale.o ABSOLUTE
    ../clib/angel/rt.s                       0x00000000   Number         0  rt_locale_intlibspace.o ABSOLUTE
    ../clib/angel/rt.s                       0x00000000   Number         0  rt_raise.o ABSOLUTE
    ../clib/angel/scatter.s                  0x00000000   Number         0  __scatter.o ABSOLUTE
    ../clib/angel/startup.s                  0x00000000   Number         0  __main.o ABSOLUTE
    ../clib/angel/sys.s                      0x00000000   Number         0  use_no_semi_2.o ABSOLUTE
    ../clib/angel/sys.s                      0x00000000   Number         0  use_no_semi.o ABSOLUTE
    ../clib/angel/sys.s                      0x00000000   Number         0  sys_stackheap_outer.o ABSOLUTE
    ../clib/angel/sys.s                      0x00000000   Number         0  libspace.o ABSOLUTE
    ../clib/angel/sys.s                      0x00000000   Number         0  indicate_semi.o ABSOLUTE
    ../clib/angel/sysapp.c                   0x00000000   Number         0  sys_command.o ABSOLUTE
    ../clib/angel/sysapp.c                   0x00000000   Number         0  sys_command_hlt.o ABSOLUTE
    ../clib/angel/sysapp.c                   0x00000000   Number         0  sys_wrch.o ABSOLUTE
    ../clib/angel/sysapp.c                   0x00000000   Number         0  sys_wrch_hlt.o ABSOLUTE
    ../clib/armsys.c                         0x00000000   Number         0  argv_veneer.o ABSOLUTE
    ../clib/armsys.c                         0x00000000   Number         0  argv_veneer.o ABSOLUTE
    ../clib/armsys.c                         0x00000000   Number         0  _get_argv_nomalloc.o ABSOLUTE
    ../clib/armsys.c                         0x00000000   Number         0  no_argv.o ABSOLUTE
    ../clib/bigflt.c                         0x00000000   Number         0  bigflt0.o ABSOLUTE
    ../clib/btod.s                           0x00000000   Number         0  btod.o ABSOLUTE
    ../clib/btod_accurate.c                  0x00000000   Number         0  btod_accurate.o ABSOLUTE
    ../clib/btod_accurate.c                  0x00000000   Number         0  btod_accurate_common.o ABSOLUTE
    ../clib/heapalloc.c                      0x00000000   Number         0  hrguard.o ABSOLUTE
    ../clib/heapaux.c                        0x00000000   Number         0  heapauxi.o ABSOLUTE
    ../clib/libinit.s                        0x00000000   Number         0  libinit.o ABSOLUTE
    ../clib/libinit.s                        0x00000000   Number         0  libinit2.o ABSOLUTE
    ../clib/libinit.s                        0x00000000   Number         0  libshutdown.o ABSOLUTE
    ../clib/libinit.s                        0x00000000   Number         0  libshutdown2.o ABSOLUTE
    ../clib/locale.c                         0x00000000   Number         0  _c16rtomb.o ABSOLUTE
    ../clib/locale.s                         0x00000000   Number         0  lc_numeric_c.o ABSOLUTE
    ../clib/locale.s                         0x00000000   Number         0  lc_ctype_c.o ABSOLUTE
    ../clib/longlong.s                       0x00000000   Number         0  lludiv10.o ABSOLUTE
    ../clib/longlong.s                       0x00000000   Number         0  llushr.o ABSOLUTE
    ../clib/memcpset.s                       0x00000000   Number         0  rt_memmove_w.o ABSOLUTE
    ../clib/memcpset.s                       0x00000000   Number         0  rt_memcpy_w.o ABSOLUTE
    ../clib/memcpset.s                       0x00000000   Number         0  strcmpv7em.o ABSOLUTE
    ../clib/misc.s                           0x00000000   Number         0  printf_stubs.o ABSOLUTE
    ../clib/printf.c                         0x00000000   Number         0  vprintf.o ABSOLUTE
    ../clib/printf.c                         0x00000000   Number         0  __2printf.o ABSOLUTE
    ../clib/printf.c                         0x00000000   Number         0  noretval__2printf.o ABSOLUTE
    ../clib/printf.c                         0x00000000   Number         0  __printf.o ABSOLUTE
    ../clib/printf.c                         0x00000000   Number         0  _printf_str.o ABSOLUTE
    ../clib/printf.c                         0x00000000   Number         0  _printf_dec.o ABSOLUTE
    ../clib/printf.c                         0x00000000   Number         0  __printf_flags.o ABSOLUTE
    ../clib/printf.c                         0x00000000   Number         0  __printf_ss.o ABSOLUTE
    ../clib/printf.c                         0x00000000   Number         0  __printf_flags_ss.o ABSOLUTE
    ../clib/printf.c                         0x00000000   Number         0  __printf_wp.o ABSOLUTE
    ../clib/printf.c                         0x00000000   Number         0  __printf_flags_wp.o ABSOLUTE
    ../clib/printf.c                         0x00000000   Number         0  __printf_ss_wp.o ABSOLUTE
    ../clib/printf.c                         0x00000000   Number         0  __printf_flags_ss_wp.o ABSOLUTE
    ../clib/printf.c                         0x00000000   Number         0  _printf_pad.o ABSOLUTE
    ../clib/printf.c                         0x00000000   Number         0  _printf_truncate.o ABSOLUTE
    ../clib/printf.c                         0x00000000   Number         0  _printf_intcommon.o ABSOLUTE
    ../clib/printf.c                         0x00000000   Number         0  _printf_charcount.o ABSOLUTE
    ../clib/printf.c                         0x00000000   Number         0  _printf_char.o ABSOLUTE
    ../clib/printf.c                         0x00000000   Number         0  _printf_char_file.o ABSOLUTE
    ../clib/printf.c                         0x00000000   Number         0  _printf_wctomb.o ABSOLUTE
    ../clib/printf.c                         0x00000000   Number         0  _printf_longlong_dec.o ABSOLUTE
    ../clib/printf.c                         0x00000000   Number         0  _printf_oct_ll.o ABSOLUTE
    ../clib/printf.c                         0x00000000   Number         0  _printf_oct_int.o ABSOLUTE
    ../clib/printf.c                         0x00000000   Number         0  _printf_oct_int_ll.o ABSOLUTE
    ../clib/printf.c                         0x00000000   Number         0  _printf_hex_ll.o ABSOLUTE
    ../clib/printf.c                         0x00000000   Number         0  _printf_hex_int.o ABSOLUTE
    ../clib/printf.c                         0x00000000   Number         0  _printf_hex_int_ll.o ABSOLUTE
    ../clib/printf.c                         0x00000000   Number         0  _printf_hex_ptr.o ABSOLUTE
    ../clib/printf.c                         0x00000000   Number         0  _printf_hex_int_ptr.o ABSOLUTE
    ../clib/printf.c                         0x00000000   Number         0  _printf_hex_ll_ptr.o ABSOLUTE
    ../clib/printf.c                         0x00000000   Number         0  _printf_hex_int_ll_ptr.o ABSOLUTE
    ../clib/printf.c                         0x00000000   Number         0  _printf_fp_dec.o ABSOLUTE
    ../clib/printf.c                         0x00000000   Number         0  _printf_fp_dec_accurate.o ABSOLUTE
    ../clib/printf.c                         0x00000000   Number         0  _printf_fp_hex.o ABSOLUTE
    ../clib/printf.c                         0x00000000   Number         0  _printf_char_common.o ABSOLUTE
    ../clib/printf.c                         0x00000000   Number         0  _printf_wchar.o ABSOLUTE
    ../clib/printf.c                         0x00000000   Number         0  _printf_fp_infnan.o ABSOLUTE
    ../clib/printf.c                         0x00000000   Number         0  __printf_nopercent.o ABSOLUTE
    ../clib/printf_percent.s                 0x00000000   Number         0  _printf_s.o ABSOLUTE
    ../clib/printf_percent.s                 0x00000000   Number         0  _printf_u.o ABSOLUTE
    ../clib/printf_percent.s                 0x00000000   Number         0  _printf_percent.o ABSOLUTE
    ../clib/printf_percent.s                 0x00000000   Number         0  _printf_c.o ABSOLUTE
    ../clib/printf_percent.s                 0x00000000   Number         0  _printf_n.o ABSOLUTE
    ../clib/printf_percent.s                 0x00000000   Number         0  _printf_x.o ABSOLUTE
    ../clib/printf_percent.s                 0x00000000   Number         0  _printf_p.o ABSOLUTE
    ../clib/printf_percent.s                 0x00000000   Number         0  _printf_o.o ABSOLUTE
    ../clib/printf_percent.s                 0x00000000   Number         0  _printf_i.o ABSOLUTE
    ../clib/printf_percent.s                 0x00000000   Number         0  _printf_d.o ABSOLUTE
    ../clib/printf_percent.s                 0x00000000   Number         0  _printf_f.o ABSOLUTE
    ../clib/printf_percent.s                 0x00000000   Number         0  _printf_e.o ABSOLUTE
    ../clib/printf_percent.s                 0x00000000   Number         0  _printf_g.o ABSOLUTE
    ../clib/printf_percent.s                 0x00000000   Number         0  _printf_a.o ABSOLUTE
    ../clib/printf_percent.s                 0x00000000   Number         0  _printf_percent_end.o ABSOLUTE
    ../clib/printf_percent.s                 0x00000000   Number         0  _printf_lli.o ABSOLUTE
    ../clib/printf_percent.s                 0x00000000   Number         0  _printf_lld.o ABSOLUTE
    ../clib/printf_percent.s                 0x00000000   Number         0  _printf_llu.o ABSOLUTE
    ../clib/printf_percent.s                 0x00000000   Number         0  _printf_ll.o ABSOLUTE
    ../clib/printf_percent.s                 0x00000000   Number         0  _printf_l.o ABSOLUTE
    ../clib/printf_percent.s                 0x00000000   Number         0  _printf_lc.o ABSOLUTE
    ../clib/printf_percent.s                 0x00000000   Number         0  _printf_ls.o ABSOLUTE
    ../clib/printf_percent.s                 0x00000000   Number         0  _printf_llo.o ABSOLUTE
    ../clib/printf_percent.s                 0x00000000   Number         0  _printf_llx.o ABSOLUTE
    ../clib/signal.c                         0x00000000   Number         0  defsig_rtmem_outer.o ABSOLUTE
    ../clib/signal.c                         0x00000000   Number         0  defsig_rtmem_formal.o ABSOLUTE
    ../clib/signal.c                         0x00000000   Number         0  defsig_exit.o ABSOLUTE
    ../clib/signal.c                         0x00000000   Number         0  defsig_rtmem_inner.o ABSOLUTE
    ../clib/signal.c                         0x00000000   Number         0  __raise.o ABSOLUTE
    ../clib/signal.c                         0x00000000   Number         0  defsig_general.o ABSOLUTE
    ../clib/signal.c                         0x00000000   Number         0  defsig_abrt_inner.o ABSOLUTE
    ../clib/signal.c                         0x00000000   Number         0  defsig_fpe_inner.o ABSOLUTE
    ../clib/signal.c                         0x00000000   Number         0  defsig_rtred_inner.o ABSOLUTE
    ../clib/signal.c                         0x00000000   Number         0  defsig_stak_inner.o ABSOLUTE
    ../clib/signal.c                         0x00000000   Number         0  defsig_pvfn_inner.o ABSOLUTE
    ../clib/signal.c                         0x00000000   Number         0  defsig_cppl_inner.o ABSOLUTE
    ../clib/signal.c                         0x00000000   Number         0  defsig_segv_inner.o ABSOLUTE
    ../clib/signal.c                         0x00000000   Number         0  defsig_other.o ABSOLUTE
    ../clib/signal.s                         0x00000000   Number         0  defsig.o ABSOLUTE
    ../clib/stdlib.c                         0x00000000   Number         0  exit.o ABSOLUTE
    ../fplib/fpinit.s                        0x00000000   Number         0  fpinit.o ABSOLUTE
    ../fplib/istatus.s                       0x00000000   Number         0  istatus.o ABSOLUTE
    ../fplib/printf1.s                       0x00000000   Number         0  printf1.o ABSOLUTE
    ../fplib/printf2.s                       0x00000000   Number         0  printf2.o ABSOLUTE
    ../fplib/printf2a.s                      0x00000000   Number         0  printf2a.o ABSOLUTE
    ../fplib/printf2b.s                      0x00000000   Number         0  printf2b.o ABSOLUTE
    ../fplib/usenofp.s                       0x00000000   Number         0  usenofp.o ABSOLUTE
    ../mathlib/fpclassify.c                  0x00000000   Number         0  fpclassify.o ABSOLUTE
    RTE/Device/LPC4088FET208/startup_LPC407x_8x_177x_8x.s 0x00000000   Number         0  startup_lpc407x_8x_177x_8x.o ABSOLUTE
    dc.s                                     0x00000000   Number         0  dc.o ABSOLUTE
    error.c                                  0x00000000   Number         0  error.o ABSOLUTE
    fuente_12x24.c                           0x00000000   Number         0  fuente_12x24.o ABSOLUTE
    fuente_16x32.c                           0x00000000   Number         0  fuente_16x32.o ABSOLUTE
    fuente_8x16.c                            0x00000000   Number         0  fuente_8x16.o ABSOLUTE
    glcd.c                                   0x00000000   Number         0  glcd.o ABSOLUTE
    i2c_lpc40xx.c                            0x00000000   Number         0  i2c_lpc40xx.o ABSOLUTE
    iocon_lpc40xx.c                          0x00000000   Number         0  iocon_lpc40xx.o ABSOLUTE
    main.c                                   0x00000000   Number         0  main.o ABSOLUTE
    nunchuk.c                                0x00000000   Number         0  nunchuk.o ABSOLUTE
    sdram.c                                  0x00000000   Number         0  sdram.o ABSOLUTE
    sprites.c                                0x00000000   Number         0  sprites.o ABSOLUTE
    system_LPC407x_8x_177x_8x.c              0x00000000   Number         0  system_lpc407x_8x_177x_8x.o ABSOLUTE
    timer_lpc40xx.c                          0x00000000   Number         0  timer_lpc40xx.o ABSOLUTE
    RESET                                    0x00000000   Section      228  startup_lpc407x_8x_177x_8x.o(RESET)
    !!!main                                  0x000000e4   Section        8  __main.o(!!!main)
    !!!scatter                               0x000000ec   Section       92  __scatter.o(!!!scatter)
    !!handler_copy                           0x00000148   Section       26  __scatter_copy.o(!!handler_copy)
    !!handler_null                           0x00000164   Section        2  __scatter.o(!!handler_null)
    !!handler_zi                             0x00000168   Section       28  __scatter_zi.o(!!handler_zi)
    .ARM.Collect$$_printf_percent$$00000000  0x00000184   Section        0  _printf_percent.o(.ARM.Collect$$_printf_percent$$00000000)
    .ARM.Collect$$_printf_percent$$0000000A  0x00000184   Section        6  _printf_u.o(.ARM.Collect$$_printf_percent$$0000000A)
    .ARM.Collect$$_printf_percent$$00000014  0x0000018a   Section        6  _printf_s.o(.ARM.Collect$$_printf_percent$$00000014)
    .ARM.Collect$$_printf_percent$$00000017  0x00000190   Section        4  _printf_percent_end.o(.ARM.Collect$$_printf_percent$$00000017)
    .ARM.Collect$$libinit$$00000000          0x00000194   Section        2  libinit.o(.ARM.Collect$$libinit$$00000000)
    .ARM.Collect$$libinit$$00000001          0x00000196   Section        4  libinit2.o(.ARM.Collect$$libinit$$00000001)
    .ARM.Collect$$libinit$$00000004          0x0000019a   Section        0  libinit2.o(.ARM.Collect$$libinit$$00000004)
    .ARM.Collect$$libinit$$00000006          0x0000019a   Section        0  libinit2.o(.ARM.Collect$$libinit$$00000006)
    .ARM.Collect$$libinit$$0000000C          0x0000019a   Section        0  libinit2.o(.ARM.Collect$$libinit$$0000000C)
    .ARM.Collect$$libinit$$0000000E          0x0000019a   Section        0  libinit2.o(.ARM.Collect$$libinit$$0000000E)
    .ARM.Collect$$libinit$$00000010          0x0000019a   Section        0  libinit2.o(.ARM.Collect$$libinit$$00000010)
    .ARM.Collect$$libinit$$00000013          0x0000019a   Section        0  libinit2.o(.ARM.Collect$$libinit$$00000013)
    .ARM.Collect$$libinit$$00000015          0x0000019a   Section        0  libinit2.o(.ARM.Collect$$libinit$$00000015)
    .ARM.Collect$$libinit$$00000017          0x0000019a   Section        0  libinit2.o(.ARM.Collect$$libinit$$00000017)
    .ARM.Collect$$libinit$$00000019          0x0000019a   Section        0  libinit2.o(.ARM.Collect$$libinit$$00000019)
    .ARM.Collect$$libinit$$0000001B          0x0000019a   Section        0  libinit2.o(.ARM.Collect$$libinit$$0000001B)
    .ARM.Collect$$libinit$$0000001D          0x0000019a   Section        0  libinit2.o(.ARM.Collect$$libinit$$0000001D)
    .ARM.Collect$$libinit$$0000001F          0x0000019a   Section        0  libinit2.o(.ARM.Collect$$libinit$$0000001F)
    .ARM.Collect$$libinit$$00000021          0x0000019a   Section        0  libinit2.o(.ARM.Collect$$libinit$$00000021)
    .ARM.Collect$$libinit$$00000023          0x0000019a   Section        0  libinit2.o(.ARM.Collect$$libinit$$00000023)
    .ARM.Collect$$libinit$$00000025          0x0000019a   Section        0  libinit2.o(.ARM.Collect$$libinit$$00000025)
    .ARM.Collect$$libinit$$00000027          0x0000019a   Section        0  libinit2.o(.ARM.Collect$$libinit$$00000027)
    .ARM.Collect$$libinit$$0000002E          0x0000019a   Section        0  libinit2.o(.ARM.Collect$$libinit$$0000002E)
    .ARM.Collect$$libinit$$00000030          0x0000019a   Section        0  libinit2.o(.ARM.Collect$$libinit$$00000030)
    .ARM.Collect$$libinit$$00000032          0x0000019a   Section        0  libinit2.o(.ARM.Collect$$libinit$$00000032)
    .ARM.Collect$$libinit$$00000034          0x0000019a   Section        0  libinit2.o(.ARM.Collect$$libinit$$00000034)
    .ARM.Collect$$libinit$$00000035          0x0000019a   Section        2  libinit2.o(.ARM.Collect$$libinit$$00000035)
    .ARM.Collect$$libshutdown$$00000000      0x0000019c   Section        2  libshutdown.o(.ARM.Collect$$libshutdown$$00000000)
    .ARM.Collect$$libshutdown$$00000002      0x0000019e   Section        0  libshutdown2.o(.ARM.Collect$$libshutdown$$00000002)
    .ARM.Collect$$libshutdown$$00000004      0x0000019e   Section        0  libshutdown2.o(.ARM.Collect$$libshutdown$$00000004)
    .ARM.Collect$$libshutdown$$00000007      0x0000019e   Section        0  libshutdown2.o(.ARM.Collect$$libshutdown$$00000007)
    .ARM.Collect$$libshutdown$$0000000A      0x0000019e   Section        0  libshutdown2.o(.ARM.Collect$$libshutdown$$0000000A)
    .ARM.Collect$$libshutdown$$0000000C      0x0000019e   Section        0  libshutdown2.o(.ARM.Collect$$libshutdown$$0000000C)
    .ARM.Collect$$libshutdown$$0000000F      0x0000019e   Section        0  libshutdown2.o(.ARM.Collect$$libshutdown$$0000000F)
    .ARM.Collect$$libshutdown$$00000010      0x0000019e   Section        2  libshutdown2.o(.ARM.Collect$$libshutdown$$00000010)
    .ARM.Collect$$rtentry$$00000000          0x000001a0   Section        0  __rtentry.o(.ARM.Collect$$rtentry$$00000000)
    .ARM.Collect$$rtentry$$00000002          0x000001a0   Section        0  __rtentry2.o(.ARM.Collect$$rtentry$$00000002)
    .ARM.Collect$$rtentry$$00000004          0x000001a0   Section        6  __rtentry4.o(.ARM.Collect$$rtentry$$00000004)
    .ARM.Collect$$rtentry$$00000009          0x000001a6   Section        0  __rtentry2.o(.ARM.Collect$$rtentry$$00000009)
    .ARM.Collect$$rtentry$$0000000A          0x000001a6   Section        4  __rtentry2.o(.ARM.Collect$$rtentry$$0000000A)
    .ARM.Collect$$rtentry$$0000000C          0x000001aa   Section        0  __rtentry2.o(.ARM.Collect$$rtentry$$0000000C)
    .ARM.Collect$$rtentry$$0000000D          0x000001aa   Section        8  __rtentry2.o(.ARM.Collect$$rtentry$$0000000D)
    .ARM.Collect$$rtexit$$00000000           0x000001b2   Section        2  rtexit.o(.ARM.Collect$$rtexit$$00000000)
    .ARM.Collect$$rtexit$$00000002           0x000001b4   Section        0  rtexit2.o(.ARM.Collect$$rtexit$$00000002)
    .ARM.Collect$$rtexit$$00000003           0x000001b4   Section        4  rtexit2.o(.ARM.Collect$$rtexit$$00000003)
    .ARM.Collect$$rtexit$$00000004           0x000001b8   Section        6  rtexit2.o(.ARM.Collect$$rtexit$$00000004)
    $v0                                      0x000001c0   Number         0  startup_lpc407x_8x_177x_8x.o(.text)
    .text                                    0x000001c0   Section       60  startup_lpc407x_8x_177x_8x.o(.text)
    .text                                    0x000001fc   Section        2  use_no_semi_2.o(.text)
    .text                                    0x00000200   Section        0  __2printf.o(.text)
    .text                                    0x00000218   Section        0  _printf_str.o(.text)
    .text                                    0x0000026c   Section        0  _printf_dec.o(.text)
    .text                                    0x000002e4   Section        0  heapauxi.o(.text)
    .text                                    0x000002ea   Section        2  use_no_semi.o(.text)
    .text                                    0x000002ec   Section        8  libspace.o(.text)
    .ARM.__at_0x02FC                         0x000002fc   Section        4  startup_lpc407x_8x_177x_8x.o(.ARM.__at_0x02FC)
    .text                                    0x00000300   Section        0  __printf_flags_ss_wp.o(.text)
    .text                                    0x00000488   Section      122  rt_memmove_w.o(.text)
    .text                                    0x00000502   Section        0  _printf_intcommon.o(.text)
    .text                                    0x000005b4   Section        0  _printf_char.o(.text)
    .text                                    0x000005e0   Section        0  _printf_char_file.o(.text)
    .text                                    0x00000604   Section      100  rt_memcpy_w.o(.text)
    _printf_input_char                       0x00000669   Thumb Code    10  _printf_char_common.o(.text)
    .text                                    0x00000668   Section        0  _printf_char_common.o(.text)
    .text                                    0x00000698   Section       74  sys_stackheap_outer.o(.text)
    .text                                    0x000006e2   Section        0  exit.o(.text)
    [Anonymous Symbol]                       0x000006f4   Section        0  error.o(.text.HardFault_Handler)
    [Anonymous Symbol]                       0x00000728   Section        0  system_lpc407x_8x_177x_8x.o(.text.SystemCoreClockUpdate)
    [Anonymous Symbol]                       0x00000c58   Section        0  system_lpc407x_8x_177x_8x.o(.text.SystemInit)
    [Anonymous Symbol]                       0x00000d98   Section        0  system_lpc407x_8x_177x_8x.o(.text.SystemInit_ExtMemCtl)
    _DelayMs                                 0x000011b5   Thumb Code    64  system_lpc407x_8x_177x_8x.o(.text._DelayMs)
    [Anonymous Symbol]                       0x000011b4   Section        0  system_lpc407x_8x_177x_8x.o(.text._DelayMs)
    [Anonymous Symbol]                       0x000011f4   Section        0  glcd.o(.text._sys_exit)
    [Anonymous Symbol]                       0x00001210   Section        0  sdram.o(.text.adjust_timing)
    dibujar_pixel                            0x00001289   Thumb Code    52  sprites.o(.text.dibujar_pixel)
    [Anonymous Symbol]                       0x00001288   Section        0  sprites.o(.text.dibujar_pixel)
    [Anonymous Symbol]                       0x000012bc   Section        0  sprites.o(.text.dibujar_sprite)
    [Anonymous Symbol]                       0x0000133c   Section        0  glcd.o(.text.ferror)
    [Anonymous Symbol]                       0x0000134c   Section        0  system_lpc407x_8x_177x_8x.o(.text.fpu_init)
    [Anonymous Symbol]                       0x000013d0   Section        0  glcd.o(.text.fputc)
    [Anonymous Symbol]                       0x00001574   Section        0  glcd.o(.text.glcd_borrar)
    [Anonymous Symbol]                       0x0000158c   Section        0  glcd.o(.text.glcd_caracter)
    [Anonymous Symbol]                       0x0000167c   Section        0  glcd.o(.text.glcd_color_texto)
    [Anonymous Symbol]                       0x00001688   Section        0  glcd.o(.text.glcd_fondo_texto)
    glcd_i2c0_transmitir_buffer              0x00001695   Thumb Code   116  glcd.o(.text.glcd_i2c0_transmitir_buffer)
    [Anonymous Symbol]                       0x00001694   Section        0  glcd.o(.text.glcd_i2c0_transmitir_buffer)
    [Anonymous Symbol]                       0x00001708   Section        0  glcd.o(.text.glcd_inicializar)
    [Anonymous Symbol]                       0x000019e4   Section        0  glcd.o(.text.glcd_rectangulo_relleno)
    [Anonymous Symbol]                       0x00001a68   Section        0  glcd.o(.text.glcd_seleccionar_fuente)
    [Anonymous Symbol]                       0x00001ab0   Section        0  glcd.o(.text.glcd_xy_texto)
    [Anonymous Symbol]                       0x00001ad4   Section        0  i2c_lpc40xx.o(.text.i2c_inicializar)
    [Anonymous Symbol]                       0x00001c14   Section        0  i2c_lpc40xx.o(.text.i2c_recibir_byte)
    [Anonymous Symbol]                       0x00001c88   Section        0  i2c_lpc40xx.o(.text.i2c_start)
    [Anonymous Symbol]                       0x00001cdc   Section        0  i2c_lpc40xx.o(.text.i2c_stop)
    [Anonymous Symbol]                       0x00001d38   Section        0  i2c_lpc40xx.o(.text.i2c_transmitir_byte)
    [Anonymous Symbol]                       0x00001db4   Section        0  iocon_lpc40xx.o(.text.iocon_configurar_pin)
    [Anonymous Symbol]                       0x00001f3c   Section        0  main.o(.text.main)
    [Anonymous Symbol]                       0x0000203c   Section        0  nunchuk.o(.text.nunchuk_inicializar)
    [Anonymous Symbol]                       0x00002150   Section        0  nunchuk.o(.text.nunchuk_leer)
    [Anonymous Symbol]                       0x00002220   Section        0  error.o(.text.parar_con_error)
    [Anonymous Symbol]                       0x000022e0   Section        0  sdram.o(.text.sdram_inicializar)
    sdram_test                               0x00002821   Thumb Code   108  sdram.o(.text.sdram_test)
    [Anonymous Symbol]                       0x00002820   Section        0  sdram.o(.text.sdram_test)
    [Anonymous Symbol]                       0x0000288c   Section        0  timer_lpc40xx.o(.text.timer_inicializar)
    [Anonymous Symbol]                       0x00002930   Section        0  timer_lpc40xx.o(.text.timer_retardo_ms)
    [Anonymous Symbol]                       0x000029e0   Section        0  timer_lpc40xx.o(.text.timer_retardo_us)
    i._is_digit                              0x00002a90   Section        0  __printf_wp.o(i._is_digit)
    $v0                                      0x00002a9e   Number         0  fpinit.o(x$fpl$fpinit)
    x$fpl$fpinit                             0x00002a9e   Section       26  fpinit.o(x$fpl$fpinit)
    maptable                                 0x00002ab8   Data          17  __printf_flags_ss_wp.o(.constdata)
    .constdata                               0x00002ab8   Section       17  __printf_flags_ss_wp.o(.constdata)
    [Anonymous Symbol]                       0x00009b08   Section        0  timer_lpc40xx.o(.rodata.str1.1)
    .L.str                                   0x00009b22   Data          16  timer_lpc40xx.o(.rodata.str1.1)
    .L__FUNCTION__.timer_iniciar_ciclos_ms   0x00009b2e   Data          24  timer_lpc40xx.o(.rodata.str1.1)
    .L.str.2                                 0x00009b46   Data          26  timer_lpc40xx.o(.rodata.str1.1)
    .L.str.1                                 0x00009b4a   Data          22  timer_lpc40xx.o(.rodata.str1.1)
    .L__FUNCTION__.timer_iniciar_ciclos_us   0x00009b60   Data          24  timer_lpc40xx.o(.rodata.str1.1)
    .L__FUNCTION__.timer_esperar_fin_ciclo   0x00009b78   Data          24  timer_lpc40xx.o(.rodata.str1.1)
    .L.str.1                                 0x00009b90   Data          19  glcd.o(.rodata.str1.1)
    [Anonymous Symbol]                       0x00009b90   Section        0  glcd.o(.rodata.str1.1)
    .L.str                                   0x00009ba3   Data           7  glcd.o(.rodata.str1.1)
    .L__FUNCTION__.glcd_texto                0x00009baa   Data          11  glcd.o(.rodata.str1.1)
    .L.str.1                                 0x00009bb5   Data          35  i2c_lpc40xx.o(.rodata.str1.1)
    [Anonymous Symbol]                       0x00009bb5   Section        0  i2c_lpc40xx.o(.rodata.str1.1)
    .L.str                                   0x00009bd8   Data          14  i2c_lpc40xx.o(.rodata.str1.1)
    .L__FUNCTION__.i2c_inicializar           0x00009be6   Data          16  i2c_lpc40xx.o(.rodata.str1.1)
    .L.str.5                                 0x00009bf6   Data          37  iocon_lpc40xx.o(.rodata.str1.1)
    [Anonymous Symbol]                       0x00009bf6   Section        0  iocon_lpc40xx.o(.rodata.str1.1)
    .L.str.3                                 0x00009c1b   Data          57  iocon_lpc40xx.o(.rodata.str1.1)
    .L.str                                   0x00009c54   Data          16  iocon_lpc40xx.o(.rodata.str1.1)
    .L__FUNCTION__.iocon_configurar_pin      0x00009c64   Data          21  iocon_lpc40xx.o(.rodata.str1.1)
    tabla_fuentes                            0x00009c7c   Data          12  glcd.o(.rodata.tabla_fuentes)
    [Anonymous Symbol]                       0x00009c7c   Section        0  glcd.o(.rodata.tabla_fuentes)
    tabla_funciones_pines                    0x00009c88   Data        3072  iocon_lpc40xx.o(.rodata.tabla_funciones_pines)
    [Anonymous Symbol]                       0x00009c88   Section        0  iocon_lpc40xx.o(.rodata.tabla_funciones_pines)
    color_texto_actual                       0x10000010   Data           2  glcd.o(.data.color_texto_actual)
    [Anonymous Symbol]                       0x10000010   Section        0  glcd.o(.data.color_texto_actual)
    desplazamiento_activado                  0x10000012   Data           1  glcd.o(.data.desplazamiento_activado)
    [Anonymous Symbol]                       0x10000012   Section        0  glcd.o(.data.desplazamiento_activado)
    fuente_actual                            0x10000014   Data           4  glcd.o(.data.fuente_actual)
    [Anonymous Symbol]                       0x10000014   Section        0  glcd.o(.data.fuente_actual)
    .bss                                     0x10000018   Section       96  libspace.o(.bss)
    color_fondo_texto_actual                 0x1000007c   Data           2  glcd.o(.bss.color_fondo_texto_actual)
    [Anonymous Symbol]                       0x1000007c   Section        0  glcd.o(.bss.color_fondo_texto_actual)
    ringosccount                             0x10000080   Data           8  sdram.o(.bss.ringosccount)
    [Anonymous Symbol]                       0x10000080   Section        0  sdram.o(.bss.ringosccount)
    x_texto_actual                           0x10000088   Data           4  glcd.o(.bss.x_texto_actual)
    [Anonymous Symbol]                       0x10000088   Section        0  glcd.o(.bss.x_texto_actual)
    y_texto_actual                           0x1000008c   Data           4  glcd.o(.bss.y_texto_actual)
    [Anonymous Symbol]                       0x1000008c   Section        0  glcd.o(.bss.y_texto_actual)
    Heap_Mem                                 0x10000090   Data           0  startup_lpc407x_8x_177x_8x.o(HEAP)
    Stack_Mem                                0x10000090   Data        1024  startup_lpc407x_8x_177x_8x.o(STACK)
    HEAP                                     0x10000090   Section        0  startup_lpc407x_8x_177x_8x.o(HEAP)
    STACK                                    0x10000090   Section     1024  startup_lpc407x_8x_177x_8x.o(STACK)
    __initial_sp                             0x10000490   Data           0  startup_lpc407x_8x_177x_8x.o(STACK)

    Global Symbols

    Symbol Name                              Value     Ov Type        Size  Object(Section)

    BuildAttributes$$THM_ISAv4$E$P$D$K$B$S$7EM$VFPi3$EXTD16$VFPS$VFMA$PE$A:L22UL41UL21$X:L11$S22US41US21$IEEE1$IW$~IW$USESV6$~STKCKD$USESV7$~SHL$OTIME$ROPI$IEEEJ$EBA8$UX$STANDARDLIB$REQ8$PRES8$EABIv2 0x00000000   Number         0  anon$$obj.o ABSOLUTE
    __Vectors                                0x00000000   Data           4  startup_lpc407x_8x_177x_8x.o(RESET)
    _printf_flags                            0x00000000   Number         0  printf_stubs.o ABSOLUTE
    _printf_return_value                     0x00000000   Number         0  printf_stubs.o ABSOLUTE
    _printf_sizespec                         0x00000000   Number         0  printf_stubs.o ABSOLUTE
    _printf_widthprec                        0x00000000   Number         0  printf_stubs.o ABSOLUTE
    __ARM_exceptions_init                     - Undefined Weak Reference
    __alloca_initialize                       - Undefined Weak Reference
    __arm_preinit_                            - Undefined Weak Reference
    __arm_relocate_pie_                       - Undefined Weak Reference
    __cpp_initialize__aeabi_                  - Undefined Weak Reference
    __cxa_finalize                            - Undefined Weak Reference
    __sigvec_lookup                           - Undefined Weak Reference
    _atexit_init                              - Undefined Weak Reference
    _call_atexit_fns                          - Undefined Weak Reference
    _clock_init                               - Undefined Weak Reference
    _fp_trap_init                             - Undefined Weak Reference
    _fp_trap_shutdown                         - Undefined Weak Reference
    _get_lc_collate                           - Undefined Weak Reference
    _get_lc_monetary                          - Undefined Weak Reference
    _get_lc_time                              - Undefined Weak Reference
    _getenv_init                              - Undefined Weak Reference
    _handle_redirection                       - Undefined Weak Reference
    _init_alloc                               - Undefined Weak Reference
    _init_user_alloc                          - Undefined Weak Reference
    _initio                                   - Undefined Weak Reference
    _printf_mbtowc                            - Undefined Weak Reference
    _printf_wc                                - Undefined Weak Reference
    _rand_init                                - Undefined Weak Reference
    _signal_finish                            - Undefined Weak Reference
    _signal_init                              - Undefined Weak Reference
    _terminate_alloc                          - Undefined Weak Reference
    _terminate_user_alloc                     - Undefined Weak Reference
    _terminateio                              - Undefined Weak Reference
    __main                                   0x000000e5   Thumb Code     8  __main.o(!!!main)
    __scatterload                            0x000000ed   Thumb Code     0  __scatter.o(!!!scatter)
    __scatterload_rt2                        0x000000ed   Thumb Code    84  __scatter.o(!!!scatter)
    __scatterload_rt2_thumb_only             0x000000ed   Thumb Code     0  __scatter.o(!!!scatter)
    __scatterload_loop                       0x000000f7   Thumb Code     0  __scatter.o(!!!scatter)
    __scatterload_copy                       0x00000149   Thumb Code    26  __scatter_copy.o(!!handler_copy)
    __scatterload_null                       0x00000165   Thumb Code     2  __scatter.o(!!handler_null)
    __scatterload_zeroinit                   0x00000169   Thumb Code    28  __scatter_zi.o(!!handler_zi)
    _printf_percent                          0x00000185   Thumb Code     0  _printf_percent.o(.ARM.Collect$$_printf_percent$$00000000)
    _printf_u                                0x00000185   Thumb Code     0  _printf_u.o(.ARM.Collect$$_printf_percent$$0000000A)
    _printf_s                                0x0000018b   Thumb Code     0  _printf_s.o(.ARM.Collect$$_printf_percent$$00000014)
    _printf_percent_end                      0x00000191   Thumb Code     0  _printf_percent_end.o(.ARM.Collect$$_printf_percent$$00000017)
    __rt_lib_init                            0x00000195   Thumb Code     0  libinit.o(.ARM.Collect$$libinit$$00000000)
    __rt_lib_init_fp_1                       0x00000197   Thumb Code     0  libinit2.o(.ARM.Collect$$libinit$$00000001)
    __rt_lib_init_alloca_1                   0x0000019b   Thumb Code     0  libinit2.o(.ARM.Collect$$libinit$$00000030)
    __rt_lib_init_argv_1                     0x0000019b   Thumb Code     0  libinit2.o(.ARM.Collect$$libinit$$0000002E)
    __rt_lib_init_atexit_1                   0x0000019b   Thumb Code     0  libinit2.o(.ARM.Collect$$libinit$$0000001D)
    __rt_lib_init_clock_1                    0x0000019b   Thumb Code     0  libinit2.o(.ARM.Collect$$libinit$$00000023)
    __rt_lib_init_cpp_1                      0x0000019b   Thumb Code     0  libinit2.o(.ARM.Collect$$libinit$$00000034)
    __rt_lib_init_exceptions_1               0x0000019b   Thumb Code     0  libinit2.o(.ARM.Collect$$libinit$$00000032)
    __rt_lib_init_fp_trap_1                  0x0000019b   Thumb Code     0  libinit2.o(.ARM.Collect$$libinit$$00000021)
    __rt_lib_init_getenv_1                   0x0000019b   Thumb Code     0  libinit2.o(.ARM.Collect$$libinit$$00000025)
    __rt_lib_init_heap_1                     0x0000019b   Thumb Code     0  libinit2.o(.ARM.Collect$$libinit$$0000000C)
    __rt_lib_init_lc_collate_1               0x0000019b   Thumb Code     0  libinit2.o(.ARM.Collect$$libinit$$00000013)
    __rt_lib_init_lc_ctype_1                 0x0000019b   Thumb Code     0  libinit2.o(.ARM.Collect$$libinit$$00000015)
    __rt_lib_init_lc_monetary_1              0x0000019b   Thumb Code     0  libinit2.o(.ARM.Collect$$libinit$$00000017)
    __rt_lib_init_lc_numeric_1               0x0000019b   Thumb Code     0  libinit2.o(.ARM.Collect$$libinit$$00000019)
    __rt_lib_init_lc_time_1                  0x0000019b   Thumb Code     0  libinit2.o(.ARM.Collect$$libinit$$0000001B)
    __rt_lib_init_preinit_1                  0x0000019b   Thumb Code     0  libinit2.o(.ARM.Collect$$libinit$$00000006)
    __rt_lib_init_rand_1                     0x0000019b   Thumb Code     0  libinit2.o(.ARM.Collect$$libinit$$00000010)
    __rt_lib_init_relocate_pie_1             0x0000019b   Thumb Code     0  libinit2.o(.ARM.Collect$$libinit$$00000004)
    __rt_lib_init_return                     0x0000019b   Thumb Code     0  libinit2.o(.ARM.Collect$$libinit$$00000035)
    __rt_lib_init_signal_1                   0x0000019b   Thumb Code     0  libinit2.o(.ARM.Collect$$libinit$$0000001F)
    __rt_lib_init_stdio_1                    0x0000019b   Thumb Code     0  libinit2.o(.ARM.Collect$$libinit$$00000027)
    __rt_lib_init_user_alloc_1               0x0000019b   Thumb Code     0  libinit2.o(.ARM.Collect$$libinit$$0000000E)
    __rt_lib_shutdown                        0x0000019d   Thumb Code     0  libshutdown.o(.ARM.Collect$$libshutdown$$00000000)
    __rt_lib_shutdown_cpp_1                  0x0000019f   Thumb Code     0  libshutdown2.o(.ARM.Collect$$libshutdown$$00000002)
    __rt_lib_shutdown_fp_trap_1              0x0000019f   Thumb Code     0  libshutdown2.o(.ARM.Collect$$libshutdown$$00000007)
    __rt_lib_shutdown_heap_1                 0x0000019f   Thumb Code     0  libshutdown2.o(.ARM.Collect$$libshutdown$$0000000F)
    __rt_lib_shutdown_return                 0x0000019f   Thumb Code     0  libshutdown2.o(.ARM.Collect$$libshutdown$$00000010)
    __rt_lib_shutdown_signal_1               0x0000019f   Thumb Code     0  libshutdown2.o(.ARM.Collect$$libshutdown$$0000000A)
    __rt_lib_shutdown_stdio_1                0x0000019f   Thumb Code     0  libshutdown2.o(.ARM.Collect$$libshutdown$$00000004)
    __rt_lib_shutdown_user_alloc_1           0x0000019f   Thumb Code     0  libshutdown2.o(.ARM.Collect$$libshutdown$$0000000C)
    __rt_entry                               0x000001a1   Thumb Code     0  __rtentry.o(.ARM.Collect$$rtentry$$00000000)
    __rt_entry_presh_1                       0x000001a1   Thumb Code     0  __rtentry2.o(.ARM.Collect$$rtentry$$00000002)
    __rt_entry_sh                            0x000001a1   Thumb Code     0  __rtentry4.o(.ARM.Collect$$rtentry$$00000004)
    __rt_entry_li                            0x000001a7   Thumb Code     0  __rtentry2.o(.ARM.Collect$$rtentry$$0000000A)
    __rt_entry_postsh_1                      0x000001a7   Thumb Code     0  __rtentry2.o(.ARM.Collect$$rtentry$$00000009)
    __rt_entry_main                          0x000001ab   Thumb Code     0  __rtentry2.o(.ARM.Collect$$rtentry$$0000000D)
    __rt_entry_postli_1                      0x000001ab   Thumb Code     0  __rtentry2.o(.ARM.Collect$$rtentry$$0000000C)
    __rt_exit                                0x000001b3   Thumb Code     0  rtexit.o(.ARM.Collect$$rtexit$$00000000)
    __rt_exit_ls                             0x000001b5   Thumb Code     0  rtexit2.o(.ARM.Collect$$rtexit$$00000003)
    __rt_exit_prels_1                        0x000001b5   Thumb Code     0  rtexit2.o(.ARM.Collect$$rtexit$$00000002)
    __rt_exit_exit                           0x000001b9   Thumb Code     0  rtexit2.o(.ARM.Collect$$rtexit$$00000004)
    Reset_Handler                            0x000001c1   Thumb Code     8  startup_lpc407x_8x_177x_8x.o(.text)
    NMI_Handler                              0x000001c9   Thumb Code     2  startup_lpc407x_8x_177x_8x.o(.text)
    MemManage_Handler                        0x000001cd   Thumb Code     2  startup_lpc407x_8x_177x_8x.o(.text)
    BusFault_Handler                         0x000001cf   Thumb Code     2  startup_lpc407x_8x_177x_8x.o(.text)
    UsageFault_Handler                       0x000001d1   Thumb Code     2  startup_lpc407x_8x_177x_8x.o(.text)
    SVC_Handler                              0x000001d3   Thumb Code     2  startup_lpc407x_8x_177x_8x.o(.text)
    DebugMon_Handler                         0x000001d5   Thumb Code     2  startup_lpc407x_8x_177x_8x.o(.text)
    PendSV_Handler                           0x000001d7   Thumb Code     2  startup_lpc407x_8x_177x_8x.o(.text)
    SysTick_Handler                          0x000001d9   Thumb Code     2  startup_lpc407x_8x_177x_8x.o(.text)
    ADC_IRQHandler                           0x000001db   Thumb Code     0  startup_lpc407x_8x_177x_8x.o(.text)
    BOD_IRQHandler                           0x000001db   Thumb Code     0  startup_lpc407x_8x_177x_8x.o(.text)
    CANActivity_IRQHandler                   0x000001db   Thumb Code     0  startup_lpc407x_8x_177x_8x.o(.text)
    CAN_IRQHandler                           0x000001db   Thumb Code     0  startup_lpc407x_8x_177x_8x.o(.text)
    DMA_IRQHandler                           0x000001db   Thumb Code     0  startup_lpc407x_8x_177x_8x.o(.text)
    EEPROM_IRQHandler                        0x000001db   Thumb Code     0  startup_lpc407x_8x_177x_8x.o(.text)
    EINT0_IRQHandler                         0x000001db   Thumb Code     0  startup_lpc407x_8x_177x_8x.o(.text)
    EINT1_IRQHandler                         0x000001db   Thumb Code     0  startup_lpc407x_8x_177x_8x.o(.text)
    EINT2_IRQHandler                         0x000001db   Thumb Code     0  startup_lpc407x_8x_177x_8x.o(.text)
    EINT3_IRQHandler                         0x000001db   Thumb Code     0  startup_lpc407x_8x_177x_8x.o(.text)
    ENET_IRQHandler                          0x000001db   Thumb Code     0  startup_lpc407x_8x_177x_8x.o(.text)
    GPIO_IRQHandler                          0x000001db   Thumb Code     0  startup_lpc407x_8x_177x_8x.o(.text)
    I2C0_IRQHandler                          0x000001db   Thumb Code     0  startup_lpc407x_8x_177x_8x.o(.text)
    I2C1_IRQHandler                          0x000001db   Thumb Code     0  startup_lpc407x_8x_177x_8x.o(.text)
    I2C2_IRQHandler                          0x000001db   Thumb Code     0  startup_lpc407x_8x_177x_8x.o(.text)
    I2S_IRQHandler                           0x000001db   Thumb Code     0  startup_lpc407x_8x_177x_8x.o(.text)
    LCD_IRQHandler                           0x000001db   Thumb Code     0  startup_lpc407x_8x_177x_8x.o(.text)
    MCI_IRQHandler                           0x000001db   Thumb Code     0  startup_lpc407x_8x_177x_8x.o(.text)
    MCPWM_IRQHandler                         0x000001db   Thumb Code     0  startup_lpc407x_8x_177x_8x.o(.text)
    PLL0_IRQHandler                          0x000001db   Thumb Code     0  startup_lpc407x_8x_177x_8x.o(.text)
    PLL1_IRQHandler                          0x000001db   Thumb Code     0  startup_lpc407x_8x_177x_8x.o(.text)
    PWM0_IRQHandler                          0x000001db   Thumb Code     0  startup_lpc407x_8x_177x_8x.o(.text)
    PWM1_IRQHandler                          0x000001db   Thumb Code     0  startup_lpc407x_8x_177x_8x.o(.text)
    QEI_IRQHandler                           0x000001db   Thumb Code     0  startup_lpc407x_8x_177x_8x.o(.text)
    RTC_IRQHandler                           0x000001db   Thumb Code     0  startup_lpc407x_8x_177x_8x.o(.text)
    SSP0_IRQHandler                          0x000001db   Thumb Code     0  startup_lpc407x_8x_177x_8x.o(.text)
    SSP1_IRQHandler                          0x000001db   Thumb Code     0  startup_lpc407x_8x_177x_8x.o(.text)
    SSP2_IRQHandler                          0x000001db   Thumb Code     0  startup_lpc407x_8x_177x_8x.o(.text)
    TIMER0_IRQHandler                        0x000001db   Thumb Code     0  startup_lpc407x_8x_177x_8x.o(.text)
    TIMER1_IRQHandler                        0x000001db   Thumb Code     0  startup_lpc407x_8x_177x_8x.o(.text)
    TIMER2_IRQHandler                        0x000001db   Thumb Code     0  startup_lpc407x_8x_177x_8x.o(.text)
    TIMER3_IRQHandler                        0x000001db   Thumb Code     0  startup_lpc407x_8x_177x_8x.o(.text)
    UART0_IRQHandler                         0x000001db   Thumb Code     0  startup_lpc407x_8x_177x_8x.o(.text)
    UART1_IRQHandler                         0x000001db   Thumb Code     0  startup_lpc407x_8x_177x_8x.o(.text)
    UART2_IRQHandler                         0x000001db   Thumb Code     0  startup_lpc407x_8x_177x_8x.o(.text)
    UART3_IRQHandler                         0x000001db   Thumb Code     0  startup_lpc407x_8x_177x_8x.o(.text)
    UART4_IRQHandler                         0x000001db   Thumb Code     0  startup_lpc407x_8x_177x_8x.o(.text)
    USBActivity_IRQHandler                   0x000001db   Thumb Code     0  startup_lpc407x_8x_177x_8x.o(.text)
    USB_IRQHandler                           0x000001db   Thumb Code     0  startup_lpc407x_8x_177x_8x.o(.text)
    WDT_IRQHandler                           0x000001db   Thumb Code     0  startup_lpc407x_8x_177x_8x.o(.text)
    __user_initial_stackheap                 0x000001dd   Thumb Code     0  startup_lpc407x_8x_177x_8x.o(.text)
    __use_no_semihosting                     0x000001fd   Thumb Code     2  use_no_semi_2.o(.text)
    __2printf                                0x00000201   Thumb Code    20  __2printf.o(.text)
    _printf_str                              0x00000219   Thumb Code    82  _printf_str.o(.text)
    _printf_int_dec                          0x0000026d   Thumb Code   104  _printf_dec.o(.text)
    __use_two_region_memory                  0x000002e5   Thumb Code     2  heapauxi.o(.text)
    __rt_heap_escrow$2region                 0x000002e7   Thumb Code     2  heapauxi.o(.text)
    __rt_heap_expand$2region                 0x000002e9   Thumb Code     2  heapauxi.o(.text)
    __I$use$semihosting                      0x000002eb   Thumb Code     0  use_no_semi.o(.text)
    __use_no_semihosting_swi                 0x000002eb   Thumb Code     2  use_no_semi.o(.text)
    __user_libspace                          0x000002ed   Thumb Code     8  libspace.o(.text)
    __user_perproc_libspace                  0x000002ed   Thumb Code     0  libspace.o(.text)
    __user_perthread_libspace                0x000002ed   Thumb Code     0  libspace.o(.text)
    __printf                                 0x00000301   Thumb Code   388  __printf_flags_ss_wp.o(.text)
    __aeabi_memmove4                         0x00000489   Thumb Code     0  rt_memmove_w.o(.text)
    __aeabi_memmove8                         0x00000489   Thumb Code     0  rt_memmove_w.o(.text)
    __rt_memmove_w                           0x00000489   Thumb Code   122  rt_memmove_w.o(.text)
    __memmove_aligned                        0x000004af   Thumb Code     0  rt_memmove_w.o(.text)
    __memmove_lastfew_aligned                0x000004e7   Thumb Code     0  rt_memmove_w.o(.text)
    _printf_int_common                       0x00000503   Thumb Code   178  _printf_intcommon.o(.text)
    _printf_cs_common                        0x000005b5   Thumb Code    20  _printf_char.o(.text)
    _printf_char                             0x000005c9   Thumb Code    16  _printf_char.o(.text)
    _printf_string                           0x000005d9   Thumb Code     8  _printf_char.o(.text)
    _printf_char_file                        0x000005e1   Thumb Code    32  _printf_char_file.o(.text)
    __aeabi_memcpy4                          0x00000605   Thumb Code     0  rt_memcpy_w.o(.text)
    __aeabi_memcpy8                          0x00000605   Thumb Code     0  rt_memcpy_w.o(.text)
    __rt_memcpy_w                            0x00000605   Thumb Code   100  rt_memcpy_w.o(.text)
    _memcpy_lastbytes_aligned                0x0000064d   Thumb Code     0  rt_memcpy_w.o(.text)
    _printf_char_common                      0x00000673   Thumb Code    32  _printf_char_common.o(.text)
    __user_setup_stackheap                   0x00000699   Thumb Code    74  sys_stackheap_outer.o(.text)
    exit                                     0x000006e3   Thumb Code    18  exit.o(.text)
    HardFault_Handler                        0x000006f5   Thumb Code    52  error.o(.text.HardFault_Handler)
    SystemCoreClockUpdate                    0x00000729   Thumb Code  1326  system_lpc407x_8x_177x_8x.o(.text.SystemCoreClockUpdate)
    SystemInit                               0x00000c59   Thumb Code   320  system_lpc407x_8x_177x_8x.o(.text.SystemInit)
    SystemInit_ExtMemCtl                     0x00000d99   Thumb Code  1050  system_lpc407x_8x_177x_8x.o(.text.SystemInit_ExtMemCtl)
    _sys_exit                                0x000011f5   Thumb Code    26  glcd.o(.text._sys_exit)
    adjust_timing                            0x00001211   Thumb Code   120  sdram.o(.text.adjust_timing)
    dibujar_sprite                           0x000012bd   Thumb Code   128  sprites.o(.text.dibujar_sprite)
    ferror                                   0x0000133d   Thumb Code    16  glcd.o(.text.ferror)
    fpu_init                                 0x0000134d   Thumb Code   132  system_lpc407x_8x_177x_8x.o(.text.fpu_init)
    fputc                                    0x000013d1   Thumb Code   418  glcd.o(.text.fputc)
    glcd_borrar                              0x00001575   Thumb Code    22  glcd.o(.text.glcd_borrar)
    glcd_caracter                            0x0000158d   Thumb Code   224  glcd.o(.text.glcd_caracter)
    glcd_color_texto                         0x0000167d   Thumb Code    12  glcd.o(.text.glcd_color_texto)
    glcd_fondo_texto                         0x00001689   Thumb Code    12  glcd.o(.text.glcd_fondo_texto)
    glcd_inicializar                         0x00001709   Thumb Code   732  glcd.o(.text.glcd_inicializar)
    glcd_rectangulo_relleno                  0x000019e5   Thumb Code   132  glcd.o(.text.glcd_rectangulo_relleno)
    glcd_seleccionar_fuente                  0x00001a69   Thumb Code    48  glcd.o(.text.glcd_seleccionar_fuente)
    glcd_xy_texto                            0x00001ab1   Thumb Code    36  glcd.o(.text.glcd_xy_texto)
    i2c_inicializar                          0x00001ad5   Thumb Code   268  i2c_lpc40xx.o(.text.i2c_inicializar)
    i2c_recibir_byte                         0x00001c15   Thumb Code    96  i2c_lpc40xx.o(.text.i2c_recibir_byte)
    i2c_start                                0x00001c89   Thumb Code    72  i2c_lpc40xx.o(.text.i2c_start)
    i2c_stop                                 0x00001cdd   Thumb Code    80  i2c_lpc40xx.o(.text.i2c_stop)
    i2c_transmitir_byte                      0x00001d39   Thumb Code   104  i2c_lpc40xx.o(.text.i2c_transmitir_byte)
    iocon_configurar_pin                     0x00001db5   Thumb Code   264  iocon_lpc40xx.o(.text.iocon_configurar_pin)
    main                                     0x00001f3d   Thumb Code   256  main.o(.text.main)
    nunchuk_inicializar                      0x0000203d   Thumb Code   276  nunchuk.o(.text.nunchuk_inicializar)
    nunchuk_leer                             0x00002151   Thumb Code   208  nunchuk.o(.text.nunchuk_leer)
    parar_con_error                          0x00002221   Thumb Code   136  error.o(.text.parar_con_error)
    sdram_inicializar                        0x000022e1   Thumb Code  1342  sdram.o(.text.sdram_inicializar)
    timer_inicializar                        0x0000288d   Thumb Code   144  timer_lpc40xx.o(.text.timer_inicializar)
    timer_retardo_ms                         0x00002931   Thumb Code   156  timer_lpc40xx.o(.text.timer_retardo_ms)
    timer_retardo_us                         0x000029e1   Thumb Code   156  timer_lpc40xx.o(.text.timer_retardo_us)
    _is_digit                                0x00002a91   Thumb Code    14  __printf_wp.o(i._is_digit)
    _fp_init                                 0x00002a9f   Thumb Code    26  fpinit.o(x$fpl$fpinit)
    __fplib_config_fpu_vfp                   0x00002ab7   Thumb Code     0  fpinit.o(x$fpl$fpinit)
    __fplib_config_pureend_doubles           0x00002ab7   Thumb Code     0  fpinit.o(x$fpl$fpinit)
    fuente_12x24                             0x00002acc   Data          20  fuente_12x24.o(.rodata.fuente_12x24)
    fuente_12x24_datos                       0x00002ae0   Data       10752  fuente_12x24.o(.rodata.fuente_12x24_datos)
    fuente_16x32                             0x000054e0   Data          20  fuente_16x32.o(.rodata.fuente_16x32)
    fuente_16x32_datos                       0x000054f4   Data       14336  fuente_16x32.o(.rodata.fuente_16x32_datos)
    fuente_8x16                              0x00008cf4   Data          20  fuente_8x16.o(.rodata.fuente_8x16)
    fuente_8x16_datos                        0x00008d08   Data        3584  fuente_8x16.o(.rodata.fuente_8x16_datos)
    Region$$Table$$Base                      0x0000a888   Number         0  anon$$obj.o(Region$$Table)
    Region$$Table$$Limit                     0x0000a8a8   Number         0  anon$$obj.o(Region$$Table)
    EMCClock                                 0x10000000   Data           4  system_lpc407x_8x_177x_8x.o(.data.EMCClock)
    PeripheralClock                          0x10000004   Data           4  system_lpc407x_8x_177x_8x.o(.data.PeripheralClock)
    SystemCoreClock                          0x10000008   Data           4  system_lpc407x_8x_177x_8x.o(.data.SystemCoreClock)
    USBClock                                 0x1000000c   Data           4  system_lpc407x_8x_177x_8x.o(.data.USBClock)
    __libspace_start                         0x10000018   Data          96  libspace.o(.bss)
    __stdout                                 0x10000078   Data           4  glcd.o(.bss.__stdout)
    __temporary_stack_top$libspace           0x10000078   Data           0  libspace.o(.bss)



==============================================================================

Memory Map of the image

  Image Entry point : 0x000000e5

  Load Region LR_IROM1 (Base: 0x00000000, Size: 0x0000a8c0, Max: 0x00080000, ABSOLUTE)

    Execution Region ER_IROM1 (Exec base: 0x00000000, Load base: 0x00000000, Size: 0x0000a8a8, Max: 0x00080000, ABSOLUTE)

    Exec Addr    Load Addr    Size         Type   Attr      Idx    E Section Name        Object

    0x00000000   0x00000000   0x000000e4   Data   RO           35    RESET               startup_lpc407x_8x_177x_8x.o
    0x000000e4   0x000000e4   0x00000008   Code   RO          284  * !!!main             c_w.l(__main.o)
    0x000000ec   0x000000ec   0x0000005c   Code   RO          590    !!!scatter          c_w.l(__scatter.o)
    0x00000148   0x00000148   0x0000001a   Code   RO          594    !!handler_copy      c_w.l(__scatter_copy.o)
    0x00000162   0x00000162   0x00000002   PAD
    0x00000164   0x00000164   0x00000002   Code   RO          591    !!handler_null      c_w.l(__scatter.o)
    0x00000166   0x00000166   0x00000002   PAD
    0x00000168   0x00000168   0x0000001c   Code   RO          596    !!handler_zi        c_w.l(__scatter_zi.o)
    0x00000184   0x00000184   0x00000000   Code   RO          279    .ARM.Collect$$_printf_percent$$00000000  c_w.l(_printf_percent.o)
    0x00000184   0x00000184   0x00000006   Code   RO          278    .ARM.Collect$$_printf_percent$$0000000A  c_w.l(_printf_u.o)
    0x0000018a   0x0000018a   0x00000006   Code   RO          277    .ARM.Collect$$_printf_percent$$00000014  c_w.l(_printf_s.o)
    0x00000190   0x00000190   0x00000004   Code   RO          344    .ARM.Collect$$_printf_percent$$00000017  c_w.l(_printf_percent_end.o)
    0x00000194   0x00000194   0x00000002   Code   RO          444    .ARM.Collect$$libinit$$00000000  c_w.l(libinit.o)
    0x00000196   0x00000196   0x00000004   Code   RO          462    .ARM.Collect$$libinit$$00000001  c_w.l(libinit2.o)
    0x0000019a   0x0000019a   0x00000000   Code   RO          465    .ARM.Collect$$libinit$$00000004  c_w.l(libinit2.o)
    0x0000019a   0x0000019a   0x00000000   Code   RO          467    .ARM.Collect$$libinit$$00000006  c_w.l(libinit2.o)
    0x0000019a   0x0000019a   0x00000000   Code   RO          470    .ARM.Collect$$libinit$$0000000C  c_w.l(libinit2.o)
    0x0000019a   0x0000019a   0x00000000   Code   RO          472    .ARM.Collect$$libinit$$0000000E  c_w.l(libinit2.o)
    0x0000019a   0x0000019a   0x00000000   Code   RO          474    .ARM.Collect$$libinit$$00000010  c_w.l(libinit2.o)
    0x0000019a   0x0000019a   0x00000000   Code   RO          477    .ARM.Collect$$libinit$$00000013  c_w.l(libinit2.o)
    0x0000019a   0x0000019a   0x00000000   Code   RO          479    .ARM.Collect$$libinit$$00000015  c_w.l(libinit2.o)
    0x0000019a   0x0000019a   0x00000000   Code   RO          481    .ARM.Collect$$libinit$$00000017  c_w.l(libinit2.o)
    0x0000019a   0x0000019a   0x00000000   Code   RO          483    .ARM.Collect$$libinit$$00000019  c_w.l(libinit2.o)
    0x0000019a   0x0000019a   0x00000000   Code   RO          485    .ARM.Collect$$libinit$$0000001B  c_w.l(libinit2.o)
    0x0000019a   0x0000019a   0x00000000   Code   RO          487    .ARM.Collect$$libinit$$0000001D  c_w.l(libinit2.o)
    0x0000019a   0x0000019a   0x00000000   Code   RO          489    .ARM.Collect$$libinit$$0000001F  c_w.l(libinit2.o)
    0x0000019a   0x0000019a   0x00000000   Code   RO          491    .ARM.Collect$$libinit$$00000021  c_w.l(libinit2.o)
    0x0000019a   0x0000019a   0x00000000   Code   RO          493    .ARM.Collect$$libinit$$00000023  c_w.l(libinit2.o)
    0x0000019a   0x0000019a   0x00000000   Code   RO          495    .ARM.Collect$$libinit$$00000025  c_w.l(libinit2.o)
    0x0000019a   0x0000019a   0x00000000   Code   RO          497    .ARM.Collect$$libinit$$00000027  c_w.l(libinit2.o)
    0x0000019a   0x0000019a   0x00000000   Code   RO          501    .ARM.Collect$$libinit$$0000002E  c_w.l(libinit2.o)
    0x0000019a   0x0000019a   0x00000000   Code   RO          503    .ARM.Collect$$libinit$$00000030  c_w.l(libinit2.o)
    0x0000019a   0x0000019a   0x00000000   Code   RO          505    .ARM.Collect$$libinit$$00000032  c_w.l(libinit2.o)
    0x0000019a   0x0000019a   0x00000000   Code   RO          507    .ARM.Collect$$libinit$$00000034  c_w.l(libinit2.o)
    0x0000019a   0x0000019a   0x00000002   Code   RO          508    .ARM.Collect$$libinit$$00000035  c_w.l(libinit2.o)
    0x0000019c   0x0000019c   0x00000002   Code   RO          528    .ARM.Collect$$libshutdown$$00000000  c_w.l(libshutdown.o)
    0x0000019e   0x0000019e   0x00000000   Code   RO          540    .ARM.Collect$$libshutdown$$00000002  c_w.l(libshutdown2.o)
    0x0000019e   0x0000019e   0x00000000   Code   RO          542    .ARM.Collect$$libshutdown$$00000004  c_w.l(libshutdown2.o)
    0x0000019e   0x0000019e   0x00000000   Code   RO          545    .ARM.Collect$$libshutdown$$00000007  c_w.l(libshutdown2.o)
    0x0000019e   0x0000019e   0x00000000   Code   RO          548    .ARM.Collect$$libshutdown$$0000000A  c_w.l(libshutdown2.o)
    0x0000019e   0x0000019e   0x00000000   Code   RO          550    .ARM.Collect$$libshutdown$$0000000C  c_w.l(libshutdown2.o)
    0x0000019e   0x0000019e   0x00000000   Code   RO          553    .ARM.Collect$$libshutdown$$0000000F  c_w.l(libshutdown2.o)
    0x0000019e   0x0000019e   0x00000002   Code   RO          554    .ARM.Collect$$libshutdown$$00000010  c_w.l(libshutdown2.o)
    0x000001a0   0x000001a0   0x00000000   Code   RO          288    .ARM.Collect$$rtentry$$00000000  c_w.l(__rtentry.o)
    0x000001a0   0x000001a0   0x00000000   Code   RO          365    .ARM.Collect$$rtentry$$00000002  c_w.l(__rtentry2.o)
    0x000001a0   0x000001a0   0x00000006   Code   RO          377    .ARM.Collect$$rtentry$$00000004  c_w.l(__rtentry4.o)
    0x000001a6   0x000001a6   0x00000000   Code   RO          367    .ARM.Collect$$rtentry$$00000009  c_w.l(__rtentry2.o)
    0x000001a6   0x000001a6   0x00000004   Code   RO          368    .ARM.Collect$$rtentry$$0000000A  c_w.l(__rtentry2.o)
    0x000001aa   0x000001aa   0x00000000   Code   RO          370    .ARM.Collect$$rtentry$$0000000C  c_w.l(__rtentry2.o)
    0x000001aa   0x000001aa   0x00000008   Code   RO          371    .ARM.Collect$$rtentry$$0000000D  c_w.l(__rtentry2.o)
    0x000001b2   0x000001b2   0x00000002   Code   RO          453    .ARM.Collect$$rtexit$$00000000  c_w.l(rtexit.o)
    0x000001b4   0x000001b4   0x00000000   Code   RO          510    .ARM.Collect$$rtexit$$00000002  c_w.l(rtexit2.o)
    0x000001b4   0x000001b4   0x00000004   Code   RO          511    .ARM.Collect$$rtexit$$00000003  c_w.l(rtexit2.o)
    0x000001b8   0x000001b8   0x00000006   Code   RO          512    .ARM.Collect$$rtexit$$00000004  c_w.l(rtexit2.o)
    0x000001be   0x000001be   0x00000002   PAD
    0x000001c0   0x000001c0   0x0000003c   Code   RO           37    .text               startup_lpc407x_8x_177x_8x.o
    0x000001fc   0x000001fc   0x00000002   Code   RO          243    .text               c_w.l(use_no_semi_2.o)
    0x000001fe   0x000001fe   0x00000002   PAD
    0x00000200   0x00000200   0x00000018   Code   RO          247    .text               c_w.l(__2printf.o)
    0x00000218   0x00000218   0x00000052   Code   RO          253    .text               c_w.l(_printf_str.o)
    0x0000026a   0x0000026a   0x00000002   PAD
    0x0000026c   0x0000026c   0x00000078   Code   RO          255    .text               c_w.l(_printf_dec.o)
    0x000002e4   0x000002e4   0x00000006   Code   RO          282    .text               c_w.l(heapauxi.o)
    0x000002ea   0x000002ea   0x00000002   Code   RO          286    .text               c_w.l(use_no_semi.o)
    0x000002ec   0x000002ec   0x00000008   Code   RO          450    .text               c_w.l(libspace.o)
    0x000002f4   0x000002f4   0x00000008   PAD
    0x000002fc   0x000002fc   0x00000004   Code   RO           36    .ARM.__at_0x02FC    startup_lpc407x_8x_177x_8x.o
    0x00000300   0x00000300   0x00000188   Code   RO          274    .text               c_w.l(__printf_flags_ss_wp.o)
    0x00000488   0x00000488   0x0000007a   Code   RO          280    .text               c_w.l(rt_memmove_w.o)
    0x00000502   0x00000502   0x000000b2   Code   RO          293    .text               c_w.l(_printf_intcommon.o)
    0x000005b4   0x000005b4   0x0000002c   Code   RO          297    .text               c_w.l(_printf_char.o)
    0x000005e0   0x000005e0   0x00000024   Code   RO          299    .text               c_w.l(_printf_char_file.o)
    0x00000604   0x00000604   0x00000064   Code   RO          354    .text               c_w.l(rt_memcpy_w.o)
    0x00000668   0x00000668   0x00000030   Code   RO          388    .text               c_w.l(_printf_char_common.o)
    0x00000698   0x00000698   0x0000004a   Code   RO          394    .text               c_w.l(sys_stackheap_outer.o)
    0x000006e2   0x000006e2   0x00000012   Code   RO          437    .text               c_w.l(exit.o)
    0x000006f4   0x000006f4   0x00000034   Code   RO          182    .text.HardFault_Handler  lpc40xx_base.lib(error.o)
    0x00000728   0x00000728   0x0000052e   Code   RO           46    .text.SystemCoreClockUpdate  system_lpc407x_8x_177x_8x.o
    0x00000c56   0x00000c56   0x00000002   PAD
    0x00000c58   0x00000c58   0x00000140   Code   RO           54    .text.SystemInit    system_lpc407x_8x_177x_8x.o
    0x00000d98   0x00000d98   0x0000041a   Code   RO           50    .text.SystemInit_ExtMemCtl  system_lpc407x_8x_177x_8x.o
    0x000011b2   0x000011b2   0x00000002   PAD
    0x000011b4   0x000011b4   0x00000040   Code   RO           52    .text._DelayMs      system_lpc407x_8x_177x_8x.o
    0x000011f4   0x000011f4   0x0000001a   Code   RO          114    .text._sys_exit     lpc40xx_base.lib(glcd.o)
    0x0000120e   0x0000120e   0x00000002   PAD
    0x00001210   0x00001210   0x00000078   Code   RO          192    .text.adjust_timing  lpc40xx_base.lib(sdram.o)
    0x00001288   0x00001288   0x00000034   Code   RO           25    .text.dibujar_pixel  sprites.o
    0x000012bc   0x000012bc   0x00000080   Code   RO           23    .text.dibujar_sprite  sprites.o
    0x0000133c   0x0000133c   0x00000010   Code   RO          112    .text.ferror        lpc40xx_base.lib(glcd.o)
    0x0000134c   0x0000134c   0x00000084   Code   RO           48    .text.fpu_init      system_lpc407x_8x_177x_8x.o
    0x000013d0   0x000013d0   0x000001a2   Code   RO          104    .text.fputc         lpc40xx_base.lib(glcd.o)
    0x00001572   0x00001572   0x00000002   PAD
    0x00001574   0x00001574   0x00000016   Code   RO          100    .text.glcd_borrar   lpc40xx_base.lib(glcd.o)
    0x0000158a   0x0000158a   0x00000002   PAD
    0x0000158c   0x0000158c   0x000000f0   Code   RO          108    .text.glcd_caracter  lpc40xx_base.lib(glcd.o)
    0x0000167c   0x0000167c   0x0000000c   Code   RO          116    .text.glcd_color_texto  lpc40xx_base.lib(glcd.o)
    0x00001688   0x00001688   0x0000000c   Code   RO          118    .text.glcd_fondo_texto  lpc40xx_base.lib(glcd.o)
    0x00001694   0x00001694   0x00000074   Code   RO           98    .text.glcd_i2c0_transmitir_buffer  lpc40xx_base.lib(glcd.o)
    0x00001708   0x00001708   0x000002dc   Code   RO           96    .text.glcd_inicializar  lpc40xx_base.lib(glcd.o)
    0x000019e4   0x000019e4   0x00000084   Code   RO          136    .text.glcd_rectangulo_relleno  lpc40xx_base.lib(glcd.o)
    0x00001a68   0x00001a68   0x00000048   Code   RO          124    .text.glcd_seleccionar_fuente  lpc40xx_base.lib(glcd.o)
    0x00001ab0   0x00001ab0   0x00000024   Code   RO          120    .text.glcd_xy_texto  lpc40xx_base.lib(glcd.o)
    0x00001ad4   0x00001ad4   0x00000140   Code   RO          161    .text.i2c_inicializar  lpc40xx_i2c.lib(i2c_lpc40xx.o)
    0x00001c14   0x00001c14   0x00000074   Code   RO          169    .text.i2c_recibir_byte  lpc40xx_i2c.lib(i2c_lpc40xx.o)
    0x00001c88   0x00001c88   0x00000054   Code   RO          163    .text.i2c_start     lpc40xx_i2c.lib(i2c_lpc40xx.o)
    0x00001cdc   0x00001cdc   0x0000005c   Code   RO          165    .text.i2c_stop      lpc40xx_i2c.lib(i2c_lpc40xx.o)
    0x00001d38   0x00001d38   0x0000007c   Code   RO          167    .text.i2c_transmitir_byte  lpc40xx_i2c.lib(i2c_lpc40xx.o)
    0x00001db4   0x00001db4   0x00000188   Code   RO          228    .text.iocon_configurar_pin  lpc40xx_base.lib(iocon_lpc40xx.o)
    0x00001f3c   0x00001f3c   0x00000100   Code   RO            2    .text.main          main.o
    0x0000203c   0x0000203c   0x00000114   Code   RO           12    .text.nunchuk_inicializar  nunchuk.o
    0x00002150   0x00002150   0x000000d0   Code   RO           14    .text.nunchuk_leer  nunchuk.o
    0x00002220   0x00002220   0x000000c0   Code   RO          180    .text.parar_con_error  lpc40xx_base.lib(error.o)
    0x000022e0   0x000022e0   0x0000053e   Code   RO          194    .text.sdram_inicializar  lpc40xx_base.lib(sdram.o)
    0x0000281e   0x0000281e   0x00000002   PAD
    0x00002820   0x00002820   0x0000006c   Code   RO          196    .text.sdram_test    lpc40xx_base.lib(sdram.o)
    0x0000288c   0x0000288c   0x000000a4   Code   RO           67    .text.timer_inicializar  lpc40xx_base.lib(timer_lpc40xx.o)
    0x00002930   0x00002930   0x000000b0   Code   RO           69    .text.timer_retardo_ms  lpc40xx_base.lib(timer_lpc40xx.o)
    0x000029e0   0x000029e0   0x000000b0   Code   RO           71    .text.timer_retardo_us  lpc40xx_base.lib(timer_lpc40xx.o)
    0x00002a90   0x00002a90   0x0000000e   Code   RO          267    i._is_digit         c_w.l(__printf_wp.o)
    0x00002a9e   0x00002a9e   0x0000001a   Code   RO          520    x$fpl$fpinit        fz_wm.l(fpinit.o)
    0x00002ab8   0x00002ab8   0x00000011   Data   RO          275    .constdata          c_w.l(__printf_flags_ss_wp.o)
    0x00002ac9   0x00002ac9   0x00000003   PAD
    0x00002acc   0x00002acc   0x00000014   Data   RO          214    .rodata.fuente_12x24  lpc40xx_base.lib(fuente_12x24.o)
    0x00002ae0   0x00002ae0   0x00002a00   Data   RO          215    .rodata.fuente_12x24_datos  lpc40xx_base.lib(fuente_12x24.o)
    0x000054e0   0x000054e0   0x00000014   Data   RO          221    .rodata.fuente_16x32  lpc40xx_base.lib(fuente_16x32.o)
    0x000054f4   0x000054f4   0x00003800   Data   RO          222    .rodata.fuente_16x32_datos  lpc40xx_base.lib(fuente_16x32.o)
    0x00008cf4   0x00008cf4   0x00000014   Data   RO          207    .rodata.fuente_8x16  lpc40xx_base.lib(fuente_8x16.o)
    0x00008d08   0x00008d08   0x00000e00   Data   RO          208    .rodata.fuente_8x16_datos  lpc40xx_base.lib(fuente_8x16.o)
    0x00009b08   0x00009b08   0x00000088   Data   RO           87    .rodata.str1.1      lpc40xx_base.lib(timer_lpc40xx.o)
    0x00009b90   0x00009b90   0x00000025   Data   RO          150    .rodata.str1.1      lpc40xx_base.lib(glcd.o)
    0x00009bb5   0x00009bb5   0x00000041   Data   RO          171    .rodata.str1.1      lpc40xx_i2c.lib(i2c_lpc40xx.o)
    0x00009bf6   0x00009bf6   0x00000083   Data   RO          232    .rodata.str1.1      lpc40xx_base.lib(iocon_lpc40xx.o)
    0x00009c79   0x00009c79   0x00000003   PAD
    0x00009c7c   0x00009c7c   0x0000000c   Data   RO          142    .rodata.tabla_fuentes  lpc40xx_base.lib(glcd.o)
    0x00009c88   0x00009c88   0x00000c00   Data   RO          233    .rodata.tabla_funciones_pines  lpc40xx_base.lib(iocon_lpc40xx.o)
    0x0000a888   0x0000a888   0x00000020   Data   RO          589    Region$$Table       anon$$obj.o


    Execution Region RW_IRAM1 (Exec base: 0x10000000, Load base: 0x0000a8a8, Size: 0x00000490, Max: 0x00010000, ABSOLUTE)

    Exec Addr    Load Addr    Size         Type   Attr      Idx    E Section Name        Object

    0x10000000   0x0000a8a8   0x00000004   Data   RW           58    .data.EMCClock      system_lpc407x_8x_177x_8x.o
    0x10000004   0x0000a8ac   0x00000004   Data   RW           57    .data.PeripheralClock  system_lpc407x_8x_177x_8x.o
    0x10000008   0x0000a8b0   0x00000004   Data   RW           56    .data.SystemCoreClock  system_lpc407x_8x_177x_8x.o
    0x1000000c   0x0000a8b4   0x00000004   Data   RW           59    .data.USBClock      system_lpc407x_8x_177x_8x.o
    0x10000010   0x0000a8b8   0x00000002   Data   RW          148    .data.color_texto_actual  lpc40xx_base.lib(glcd.o)
    0x10000012   0x0000a8ba   0x00000001   Data   RW          147    .data.desplazamiento_activado  lpc40xx_base.lib(glcd.o)
    0x10000013   0x0000a8bb   0x00000001   PAD
    0x10000014   0x0000a8bc   0x00000004   Data   RW          143    .data.fuente_actual  lpc40xx_base.lib(glcd.o)
    0x10000018        -       0x00000060   Zero   RW          451    .bss                c_w.l(libspace.o)
    0x10000078        -       0x00000004   Zero   RW          144    .bss.__stdout       lpc40xx_base.lib(glcd.o)
    0x1000007c        -       0x00000002   Zero   RW          149    .bss.color_fondo_texto_actual  lpc40xx_base.lib(glcd.o)
    0x1000007e   0x0000a8c0   0x00000002   PAD
    0x10000080        -       0x00000008   Zero   RW          198    .bss.ringosccount   lpc40xx_base.lib(sdram.o)
    0x10000088        -       0x00000004   Zero   RW          145    .bss.x_texto_actual  lpc40xx_base.lib(glcd.o)
    0x1000008c        -       0x00000004   Zero   RW          146    .bss.y_texto_actual  lpc40xx_base.lib(glcd.o)
    0x10000090        -       0x00000000   Zero   RW           34    HEAP                startup_lpc407x_8x_177x_8x.o
    0x10000090        -       0x00000400   Zero   RW           33    STACK               startup_lpc407x_8x_177x_8x.o


==============================================================================

Image component sizes


      Code (inc. data)   RO Data    RW Data    ZI Data      Debug   Object Name

       256          0          0          0          0       1647   main.o
       484          0          0          0          0       2256   nunchuk.o
       180          0          0          0          0       1051   sprites.o
        64         26        228          0       1024       1160   startup_lpc407x_8x_177x_8x.o
      2892          0          0         16          0       9755   system_lpc407x_8x_177x_8x.o

    ----------------------------------------------------------------------
      3880         26        260         16       1024      15869   Object Totals
         0          0         32          0          0          0   (incl. Generated)
         4          0          0          0          0          0   (incl. Padding)

    ----------------------------------------------------------------------

      Code (inc. data)   RO Data    RW Data    ZI Data      Debug   Library Member Name

        24          4          0          0          0         84   __2printf.o
         8          0          0          0          0         68   __main.o
       392          4         17          0          0         92   __printf_flags_ss_wp.o
        14          0          0          0          0         68   __printf_wp.o
         0          0          0          0          0          0   __rtentry.o
        12          0          0          0          0          0   __rtentry2.o
         6          0          0          0          0          0   __rtentry4.o
        94          8          0          0          0          0   __scatter.o
        26          0          0          0          0          0   __scatter_copy.o
        28          0          0          0          0          0   __scatter_zi.o
        44          0          0          0          0        108   _printf_char.o
        48          6          0          0          0         96   _printf_char_common.o
        36          4          0          0          0         80   _printf_char_file.o
       120         16          0          0          0         92   _printf_dec.o
       178          0          0          0          0         88   _printf_intcommon.o
         0          0          0          0          0          0   _printf_percent.o
         4          0          0          0          0          0   _printf_percent_end.o
         6          0          0          0          0          0   _printf_s.o
        82          0          0          0          0         80   _printf_str.o
         6          0          0          0          0          0   _printf_u.o
        18          0          0          0          0         80   exit.o
         6          0          0          0          0        152   heapauxi.o
         2          0          0          0          0          0   libinit.o
         6          0          0          0          0          0   libinit2.o
         2          0          0          0          0          0   libshutdown.o
         2          0          0          0          0          0   libshutdown2.o
         8          4          0          0         96         68   libspace.o
       100          0          0          0          0         80   rt_memcpy_w.o
       122          0          0          0          0         80   rt_memmove_w.o
         2          0          0          0          0          0   rtexit.o
        10          0          0          0          0          0   rtexit2.o
        74          0          0          0          0         80   sys_stackheap_outer.o
         2          0          0          0          0         68   use_no_semi.o
         2          0          0          0          0         68   use_no_semi_2.o
        26          0          0          0          0        116   fpinit.o
       244         56          0          0          0       1965   error.o
         0          0      10772          0          0        763   fuente_12x24.o
         0          0      14356          0          0        763   fuente_16x32.o
         0          0       3604          0          0        759   fuente_8x16.o
      1834         46         49          7         14      20438   glcd.o
       392        128       3203          0          0      10441   iocon_lpc40xx.o
      1570          0          0          0          8      10299   sdram.o
       516         60        136          0          0       5116   timer_lpc40xx.o
       736        116         65          0          0       9129   i2c_lpc40xx.o

    ----------------------------------------------------------------------
      6828        460      32208          8        120      61321   Library Totals
        26          8          6          1          2          0   (incl. Padding)

    ----------------------------------------------------------------------

      Code (inc. data)   RO Data    RW Data    ZI Data      Debug   Library Name

      1484         46         17          0         96       1532   c_w.l
        26          0          0          0          0        116   fz_wm.l
      4556        290      32120          7         22      50544   lpc40xx_base.lib
       736        116         65          0          0       9129   lpc40xx_i2c.lib

    ----------------------------------------------------------------------
      6828        460      32208          8        120      61321   Library Totals

    ----------------------------------------------------------------------

==============================================================================


      Code (inc. data)   RO Data    RW Data    ZI Data      Debug   

     10708        486      32468         24       1144      76350   Grand Totals
     10708        486      32468         24       1144      76350   ELF Image Totals
     10708        486      32468         24          0          0   ROM Totals

==============================================================================

    Total RO  Size (Code + RO Data)                43176 (  42.16kB)
    Total RW  Size (RW Data + ZI Data)              1168 (   1.14kB)
    Total ROM Size (Code + RO Data + RW Data)      43200 (  42.19kB)

==============================================================================

