Component: Arm Compiler for Embedded 6.23 Tool: armlink [5f102400]

==============================================================================

Section Cross References

    main.o(.text) refers (Special) to use_no_semi_2.o(.text) for __use_no_semihosting
    main.o(.text.main) refers (Special) to use_no_semi_2.o(.text) for __use_no_semihosting
    main.o(.text.main) refers to nunchuk.o(.text.nunchuk_inicializar) for nunchuk_inicializar
    main.o(.text.main) refers to nunchuk.o(.text.nunchuk_leer) for nunchuk_leer
    main.o(.text.main) refers to glcd.o(.text.glcd_inicializar) for glcd_inicializar
    main.o(.text.main) refers to jugador.o(.text.dibujar_panel) for dibujar_panel
    main.o(.text.main) refers to jugador.o(.text.juego_inicializar) for juego_inicializar
    main.o(.text.main) refers to jugador.o(.text.juego_actualizar) for juego_actualizar
    main.o(.text.main) refers to jugador.o(.text.juego_dibujar) for juego_dibujar
    main.o(.text.main) refers to timer_lpc40xx.o(.text.timer_retardo_ms) for timer_retardo_ms
    main.o(.text.main) refers to jugador.o(.text.juego_borrar) for juego_borrar
    main.o(.ARM.exidx.text.main) refers (Special) to use_no_semi_2.o(.text) for __use_no_semihosting
    main.o(.ARM.exidx.text.main) refers to main.o(.text.main) for [Anonymous Symbol]
    main.o(.ARM.use_no_argv) refers (Special) to use_no_semi_2.o(.text) for __use_no_semihosting
    nunchuk.o(.text.nunchuk_inicializar) refers to i2c_lpc40xx.o(.text.i2c_inicializar) for i2c_inicializar
    nunchuk.o(.text.nunchuk_inicializar) refers to timer_lpc40xx.o(.text.timer_inicializar) for timer_inicializar
    nunchuk.o(.text.nunchuk_inicializar) refers to i2c_lpc40xx.o(.text.i2c_start) for i2c_start
    nunchuk.o(.text.nunchuk_inicializar) refers to i2c_lpc40xx.o(.text.i2c_transmitir_byte) for i2c_transmitir_byte
    nunchuk.o(.text.nunchuk_inicializar) refers to i2c_lpc40xx.o(.text.i2c_stop) for i2c_stop
    nunchuk.o(.text.nunchuk_inicializar) refers to timer_lpc40xx.o(.text.timer_retardo_ms) for timer_retardo_ms
    nunchuk.o(.ARM.exidx.text.nunchuk_inicializar) refers to nunchuk.o(.text.nunchuk_inicializar) for [Anonymous Symbol]
    nunchuk.o(.text.nunchuk_leer) refers to i2c_lpc40xx.o(.text.i2c_start) for i2c_start
    nunchuk.o(.text.nunchuk_leer) refers to i2c_lpc40xx.o(.text.i2c_transmitir_byte) for i2c_transmitir_byte
    nunchuk.o(.text.nunchuk_leer) refers to i2c_lpc40xx.o(.text.i2c_stop) for i2c_stop
    nunchuk.o(.text.nunchuk_leer) refers to timer_lpc40xx.o(.text.timer_retardo_ms) for timer_retardo_ms
    nunchuk.o(.text.nunchuk_leer) refers to i2c_lpc40xx.o(.text.i2c_recibir_byte) for i2c_recibir_byte
    nunchuk.o(.ARM.exidx.text.nunchuk_leer) refers to nunchuk.o(.text.nunchuk_leer) for [Anonymous Symbol]
    sprites.o(.text) refers (Special) to use_no_semi_2.o(.text) for __use_no_semihosting
    sprites.o(.text.dibujar_sprite) refers (Special) to use_no_semi_2.o(.text) for __use_no_semihosting
    sprites.o(.text.dibujar_sprite) refers to sprites.o(.text.dibujar_pixel) for dibujar_pixel
    sprites.o(.ARM.exidx.text.dibujar_sprite) refers (Special) to use_no_semi_2.o(.text) for __use_no_semihosting
    sprites.o(.ARM.exidx.text.dibujar_sprite) refers to sprites.o(.text.dibujar_sprite) for [Anonymous Symbol]
    sprites.o(.text.dibujar_pixel) refers (Special) to use_no_semi_2.o(.text) for __use_no_semihosting
    sprites.o(.text.dibujar_pixel) refers to glcd.o(.text.glcd_rectangulo_relleno) for glcd_rectangulo_relleno
    sprites.o(.ARM.exidx.text.dibujar_pixel) refers (Special) to use_no_semi_2.o(.text) for __use_no_semihosting
    sprites.o(.ARM.exidx.text.dibujar_pixel) refers to sprites.o(.text.dibujar_pixel) for [Anonymous Symbol]
    jugador.o(.text) refers (Special) to use_no_semi_2.o(.text) for __use_no_semihosting
    jugador.o(.text.jugador_crear) refers (Special) to use_no_semi_2.o(.text) for __use_no_semihosting
    jugador.o(.text.jugador_crear) refers to jugador.o(.rodata..L__const.jugador_crear.ret) for .L__const.jugador_crear.ret
    jugador.o(.ARM.exidx.text.jugador_crear) refers (Special) to use_no_semi_2.o(.text) for __use_no_semihosting
    jugador.o(.ARM.exidx.text.jugador_crear) refers to jugador.o(.text.jugador_crear) for [Anonymous Symbol]
    jugador.o(.text.jugador_actualizar) refers (Special) to use_no_semi_2.o(.text) for __use_no_semihosting
    jugador.o(.ARM.exidx.text.jugador_actualizar) refers (Special) to use_no_semi_2.o(.text) for __use_no_semihosting
    jugador.o(.ARM.exidx.text.jugador_actualizar) refers to jugador.o(.text.jugador_actualizar) for [Anonymous Symbol]
    jugador.o(.text.enemigo_crear) refers (Special) to use_no_semi_2.o(.text) for __use_no_semihosting
    jugador.o(.text.enemigo_crear) refers to jugador.o(.data.sprite_enemigo_a) for sprite_enemigo_a
    jugador.o(.text.enemigo_crear) refers to jugador.o(.data.sprite_enemigo_b) for sprite_enemigo_b
[...]
    ../clib/angel/boardlib.s                 0x00000000   Number         0  boardshut.o ABSOLUTE
    ../clib/angel/handlers.s                 0x00000000   Number         0  __scatter_copy.o ABSOLUTE
    ../clib/angel/handlers.s                 0x00000000   Number         0  __scatter_zi.o ABSOLUTE
    ../clib/angel/kernel.s                   0x00000000   Number         0  __rtentry.o ABSOLUTE
    ../clib/angel/kernel.s                   0x00000000   Number         0  __rtentry2.o ABSOLUTE
    ../clib/angel/kernel.s                   0x00000000   Number         0  __rtentry4.o ABSOLUTE
    ../clib/angel/kernel.s                   0x00000000   Number         0  rtexit.o ABSOLUTE
    ../clib/angel/kernel.s                   0x00000000   Number         0  rtexit2.o ABSOLUTE
    ../clib/angel/rt.s                       0x00000000   Number         0  rt_ctype_table.o ABSOLUTE
    ../clib/angel/rt.s                       0x00000000   Number         0  rt_locale.o ABSOLUTE
    ../clib/angel/rt.s                       0x00000000   Number         0  rt_locale_intlibspace.o ABSOLUTE
    ../clib/angel/rt.s                       0x00000000   Number         0  rt_raise.o ABSOLUTE
    ../clib/angel/scatter.s                  0x00000000   Number         0  __scatter.o ABSOLUTE
    ../clib/angel/startup.s                  0x00000000   Number         0  __main.o ABSOLUTE
    ../clib/angel/sys.s                      0x00000000   Number         0  use_no_semi_2.o ABSOLUTE
    ../clib/angel/sys.s                      0x00000000   Number         0  use_no_semi.o ABSOLUTE
    ../clib/angel/sys.s                      0x00000000   Number         0  sys_stackheap_outer.o ABSOLUTE
    ../clib/angel/sys.s                      0x00000000   Number         0  libspace.o ABSOLUTE
    ../clib/angel/sys.s                      0x00000000   Number         0  indicate_semi.o ABSOLUTE
    ../clib/angel/sysapp.c                   0x00000000   Number         0  sys_command.o ABSOLUTE
    ../clib/angel/sysapp.c                   0x00000000   Number         0  sys_command_hlt.o ABSOLUTE
    ../clib/angel/sysapp.c                   0x00000000   Number         0  sys_wrch.o ABSOLUTE
    ../clib/angel/sysapp.c                   0x00000000   Number         0  sys_wrch_hlt.o ABSOLUTE
    ../clib/armsys.c                         0x00000000   Number         0  argv_veneer.o ABSOLUTE
    ../clib/armsys.c                         0x00000000   Number         0  argv_veneer.o ABSOLUTE
    ../clib/armsys.c                         0x00000000   Number         0  _get_argv_nomalloc.o ABSOLUTE
    ../clib/armsys.c                         0x00000000   Number         0  no_argv.o ABSOLUTE
    ../clib/bigflt.c                         0x00000000   Number         0  bigflt0.o ABSOLUTE
    ../clib/btod.s                           0x00000000   Number         0  btod.o ABSOLUTE
    ../clib/btod_accurate.c                  0x00000000   Number         0  btod_accurate.o ABSOLUTE
    ../clib/btod_accurate.c                  0x00000000   Number         0  btod_accurate_common.o ABSOLUTE
    ../clib/heapalloc.c                      0x00000000   Number         0  hrguard.o ABSOLUTE
    ../clib/heapaux.c                        0x00000000   Number         0  heapauxi.o ABSOLUTE
    ../clib/libinit.s                        0x00000000   Number         0  libinit.o ABSOLUTE
    ../clib/libinit.s                        0x00000000   Number         0  libinit2.o ABSOLUTE
    ../clib/libinit.s                        0x00000000   Number         0  libshutdown.o ABSOLUTE
    ../clib/libinit.s                        0x00000000   Number         0  libshutdown2.o ABSOLUTE
    ../clib/locale.c                         0x00000000   Number         0  _c16rtomb.o ABSOLUTE
    ../clib/locale.s                         0x00000000   Number         0  lc_numeric_c.o ABSOLUTE
    ../clib/locale.s                         0x00000000   Number         0  lc_ctype_c.o ABSOLUTE
    ../clib/longlong.s                       0x00000000   Number         0  lludiv10.o ABSOLUTE
    ../clib/longlong.s                       0x00000000   Number         0  llushr.o ABSOLUTE
    ../clib/memcpset.s                       0x00000000   Number         0  rt_memmove_w.o ABSOLUTE
    ../clib/memcpset.s                       0x00000000   Number         0  rt_memcpy_w.o ABSOLUTE
    ../clib/memcpset.s                       0x00000000   Number         0  strcmpv7em.o ABSOLUTE
    ../clib/misc.s                           0x00000000   Number         0  printf_stubs.o ABSOLUTE
    ../clib/printf.c                         0x00000000   Number         0  vprintf.o ABSOLUTE
    ../clib/printf.c                         0x00000000   Number         0  __2printf.o ABSOLUTE
    ../clib/printf.c                         0x00000000   Number         0  noretval__2printf.o ABSOLUTE
    ../clib/printf.c                         0x00000000   Number         0  __printf.o ABSOLUTE
    ../clib/printf.c                         0x00000000   Number         0  _printf_str.o ABSOLUTE
    ../clib/printf.c                         0x00000000   Number         0  _printf_dec.o ABSOLUTE
    ../clib/printf.c                         0x00000000   Number         0  __printf_flags.o ABSOLUTE
    ../clib/printf.c                         0x00000000   Number         0  __printf_ss.o ABSOLUTE
    ../clib/printf.c                         0x00000000   Number         0  __printf_flags_ss.o ABSOLUTE
    ../clib/printf.c                         0x00000000   Number         0  __printf_wp.o ABSOLUTE
    ../clib/printf.c                         0x00000000   Number         0  __printf_flags_wp.o ABSOLUTE
    ../clib/printf.c                         0x00000000   Number         0  __printf_ss_wp.o ABSOLUTE
    ../clib/printf.c                         0x00000000   Number         0  __printf_flags_ss_wp.o ABSOLUTE
    ../clib/printf.c                         0x00000000   Number         0  _printf_pad.o ABSOLUTE
    ../clib/printf.c                         0x00000000   Number         0  _printf_truncate.o ABSOLUTE
    ../clib/printf.c                         0x00000000   Number         0  _printf_intcommon.o ABSOLUTE
    ../clib/printf.c                         0x00000000   Number         0  _printf_charcount.o ABSOLUTE
    ../clib/printf.c                         0x00000000   Number         0  _printf_char.o ABSOLUTE
    ../clib/printf.c                         0x00000000   Number         0  _printf_char_file.o ABSOLUTE
    ../clib/printf.c                         0x00000000   Number         0  _printf_wctomb.o ABSOLUTE
    ../clib/printf.c                         0x00000000   Number         0  _printf_longlong_dec.o ABSOLUTE
    ../clib/printf.c                         0x00000000   Number         0  _printf_oct_ll.o ABSOLUTE
    ../clib/printf.c                         0x00000000   Number         0  _printf_oct_int.o ABSOLUTE
    ../clib/printf.c                         0x00000000   Number         0  _printf_oct_int_ll.o ABSOLUTE
    ../clib/printf.c                         0x00000000   Number         0  _printf_hex_ll.o ABSOLUTE
    ../clib/printf.c                         0x00000000   Number         0  _printf_hex_int.o ABSOLUTE
    ../clib/printf.c                         0x00000000   Number         0  _printf_hex_int_ll.o ABSOLUTE
    ../clib/printf.c                         0x00000000   Number         0  _printf_hex_ptr.o ABSOLUTE
    ../clib/printf.c                         0x00000000   Number         0  _printf_hex_int_ptr.o ABSOLUTE
    ../clib/printf.c                         0x00000000   Number         0  _printf_hex_ll_ptr.o ABSOLUTE
    ../clib/printf.c                         0x00000000   Number         0  _printf_hex_int_ll_ptr.o ABSOLUTE
    ../clib/printf.c                         0x00000000   Number         0  _printf_fp_dec.o ABSOLUTE
    ../clib/printf.c                         0x00000000   Number         0  _printf_fp_dec_accurate.o ABSOLUTE
    ../clib/printf.c                         0x00000000   Number         0  _printf_fp_hex.o ABSOLUTE
    ../clib/printf.c                         0x00000000   Number         0  _printf_char_common.o ABSOLUTE
    ../clib/printf.c                         0x00000000   Number         0  _printf_wchar.o ABSOLUTE
    ../clib/printf.c                         0x00000000   Number         0  _printf_fp_infnan.o ABSOLUTE
    ../clib/printf.c                         0x00000000   Number         0  __printf_nopercent.o ABSOLUTE
    ../clib/printf_percent.s                 0x00000000   Number         0  _printf_s.o ABSOLUTE
    ../clib/printf_percent.s                 0x00000000   Number         0  _printf_u.o ABSOLUTE
    ../clib/printf_percent.s                 0x00000000   Number         0  _printf_percent.o ABSOLUTE
    ../clib/printf_percent.s                 0x00000000   Number         0  _printf_c.o ABSOLUTE
    ../clib/printf_percent.s                 0x00000000   Number         0  _printf_n.o ABSOLUTE
    ../clib/printf_percent.s                 0x00000000   Number         0  _printf_x.o ABSOLUTE
    ../clib/printf_percent.s                 0x00000000   Number         0  _printf_p.o ABSOLUTE
    ../clib/printf_percent.s                 0x00000000   Number         0  _printf_o.o ABSOLUTE
    ../clib/printf_percent.s                 0x00000000   Number         0  _printf_i.o ABSOLUTE
    ../clib/printf_percent.s                 0x00000000   Number         0  _printf_d.o ABSOLUTE
    ../clib/printf_percent.s                 0x00000000   Number         0  _printf_f.o ABSOLUTE
    ../clib/printf_percent.s                 0x00000000   Number         0  _printf_e.o ABSOLUTE
    ../clib/printf_percent.s                 0x00000000   Number         0  _printf_g.o ABSOLUTE
    ../clib/printf_percent.s                 0x00000000   Number         0  _printf_a.o ABSOLUTE
    ../clib/printf_percent.s                 0x00000000   Number         0  _printf_percent_end.o ABSOLUTE
    ../clib/printf_percent.s                 0x00000000   Number         0  _printf_lli.o ABSOLUTE
    ../clib/printf_percent.s                 0x00000000   Number         0  _printf_lld.o ABSOLUTE
    ../clib/printf_percent.s                 0x00000000   Number         0  _printf_llu.o ABSOLUTE
    ../clib/printf_percent.s                 0x00000000   Number         0  _printf_ll.o ABSOLUTE
    ../clib/printf_percent.s                 0x00000000   Number         0  _printf_l.o ABSOLUTE
    ../clib/printf_percent.s                 0x00000000   Number         0  _printf_lc.o ABSOLUTE
    ../clib/printf_percent.s                 0x00000000   Number         0  _printf_ls.o ABSOLUTE
    ../clib/printf_percent.s                 0x00000000   Number         0  _printf_llo.o ABSOLUTE
    ../clib/printf_percent.s                 0x00000000   Number         0  _printf_llx.o ABSOLUTE
    ../clib/signal.c                         0x00000000   Number         0  defsig_rtmem_outer.o ABSOLUTE
    ../clib/signal.c                         0x00000000   Number         0  defsig_rtmem_formal.o ABSOLUTE
    ../clib/signal.c                         0x00000000   Number         0  defsig_exit.o ABSOLUTE
    ../clib/signal.c                         0x00000000   Number         0  defsig_rtmem_inner.o ABSOLUTE
    ../clib/signal.c                         0x00000000   Number         0  __raise.o ABSOLUTE
    ../clib/signal.c                         0x00000000   Number         0  defsig_general.o ABSOLUTE
    ../clib/signal.c                         0x00000000   Number         0  defsig_abrt_inner.o ABSOLUTE
    ../clib/signal.c                         0x00000000   Number         0  defsig_fpe_inner.o ABSOLUTE
    ../clib/signal.c                         0x00000000   Number         0  defsig_rtred_inner.o ABSOLUTE
    ../clib/signal.c                         0x00000000   Number         0  defsig_stak_inner.o ABSOLUTE
    ../clib/signal.c                         0x00000000   Number         0  defsig_pvfn_inner.o ABSOLUTE
    ../clib/signal.c                         0x00000000   Number         0  defsig_cppl_inner.o ABSOLUTE
    ../clib/signal.c                         0x00000000   Number         0  defsig_segv_inner.o ABSOLUTE
    ../clib/signal.c                         0x00000000   Number         0  defsig_other.o ABSOLUTE
    ../clib/signal.s                         0x00000000   Number         0  defsig.o ABSOLUTE
    ../clib/stdlib.c                         0x00000000   Number         0  exit.o ABSOLUTE
    ../fplib/d2f.s                           0x00000000   Number         0  d2f.o ABSOLUTE
    ../fplib/daddsub.s                       0x00000000   Number         0  daddsub_clz.o ABSOLUTE
    ../fplib/ddiv.s                          0x00000000   Number         0  ddiv.o ABSOLUTE
    ../fplib/dnaninf.s                       0x00000000   Number         0  dnaninf.o ABSOLUTE
    ../fplib/dretinf.s                       0x00000000   Number         0  dretinf.o ABSOLUTE
    ../fplib/f2d.s                           0x00000000   Number         0  f2d.o ABSOLUTE
    ../fplib/fnaninf.s                       0x00000000   Number         0  fnaninf.o ABSOLUTE
    ../fplib/fpinit.s                        0x00000000   Number         0  fpinit.o ABSOLUTE
    ../fplib/fretinf.s                       0x00000000   Number         0  fretinf.o ABSOLUTE
    ../fplib/istatus.s                       0x00000000   Number         0  istatus.o ABSOLUTE
    ../fplib/printf1.s                       0x00000000   Number         0  printf1.o ABSOLUTE
    ../fplib/printf2.s                       0x00000000   Number         0  printf2.o ABSOLUTE
    ../fplib/printf2a.s                      0x00000000   Number         0  printf2a.o ABSOLUTE
    ../fplib/printf2b.s                      0x00000000   Number         0  printf2b.o ABSOLUTE
    ../fplib/usenofp.s                       0x00000000   Number         0  usenofp.o ABSOLUTE
    ../mathlib/fpclassify.c                  0x00000000   Number         0  fpclassify.o ABSOLUTE
    RTE/Device/LPC4088FET208/startup_LPC407x_8x_177x_8x.s 0x00000000   Number         0  startup_lpc407x_8x_177x_8x.o ABSOLUTE
    dc.s                                     0x00000000   Number         0  dc.o ABSOLUTE
    error.c                                  0x00000000   Number         0  error.o ABSOLUTE
    fuente_12x24.c                           0x00000000   Number         0  fuente_12x24.o ABSOLUTE
    fuente_16x32.c                           0x00000000   Number         0  fuente_16x32.o ABSOLUTE
    fuente_8x16.c                            0x00000000   Number         0  fuente_8x16.o ABSOLUTE
    glcd.c                                   0x00000000   Number         0  glcd.o ABSOLUTE
    i2c_lpc40xx.c                            0x00000000   Number         0  i2c_lpc40xx.o ABSOLUTE
    iocon_lpc40xx.c                          0x00000000   Number         0  iocon_lpc40xx.o ABSOLUTE
    jugador.c                                0x00000000   Number         0  jugador.o ABSOLUTE
    main.c                                   0x00000000   Number         0  main.o ABSOLUTE
    nunchuk.c                                0x00000000   Number         0  nunchuk.o ABSOLUTE
    sdram.c                                  0x00000000   Number         0  sdram.o ABSOLUTE
    sprites.c                                0x00000000   Number         0  sprites.o ABSOLUTE
    system_LPC407x_8x_177x_8x.c              0x00000000   Number         0  system_lpc407x_8x_177x_8x.o ABSOLUTE
    timer_lpc40xx.c                          0x00000000   Number         0  timer_lpc40xx.o ABSOLUTE
    RESET                                    0x00000000   Section      228  startup_lpc407x_8x_177x_8x.o(RESET)
    !!!main                                  0x000000e4   Section        8  __main.o(!!!main)
    !!!scatter                               0x000000ec   Section       92  __scatter.o(!!!scatter)
    !!handler_copy                           0x00000148   Section       26  __scatter_copy.o(!!handler_copy)
    !!handler_null                           0x00000164   Section        2  __scatter.o(!!handler_null)
    !!handler_zi                             0x00000168   Section       28  __scatter_zi.o(!!handler_zi)
    .ARM.Collect$$_printf_percent$$00000000  0x00000184   Section        0  _printf_percent.o(.ARM.Collect$$_printf_percent$$00000000)
    .ARM.Collect$$_printf_percent$$0000000A  0x00000184   Section        6  _printf_u.o(.ARM.Collect$$_printf_percent$$0000000A)
    .ARM.Collect$$_printf_percent$$00000014  0x0000018a   Section        6  _printf_s.o(.ARM.Collect$$_printf_percent$$00000014)
    .ARM.Collect$$_printf_percent$$00000017  0x00000190   Section        4  _printf_percent_end.o(.ARM.Collect$$_printf_percent$$00000017)
    .ARM.Collect$$libinit$$00000000          0x00000194   Section        2  libinit.o(.ARM.Collect$$libinit$$00000000)
    .ARM.Collect$$libinit$$00000001          0x00000196   Section        4  libinit2.o(.ARM.Collect$$libinit$$00000001)
    .ARM.Collect$$libinit$$00000004          0x0000019a   Section        0  libinit2.o(.ARM.Collect$$libinit$$00000004)
    .ARM.Collect$$libinit$$00000006          0x0000019a   Section        0  libinit2.o(.ARM.Collect$$libinit$$00000006)
    .ARM.Collect$$libinit$$0000000C          0x0000019a   Section        0  libinit2.o(.ARM.Collect$$libinit$$0000000C)
    .ARM.Collect$$libinit$$0000000E          0x0000019a   Section        0  libinit2.o(.ARM.Collect$$libinit$$0000000E)
    .ARM.Collect$$libinit$$00000010          0x0000019a   Section        0  libinit2.o(.ARM.Collect$$libinit$$00000010)
    .ARM.Collect$$libinit$$00000013          0x0000019a   Section        0  libinit2.o(.ARM.Collect$$libinit$$00000013)
    .ARM.Collect$$libinit$$00000015          0x0000019a   Section        0  libinit2.o(.ARM.Collect$$libinit$$00000015)
    .ARM.Collect$$libinit$$00000017          0x0000019a   Section        0  libinit2.o(.ARM.Collect$$libinit$$00000017)
    .ARM.Collect$$libinit$$00000019          0x0000019a   Section        0  libinit2.o(.ARM.Collect$$libinit$$00000019)
    .ARM.Collect$$libinit$$0000001B          0x0000019a   Section        0  libinit2.o(.ARM.Collect$$libinit$$0000001B)
    .ARM.Collect$$libinit$$0000001D          0x0000019a   Section        0  libinit2.o(.ARM.Collect$$libinit$$0000001D)
    .ARM.Collect$$libinit$$0000001F          0x0000019a   Section        0  libinit2.o(.ARM.Collect$$libinit$$0000001F)
    .ARM.Collect$$libinit$$00000021          0x0000019a   Section        0  libinit2.o(.ARM.Collect$$libinit$$00000021)
    .ARM.Collect$$libinit$$00000023          0x0000019a   Section        0  libinit2.o(.ARM.Collect$$libinit$$00000023)
    .ARM.Collect$$libinit$$00000025          0x0000019a   Section        0  libinit2.o(.ARM.Collect$$libinit$$00000025)
    .ARM.Collect$$libinit$$00000027          0x0000019a   Section        0  libinit2.o(.ARM.Collect$$libinit$$00000027)
    .ARM.Collect$$libinit$$0000002E          0x0000019a   Section        0  libinit2.o(.ARM.Collect$$libinit$$0000002E)
    .ARM.Collect$$libinit$$00000030          0x0000019a   Section        0  libinit2.o(.ARM.Collect$$libinit$$00000030)
    .ARM.Collect$$libinit$$00000032          0x0000019a   Section        0  libinit2.o(.ARM.Collect$$libinit$$00000032)
    .ARM.Collect$$libinit$$00000034          0x0000019a   Section        0  libinit2.o(.ARM.Collect$$libinit$$00000034)
    .ARM.Collect$$libinit$$00000035          0x0000019a   Section        2  libinit2.o(.ARM.Collect$$libinit$$00000035)
    .ARM.Collect$$libshutdown$$00000000      0x0000019c   Section        2  libshutdown.o(.ARM.Collect$$libshutdown$$00000000)
    .ARM.Collect$$libshutdown$$00000002      0x0000019e   Section        0  libshutdown2.o(.ARM.Collect$$libshutdown$$00000002)
    .ARM.Collect$$libshutdown$$00000004      0x0000019e   Section        0  libshutdown2.o(.ARM.Collect$$libshutdown$$00000004)
    .ARM.Collect$$libshutdown$$00000007      0x0000019e   Section        0  libshutdown2.o(.ARM.Collect$$libshutdown$$00000007)
    .ARM.Collect$$libshutdown$$0000000A      0x0000019e   Section        0  libshutdown2.o(.ARM.Collect$$libshutdown$$0000000A)
    .ARM.Collect$$libshutdown$$0000000C      0x0000019e   Section        0  libshutdown2.o(.ARM.Collect$$libshutdown$$0000000C)
    .ARM.Collect$$libshutdown$$0000000F      0x0000019e   Section        0  libshutdown2.o(.ARM.Collect$$libshutdown$$0000000F)
    .ARM.Collect$$libshutdown$$00000010      0x0000019e   Section        2  libshutdown2.o(.ARM.Collect$$libshutdown$$00000010)
    .ARM.Collect$$rtentry$$00000000          0x000001a0   Section        0  __rtentry.o(.ARM.Collect$$rtentry$$00000000)
    .ARM.Collect$$rtentry$$00000002          0x000001a0   Section        0  __rtentry2.o(.ARM.Collect$$rtentry$$00000002)
    .ARM.Collect$$rtentry$$00000004          0x000001a0   Section        6  __rtentry4.o(.ARM.Collect$$rtentry$$00000004)
    .ARM.Collect$$rtentry$$00000009          0x000001a6   Section        0  __rtentry2.o(.ARM.Collect$$rtentry$$00000009)
    .ARM.Collect$$rtentry$$0000000A          0x000001a6   Section        4  __rtentry2.o(.ARM.Collect$$rtentry$$0000000A)
    .ARM.Collect$$rtentry$$0000000C          0x000001aa   Section        0  __rtentry2.o(.ARM.Collect$$rtentry$$0000000C)
    .ARM.Collect$$rtentry$$0000000D          0x000001aa   Section        8  __rtentry2.o(.ARM.Collect$$rtentry$$0000000D)
    .ARM.Collect$$rtexit$$00000000           0x000001b2   Section        2  rtexit.o(.ARM.Collect$$rtexit$$00000000)
    .ARM.Collect$$rtexit$$00000002           0x000001b4   Section        0  rtexit2.o(.ARM.Collect$$rtexit$$00000002)
    .ARM.Collect$$rtexit$$00000003           0x000001b4   Section        4  rtexit2.o(.ARM.Collect$$rtexit$$00000003)
    .ARM.Collect$$rtexit$$00000004           0x000001b8   Section        6  rtexit2.o(.ARM.Collect$$rtexit$$00000004)
    $v0                                      0x000001c0   Number         0  startup_lpc407x_8x_177x_8x.o(.text)
    .text                                    0x000001c0   Section       60  startup_lpc407x_8x_177x_8x.o(.text)
    .text                                    0x000001fc   Section        2  use_no_semi_2.o(.text)
    .text                                    0x00000200   Section        0  __2printf.o(.text)
    .text                                    0x00000218   Section        0  _printf_str.o(.text)
    .text                                    0x0000026c   Section        0  _printf_dec.o(.text)
    .text                                    0x000002e4   Section        0  heapauxi.o(.text)
    .text                                    0x000002ea   Section        2  use_no_semi.o(.text)
    .text                                    0x000002ec   Section        8  libspace.o(.text)
    .L__const.jugador_crear.ret              0x000002f4   Data           8  jugador.o(.rodata..L__const.jugador_crear.ret)
    x$fpl$usenofp                            0x000002f4   Section        0  usenofp.o(x$fpl$usenofp)
    .ARM.__at_0x02FC                         0x000002fc   Section        4  startup_lpc407x_8x_177x_8x.o(.ARM.__at_0x02FC)
    .text                                    0x00000300   Section        0  __printf_flags_ss_wp.o(.text)
    .text                                    0x00000488   Section      122  rt_memmove_w.o(.text)
    .text                                    0x00000502   Section        0  _printf_intcommon.o(.text)
    .text                                    0x000005b4   Section        0  _printf_char.o(.text)
    .text                                    0x000005e0   Section        0  _printf_char_file.o(.text)
    .text                                    0x00000604   Section      100  rt_memcpy_w.o(.text)
    _printf_input_char                       0x00000669   Thumb Code    10  _printf_char_common.o(.text)
    .text                                    0x00000668   Section        0  _printf_char_common.o(.text)
    .text                                    0x00000698   Section       74  sys_stackheap_outer.o(.text)
    .text                                    0x000006e2   Section        0  exit.o(.text)
    [Anonymous Symbol]                       0x000006f4   Section        0  error.o(.text.HardFault_Handler)
    [Anonymous Symbol]                       0x00000728   Section        0  system_lpc407x_8x_177x_8x.o(.text.SystemCoreClockUpdate)
    [Anonymous Symbol]                       0x00000c58   Section        0  system_lpc407x_8x_177x_8x.o(.text.SystemInit)
    [Anonymous Symbol]                       0x00000d98   Section        0  system_lpc407x_8x_177x_8x.o(.text.SystemInit_ExtMemCtl)
    [Anonymous Symbol]                       0x000011b4   Section        0  jugador.o(.text.TIMER1_IRQHandler)
    _DelayMs                                 0x00001231   Thumb Code    64  system_lpc407x_8x_177x_8x.o(.text._DelayMs)
    [Anonymous Symbol]                       0x00001230   Section        0  system_lpc407x_8x_177x_8x.o(.text._DelayMs)
    __NVIC_ClearPendingIRQ                   0x00001271   Thumb Code    48  jugador.o(.text.__NVIC_ClearPendingIRQ)
    [Anonymous Symbol]                       0x00001270   Section        0  jugador.o(.text.__NVIC_ClearPendingIRQ)
    __NVIC_EnableIRQ                         0x000012a1   Thumb Code    48  jugador.o(.text.__NVIC_EnableIRQ)
    [Anonymous Symbol]                       0x000012a0   Section        0  jugador.o(.text.__NVIC_EnableIRQ)
    __NVIC_SetPriority                       0x000012d1   Thumb Code    66  jugador.o(.text.__NVIC_SetPriority)
    [Anonymous Symbol]                       0x000012d0   Section        0  jugador.o(.text.__NVIC_SetPriority)
    [Anonymous Symbol]                       0x00001314   Section        0  glcd.o(.text._sys_exit)
    [Anonymous Symbol]                       0x00001330   Section        0  sdram.o(.text.adjust_timing)
    [Anonymous Symbol]                       0x000013a8   Section        0  jugador.o(.text.dibujar_panel)
    dibujar_pixel                            0x0000146d   Thumb Code    52  sprites.o(.text.dibujar_pixel)
    [Anonymous Symbol]                       0x0000146c   Section        0  sprites.o(.text.dibujar_pixel)
    [Anonymous Symbol]                       0x000014a0   Section        0  sprites.o(.text.dibujar_sprite)
    enemigo_borrar                           0x00001521   Thumb Code    46  jugador.o(.text.enemigo_borrar)
    [Anonymous Symbol]                       0x00001520   Section        0  jugador.o(.text.enemigo_borrar)
    [Anonymous Symbol]                       0x00001550   Section        0  jugador.o(.text.enemigo_crear)
    enemigo_dibujar                          0x00001581   Thumb Code    48  jugador.o(.text.enemigo_dibujar)
    [Anonymous Symbol]                       0x00001580   Section        0  jugador.o(.text.enemigo_dibujar)
    [Anonymous Symbol]                       0x000015b0   Section        0  jugador.o(.text.enemigos_borrar)
    [Anonymous Symbol]                       0x00001600   Section        0  jugador.o(.text.enemigos_dibujar)
    [Anonymous Symbol]                       0x00001650   Section        0  glcd.o(.text.ferror)
    [Anonymous Symbol]                       0x00001660   Section        0  system_lpc407x_8x_177x_8x.o(.text.fpu_init)
    [Anonymous Symbol]                       0x000016e4   Section        0  glcd.o(.text.fputc)
    [Anonymous Symbol]                       0x00001888   Section        0  glcd.o(.text.glcd_borrar)
    [Anonymous Symbol]                       0x000018a0   Section        0  glcd.o(.text.glcd_caracter)
    [Anonymous Symbol]                       0x00001990   Section        0  glcd.o(.text.glcd_color_texto)
    [Anonymous Symbol]                       0x0000199c   Section        0  glcd.o(.text.glcd_fondo_texto)
    glcd_i2c0_transmitir_buffer              0x000019a9   Thumb Code   116  glcd.o(.text.glcd_i2c0_transmitir_buffer)
    [Anonymous Symbol]                       0x000019a8   Section        0  glcd.o(.text.glcd_i2c0_transmitir_buffer)
    [Anonymous Symbol]                       0x00001a1c   Section        0  glcd.o(.text.glcd_inicializar)
    [Anonymous Symbol]                       0x00001cf8   Section        0  glcd.o(.text.glcd_punto)
    [Anonymous Symbol]                       0x00001d1c   Section        0  glcd.o(.text.glcd_rectangulo_relleno)
    [Anonymous Symbol]                       0x00001da0   Section        0  glcd.o(.text.glcd_seleccionar_fuente)
    [Anonymous Symbol]                       0x00001de8   Section        0  glcd.o(.text.glcd_xy_texto)
    [Anonymous Symbol]                       0x00001e0c   Section        0  i2c_lpc40xx.o(.text.i2c_inicializar)
    [Anonymous Symbol]                       0x00001f4c   Section        0  i2c_lpc40xx.o(.text.i2c_recibir_byte)
    [Anonymous Symbol]                       0x00001fc0   Section        0  i2c_lpc40xx.o(.text.i2c_start)
    [Anonymous Symbol]                       0x00002014   Section        0  i2c_lpc40xx.o(.text.i2c_stop)
    [Anonymous Symbol]                       0x00002070   Section        0  i2c_lpc40xx.o(.text.i2c_transmitir_byte)
    [Anonymous Symbol]                       0x000020ec   Section        0  iocon_lpc40xx.o(.text.iocon_configurar_pin)
    [Anonymous Symbol]                       0x00002274   Section        0  jugador.o(.text.juego_actualizar)
    [Anonymous Symbol]                       0x00002288   Section        0  jugador.o(.text.juego_borrar)
    [Anonymous Symbol]                       0x00002298   Section        0  jugador.o(.text.juego_dibujar)
    [Anonymous Symbol]                       0x000022a8   Section        0  jugador.o(.text.juego_inicializar)
    [Anonymous Symbol]                       0x00002398   Section        0  jugador.o(.text.jugador_actualizar)
    jugador_borrar                           0x00002441   Thumb Code    24  jugador.o(.text.jugador_borrar)
    [Anonymous Symbol]                       0x00002440   Section        0  jugador.o(.text.jugador_borrar)
    [Anonymous Symbol]                       0x00002458   Section        0  jugador.o(.text.jugador_crear)
    jugador_dibujar                          0x0000246d   Thumb Code    26  jugador.o(.text.jugador_dibujar)
    [Anonymous Symbol]                       0x0000246c   Section        0  jugador.o(.text.jugador_dibujar)
    [Anonymous Symbol]                       0x00002488   Section        0  main.o(.text.main)
    [Anonymous Symbol]                       0x000024dc   Section        0  nunchuk.o(.text.nunchuk_inicializar)
    [Anonymous Symbol]                       0x000025f0   Section        0  nunchuk.o(.text.nunchuk_leer)
    [Anonymous Symbol]                       0x000026c0   Section        0  error.o(.text.parar_con_error)
    [Anonymous Symbol]                       0x00002780   Section        0  jugador.o(.text.samplear_rango)
    [Anonymous Symbol]                       0x00002828   Section        0  sdram.o(.text.sdram_inicializar)
    sdram_test                               0x00002d69   Thumb Code   108  sdram.o(.text.sdram_test)
    [Anonymous Symbol]                       0x00002d68   Section        0  sdram.o(.text.sdram_test)
    [Anonymous Symbol]                       0x00002dd4   Section        0  timer_lpc40xx.o(.text.timer_inicializar)
    [Anonymous Symbol]                       0x00002e78   Section        0  timer_lpc40xx.o(.text.timer_iniciar_ciclos_ms)
    [Anonymous Symbol]                       0x00002f2c   Section        0  timer_lpc40xx.o(.text.timer_retardo_ms)
    [Anonymous Symbol]                       0x00002fdc   Section        0  timer_lpc40xx.o(.text.timer_retardo_us)
    i._is_digit                              0x0000308c   Section        0  __printf_wp.o(i._is_digit)
    $v0                                      0x0000309c   Number         0  d2f.o(x$fpl$d2f)
    x$fpl$d2f                                0x0000309c   Section       98  d2f.o(x$fpl$d2f)
    $v0                                      0x00003100   Number         0  daddsub_clz.o(x$fpl$dadd)
    x$fpl$dadd                               0x00003100   Section      336  daddsub_clz.o(x$fpl$dadd)
    _dadd1                                   0x00003111   Thumb Code     0  daddsub_clz.o(x$fpl$dadd)
    $v0                                      0x00003250   Number         0  ddiv.o(x$fpl$ddiv)
    x$fpl$ddiv                               0x00003250   Section      696  ddiv.o(x$fpl$ddiv)
    ddiv_entry                               0x00003257   Thumb Code     0  ddiv.o(x$fpl$ddiv)
    $v0                                      0x00003508   Number         0  dnaninf.o(x$fpl$dnaninf)
    x$fpl$dnaninf                            0x00003508   Section      156  dnaninf.o(x$fpl$dnaninf)
    $v0                                      0x000035a4   Number         0  dretinf.o(x$fpl$dretinf)
    x$fpl$dretinf                            0x000035a4   Section       12  dretinf.o(x$fpl$dretinf)
    $v0                                      0x000035b0   Number         0  daddsub_clz.o(x$fpl$dsub)
    x$fpl$dsub                               0x000035b0   Section      476  daddsub_clz.o(x$fpl$dsub)
    _dsub1                                   0x000035c1   Thumb Code     0  daddsub_clz.o(x$fpl$dsub)
    $v0                                      0x0000378c   Number         0  f2d.o(x$fpl$f2d)
    x$fpl$f2d                                0x0000378c   Section       86  f2d.o(x$fpl$f2d)
    $v0                                      0x000037e2   Number         0  fnaninf.o(x$fpl$fnaninf)
    x$fpl$fnaninf                            0x000037e2   Section      140  fnaninf.o(x$fpl$fnaninf)
    $v0                                      0x0000386e   Number         0  fpinit.o(x$fpl$fpinit)
    x$fpl$fpinit                             0x0000386e   Section       26  fpinit.o(x$fpl$fpinit)
    $v0                                      0x00003888   Number         0  fretinf.o(x$fpl$fretinf)
    x$fpl$fretinf                            0x00003888   Section       10  fretinf.o(x$fpl$fretinf)
    maptable                                 0x00003892   Data          17  __printf_flags_ss_wp.o(.constdata)
    .constdata                               0x00003892   Section       17  __printf_flags_ss_wp.o(.constdata)
    .L.str.2                                 0x0000a8e0   Data          26  timer_lpc40xx.o(.rodata.str1.1)
    [Anonymous Symbol]                       0x0000a8e0   Section        0  timer_lpc40xx.o(.rodata.str1.1)
    .L.str                                   0x0000a8fa   Data          16  timer_lpc40xx.o(.rodata.str1.1)
    .L.str.1                                 0x0000a922   Data          22  timer_lpc40xx.o(.rodata.str1.1)
    .L__FUNCTION__.timer_iniciar_ciclos_ms   0x0000a938   Data          24  timer_lpc40xx.o(.rodata.str1.1)
    .L__FUNCTION__.timer_iniciar_ciclos_us   0x0000a938   Data          24  timer_lpc40xx.o(.rodata.str1.1)
    .L__FUNCTION__.timer_esperar_fin_ciclo   0x0000a950   Data          24  timer_lpc40xx.o(.rodata.str1.1)
    .L.str.1                                 0x0000a968   Data          19  glcd.o(.rodata.str1.1)
    [Anonymous Symbol]                       0x0000a968   Section        0  glcd.o(.rodata.str1.1)
    .L.str                                   0x0000a97b   Data           7  glcd.o(.rodata.str1.1)
    .L__FUNCTION__.glcd_texto                0x0000a982   Data          11  glcd.o(.rodata.str1.1)
    .L.str.1                                 0x0000a98d   Data          35  i2c_lpc40xx.o(.rodata.str1.1)
    [Anonymous Symbol]                       0x0000a98d   Section        0  i2c_lpc40xx.o(.rodata.str1.1)
    .L.str                                   0x0000a9b0   Data          14  i2c_lpc40xx.o(.rodata.str1.1)
    .L__FUNCTION__.i2c_inicializar           0x0000a9be   Data          16  i2c_lpc40xx.o(.rodata.str1.1)
    .L.str.5                                 0x0000a9ce   Data          37  iocon_lpc40xx.o(.rodata.str1.1)
    [Anonymous Symbol]                       0x0000a9ce   Section        0  iocon_lpc40xx.o(.rodata.str1.1)
    .L.str.3                                 0x0000a9f3   Data          57  iocon_lpc40xx.o(.rodata.str1.1)
    .L.str                                   0x0000aa2c   Data          16  iocon_lpc40xx.o(.rodata.str1.1)
    .L__FUNCTION__.iocon_configurar_pin      0x0000aa3c   Data          21  iocon_lpc40xx.o(.rodata.str1.1)
    tabla_fuentes                            0x0000aa54   Data          12  glcd.o(.rodata.tabla_fuentes)
    [Anonymous Symbol]                       0x0000aa54   Section        0  glcd.o(.rodata.tabla_fuentes)
    tabla_funciones_pines                    0x0000aa60   Data        3072  iocon_lpc40xx.o(.rodata.tabla_funciones_pines)
    [Anonymous Symbol]                       0x0000aa60   Section        0  iocon_lpc40xx.o(.rodata.tabla_funciones_pines)
    color_texto_actual                       0x10000010   Data           2  glcd.o(.data.color_texto_actual)
    [Anonymous Symbol]                       0x10000010   Section        0  glcd.o(.data.color_texto_actual)
    desplazamiento_activado                  0x10000012   Data           1  glcd.o(.data.desplazamiento_activado)
    [Anonymous Symbol]                       0x10000012   Section        0  glcd.o(.data.desplazamiento_activado)
    fuente_actual                            0x10000014   Data           4  glcd.o(.data.fuente_actual)
    [Anonymous Symbol]                       0x10000014   Section        0  glcd.o(.data.fuente_actual)
    .bss                                     0x10000030   Section       96  libspace.o(.bss)
    color_fondo_texto_actual                 0x10000094   Data           2  glcd.o(.bss.color_fondo_texto_actual)
    [Anonymous Symbol]                       0x10000094   Section        0  glcd.o(.bss.color_fondo_texto_actual)
    ringosccount                             0x1000045c   Data           8  sdram.o(.bss.ringosccount)
    [Anonymous Symbol]                       0x1000045c   Section        0  sdram.o(.bss.ringosccount)
    x_texto_actual                           0x10000464   Data           4  glcd.o(.bss.x_texto_actual)
    [Anonymous Symbol]                       0x10000464   Section        0  glcd.o(.bss.x_texto_actual)
    y_texto_actual                           0x10000468   Data           4  glcd.o(.bss.y_texto_actual)
    [Anonymous Symbol]                       0x10000468   Section        0  glcd.o(.bss.y_texto_actual)
    Heap_Mem                                 0x10000470   Data           0  startup_lpc407x_8x_177x_8x.o(HEAP)
    Stack_Mem                                0x10000470   Data        1024  startup_lpc407x_8x_177x_8x.o(STACK)
    HEAP                                     0x10000470   Section        0  startup_lpc407x_8x_177x_8x.o(HEAP)
    STACK                                    0x10000470   Section     1024  startup_lpc407x_8x_177x_8x.o(STACK)
    __initial_sp                             0x10000870   Data           0  startup_lpc407x_8x_177x_8x.o(STACK)

    Global Symbols

    Symbol Name                              Value     Ov Type        Size  Object(Section)

    BuildAttributes$$THM_ISAv4$E$P$D$K$B$S$7EM$VFPi3$EXTD16$VFPS$VFMA$PE$A:L22UL41UL21$X:L11$S22US41US21$IEEE1$IW$~IW$USESV6$~STKCKD$USESV7$~SHL$OTIME$ROPI$IEEEJ$EBA8$UX$STANDARDLIB$REQ8$PRES8$EABIv2 0x00000000   Number         0  anon$$obj.o ABSOLUTE
    __Vectors                                0x00000000   Data           4  startup_lpc407x_8x_177x_8x.o(RESET)
    _printf_flags                            0x00000000   Number         0  printf_stubs.o ABSOLUTE
    _printf_return_value                     0x00000000   Number         0  printf_stubs.o ABSOLUTE
    _printf_sizespec                         0x00000000   Number         0  printf_stubs.o ABSOLUTE
    _printf_widthprec                        0x00000000   Number         0  printf_stubs.o ABSOLUTE
    __ARM_exceptions_init                     - Undefined Weak Reference
    __alloca_initialize                       - Undefined Weak Reference
    __arm_preinit_                            - Undefined Weak Reference
    __arm_relocate_pie_                       - Undefined Weak Reference
    __cpp_initialize__aeabi_                  - Undefined Weak Reference
    __cxa_finalize                            - Undefined Weak Reference
    __sigvec_lookup                           - Undefined Weak Reference
    _atexit_init                              - Undefined Weak Reference
    _call_atexit_fns                          - Undefined Weak Reference
    _clock_init                               - Undefined Weak Reference
    _fp_trap_init                             - Undefined Weak Reference
    _fp_trap_shutdown                         - Undefined Weak Reference
    _get_lc_collate                           - Undefined Weak Reference
    _get_lc_monetary                          - Undefined Weak Reference
    _get_lc_time                              - Undefined Weak Reference
    _getenv_init                              - Undefined Weak Reference
    _handle_redirection                       - Undefined Weak Reference
    _init_alloc                               - Undefined Weak Reference
    _init_user_alloc                          - Undefined Weak Reference
    _initio                                   - Undefined Weak Reference
    _printf_mbtowc                            - Undefined Weak Reference
    _printf_wc                                - Undefined Weak Reference
    _rand_init                                - Undefined Weak Reference
    _signal_finish                            - Undefined Weak Reference
    _signal_init                              - Undefined Weak Reference
    _terminate_alloc                          - Undefined Weak Reference
    _terminate_user_alloc                     - Undefined Weak Reference
    _terminateio                              - Undefined Weak Reference
    __main                                   0x000000e5   Thumb Code     8  __main.o(!!!main)
    __scatterload                            0x000000ed   Thumb Code     0  __scatter.o(!!!scatter)
    __scatterload_rt2                        0x000000ed   Thumb Code    84  __scatter.o(!!!scatter)
    __scatterload_rt2_thumb_only             0x000000ed   Thumb Code     0  __scatter.o(!!!scatter)
    __scatterload_loop                       0x000000f7   Thumb Code     0  __scatter.o(!!!scatter)
    __scatterload_copy                       0x00000149   Thumb Code    26  __scatter_copy.o(!!handler_copy)
    __scatterload_null                       0x00000165   Thumb Code     2  __scatter.o(!!handler_null)
    __scatterload_zeroinit                   0x00000169   Thumb Code    28  __scatter_zi.o(!!handler_zi)
    _printf_percent                          0x00000185   Thumb Code     0  _printf_percent.o(.ARM.Collect$$_printf_percent$$00000000)
    _printf_u                                0x00000185   Thumb Code     0  _printf_u.o(.ARM.Collect$$_printf_percent$$0000000A)
    _printf_s                                0x0000018b   Thumb Code     0  _printf_s.o(.ARM.Collect$$_printf_percent$$00000014)
    _printf_percent_end                      0x00000191   Thumb Code     0  _printf_percent_end.o(.ARM.Collect$$_printf_percent$$00000017)
    __rt_lib_init                            0x00000195   Thumb Code     0  libinit.o(.ARM.Collect$$libinit$$00000000)
    __rt_lib_init_fp_1                       0x00000197   Thumb Code     0  libinit2.o(.ARM.Collect$$libinit$$00000001)
    __rt_lib_init_alloca_1                   0x0000019b   Thumb Code     0  libinit2.o(.ARM.Collect$$libinit$$00000030)
    __rt_lib_init_argv_1                     0x0000019b   Thumb Code     0  libinit2.o(.ARM.Collect$$libinit$$0000002E)
    __rt_lib_init_atexit_1                   0x0000019b   Thumb Code     0  libinit2.o(.ARM.Collect$$libinit$$0000001D)
    __rt_lib_init_clock_1                    0x0000019b   Thumb Code     0  libinit2.o(.ARM.Collect$$libinit$$00000023)
    __rt_lib_init_cpp_1                      0x0000019b   Thumb Code     0  libinit2.o(.ARM.Collect$$libinit$$00000034)
    __rt_lib_init_exceptions_1               0x0000019b   Thumb Code     0  libinit2.o(.ARM.Collect$$libinit$$00000032)
    __rt_lib_init_fp_trap_1                  0x0000019b   Thumb Code     0  libinit2.o(.ARM.Collect$$libinit$$00000021)
    __rt_lib_init_getenv_1                   0x0000019b   Thumb Code     0  libinit2.o(.ARM.Collect$$libinit$$00000025)
    __rt_lib_init_heap_1                     0x0000019b   Thumb Code     0  libinit2.o(.ARM.Collect$$libinit$$0000000C)
    __rt_lib_init_lc_collate_1               0x0000019b   Thumb Code     0  libinit2.o(.ARM.Collect$$libinit$$00000013)
    __rt_lib_init_lc_ctype_1                 0x0000019b   Thumb Code     0  libinit2.o(.ARM.Collect$$libinit$$00000015)
    __rt_lib_init_lc_monetary_1              0x0000019b   Thumb Code     0  libinit2.o(.ARM.Collect$$libinit$$00000017)
    __rt_lib_init_lc_numeric_1               0x0000019b   Thumb Code     0  libinit2.o(.ARM.Collect$$libinit$$00000019)
    __rt_lib_init_lc_time_1                  0x0000019b   Thumb Code     0  libinit2.o(.ARM.Collect$$libinit$$0000001B)
    __rt_lib_init_preinit_1                  0x0000019b   Thumb Code     0  libinit2.o(.ARM.Collect$$libinit$$00000006)
    __rt_lib_init_rand_1                     0x0000019b   Thumb Code     0  libinit2.o(.ARM.Collect$$libinit$$00000010)
    __rt_lib_init_relocate_pie_1             0x0000019b   Thumb Code     0  libinit2.o(.ARM.Collect$$libinit$$00000004)
    __rt_lib_init_return                     0x0000019b   Thumb Code     0  libinit2.o(.ARM.Collect$$libinit$$00000035)
    __rt_lib_init_signal_1                   0x0000019b   Thumb Code     0  libinit2.o(.ARM.Collect$$libinit$$0000001F)
    __rt_lib_init_stdio_1                    0x0000019b   Thumb Code     0  libinit2.o(.ARM.Collect$$libinit$$00000027)
    __rt_lib_init_user_alloc_1               0x0000019b   Thumb Code     0  libinit2.o(.ARM.Collect$$libinit$$0000000E)
    __rt_lib_shutdown                        0x0000019d   Thumb Code     0  libshutdown.o(.ARM.Collect$$libshutdown$$00000000)
    __rt_lib_shutdown_cpp_1                  0x0000019f   Thumb Code     0  libshutdown2.o(.ARM.Collect$$libshutdown$$00000002)
    __rt_lib_shutdown_fp_trap_1              0x0000019f   Thumb Code     0  libshutdown2.o(.ARM.Collect$$libshutdown$$00000007)
    __rt_lib_shutdown_heap_1                 0x0000019f   Thumb Code     0  libshutdown2.o(.ARM.Collect$$libshutdown$$0000000F)
    __rt_lib_shutdown_return                 0x0000019f   Thumb Code     0  libshutdown2.o(.ARM.Collect$$libshutdown$$00000010)
    __rt_lib_shutdown_signal_1               0x0000019f   Thumb Code     0  libshutdown2.o(.ARM.Collect$$libshutdown$$0000000A)
    __rt_lib_shutdown_stdio_1                0x0000019f   Thumb Code     0  libshutdown2.o(.ARM.Collect$$libshutdown$$00000004)
    __rt_lib_shutdown_user_alloc_1           0x0000019f   Thumb Code     0  libshutdown2.o(.ARM.Collect$$libshutdown$$0000000C)
    __rt_entry                               0x000001a1   Thumb Code     0  __rtentry.o(.ARM.Collect$$rtentry$$00000000)
    __rt_entry_presh_1                       0x000001a1   Thumb Code     0  __rtentry2.o(.ARM.Collect$$rtentry$$00000002)
    __rt_entry_sh                            0x000001a1   Thumb Code     0  __rtentry4.o(.ARM.Collect$$rtentry$$00000004)
    __rt_entry_li                            0x000001a7   Thumb Code     0  __rtentry2.o(.ARM.Collect$$rtentry$$0000000A)
    __rt_entry_postsh_1                      0x000001a7   Thumb Code     0  __rtentry2.o(.ARM.Collect$$rtentry$$00000009)
    __rt_entry_main                          0x000001ab   Thumb Code     0  __rtentry2.o(.ARM.Collect$$rtentry$$0000000D)
    __rt_entry_postli_1                      0x000001ab   Thumb Code     0  __rtentry2.o(.ARM.Collect$$rtentry$$0000000C)
    __rt_exit                                0x000001b3   Thumb Code     0  rtexit.o(.ARM.Collect$$rtexit$$00000000)
    __rt_exit_ls                             0x000001b5   Thumb Code     0  rtexit2.o(.ARM.Collect$$rtexit$$00000003)
    __rt_exit_prels_1                        0x000001b5   Thumb Code     0  rtexit2.o(.ARM.Collect$$rtexit$$00000002)
    __rt_exit_exit                           0x000001b9   Thumb Code     0  rtexit2.o(.ARM.Collect$$rtexit$$00000004)
    Reset_Handler                            0x000001c1   Thumb Code     8  startup_lpc407x_8x_177x_8x.o(.text)
    NMI_Handler                              0x000001c9   Thumb Code     2  startup_lpc407x_8x_177x_8x.o(.text)
    MemManage_Handler                        0x000001cd   Thumb Code     2  startup_lpc407x_8x_177x_8x.o(.text)
    BusFault_Handler                         0x000001cf   Thumb Code     2  startup_lpc407x_8x_177x_8x.o(.text)
    UsageFault_Handler                       0x000001d1   Thumb Code     2  startup_lpc407x_8x_177x_8x.o(.text)
    SVC_Handler                              0x000001d3   Thumb Code     2  startup_lpc407x_8x_177x_8x.o(.text)
    DebugMon_Handler                         0x000001d5   Thumb Code     2  startup_lpc407x_8x_177x_8x.o(.text)
    PendSV_Handler                           0x000001d7   Thumb Code     2  startup_lpc407x_8x_177x_8x.o(.text)
    SysTick_Handler                          0x000001d9   Thumb Code     2  startup_lpc407x_8x_177x_8x.o(.text)
    ADC_IRQHandler                           0x000001db   Thumb Code     0  startup_lpc407x_8x_177x_8x.o(.text)
    BOD_IRQHandler                           0x000001db   Thumb Code     0  startup_lpc407x_8x_177x_8x.o(.text)
    CANActivity_IRQHandler                   0x000001db   Thumb Code     0  startup_lpc407x_8x_177x_8x.o(.text)
    CAN_IRQHandler                           0x000001db   Thumb Code     0  startup_lpc407x_8x_177x_8x.o(.text)
    DMA_IRQHandler                           0x000001db   Thumb Code     0  startup_lpc407x_8x_177x_8x.o(.text)
    EEPROM_IRQHandler                        0x000001db   Thumb Code     0  startup_lpc407x_8x_177x_8x.o(.text)
    EINT0_IRQHandler                         0x000001db   Thumb Code     0  startup_lpc407x_8x_177x_8x.o(.text)
    EINT1_IRQHandler                         0x000001db   Thumb Code     0  startup_lpc407x_8x_177x_8x.o(.text)
    EINT2_IRQHandler                         0x000001db   Thumb Code     0  startup_lpc407x_8x_177x_8x.o(.text)
    EINT3_IRQHandler                         0x000001db   Thumb Code     0  startup_lpc407x_8x_177x_8x.o(.text)
    ENET_IRQHandler                          0x000001db   Thumb Code     0  startup_lpc407x_8x_177x_8x.o(.text)
    GPIO_IRQHandler                          0x000001db   Thumb Code     0  startup_lpc407x_8x_177x_8x.o(.text)
    I2C0_IRQHandler                          0x000001db   Thumb Code     0  startup_lpc407x_8x_177x_8x.o(.text)
    I2C1_IRQHandler                          0x000001db   Thumb Code     0  startup_lpc407x_8x_177x_8x.o(.text)
    I2C2_IRQHandler                          0x000001db   Thumb Code     0  startup_lpc407x_8x_177x_8x.o(.text)
    I2S_IRQHandler                           0x000001db   Thumb Code     0  startup_lpc407x_8x_177x_8x.o(.text)
    LCD_IRQHandler                           0x000001db   Thumb Code     0  startup_lpc407x_8x_177x_8x.o(.text)
    MCI_IRQHandler                           0x000001db   Thumb Code     0  startup_lpc407x_8x_177x_8x.o(.text)
    MCPWM_IRQHandler                         0x000001db   Thumb Code     0  startup_lpc407x_8x_177x_8x.o(.text)
    PLL0_IRQHandler                          0x000001db   Thumb Code     0  startup_lpc407x_8x_177x_8x.o(.text)
    PLL1_IRQHandler                          0x000001db   Thumb Code     0  startup_lpc407x_8x_177x_8x.o(.text)
    PWM0_IRQHandler                          0x000001db   Thumb Code     0  startup_lpc407x_8x_177x_8x.o(.text)
    PWM1_IRQHandler                          0x000001db   Thumb Code     0  startup_lpc407x_8x_177x_8x.o(.text)
    QEI_IRQHandler                           0x000001db   Thumb Code     0  startup_lpc407x_8x_177x_8x.o(.text)
    RTC_IRQHandler                           0x000001db   Thumb Code     0  startup_lpc407x_8x_177x_8x.o(.text)
    SSP0_IRQHandler                          0x000001db   Thumb Code     0  startup_lpc407x_8x_177x_8x.o(.text)
    SSP1_IRQHandler                          0x000001db   Thumb Code     0  startup_lpc407x_8x_177x_8x.o(.text)
    SSP2_IRQHandler                          0x000001db   Thumb Code     0  startup_lpc407x_8x_177x_8x.o(.text)
    TIMER0_IRQHandler                        0x000001db   Thumb Code     0  startup_lpc407x_8x_177x_8x.o(.text)
    TIMER2_IRQHandler                        0x000001db   Thumb Code     0  startup_lpc407x_8x_177x_8x.o(.text)
    TIMER3_IRQHandler                        0x000001db   Thumb Code     0  startup_lpc407x_8x_177x_8x.o(.text)
    UART0_IRQHandler                         0x000001db   Thumb Code     0  startup_lpc407x_8x_177x_8x.o(.text)
    UART1_IRQHandler                         0x000001db   Thumb Code     0  startup_lpc407x_8x_177x_8x.o(.text)
    UART2_IRQHandler                         0x000001db   Thumb Code     0  startup_lpc407x_8x_177x_8x.o(.text)
    UART3_IRQHandler                         0x000001db   Thumb Code     0  startup_lpc407x_8x_177x_8x.o(.text)
    UART4_IRQHandler                         0x000001db   Thumb Code     0  startup_lpc407x_8x_177x_8x.o(.text)
    USBActivity_IRQHandler                   0x000001db   Thumb Code     0  startup_lpc407x_8x_177x_8x.o(.text)
    USB_IRQHandler                           0x000001db   Thumb Code     0  startup_lpc407x_8x_177x_8x.o(.text)
    WDT_IRQHandler                           0x000001db   Thumb Code     0  startup_lpc407x_8x_177x_8x.o(.text)
    __user_initial_stackheap                 0x000001dd   Thumb Code     0  startup_lpc407x_8x_177x_8x.o(.text)
    __use_no_semihosting                     0x000001fd   Thumb Code     2  use_no_semi_2.o(.text)
    __2printf                                0x00000201   Thumb Code    20  __2printf.o(.text)
    _printf_str                              0x00000219   Thumb Code    82  _printf_str.o(.text)
    _printf_int_dec                          0x0000026d   Thumb Code   104  _printf_dec.o(.text)
    __use_two_region_memory                  0x000002e5   Thumb Code     2  heapauxi.o(.text)
    __rt_heap_escrow$2region                 0x000002e7   Thumb Code     2  heapauxi.o(.text)
    __rt_heap_expand$2region                 0x000002e9   Thumb Code     2  heapauxi.o(.text)
    __I$use$semihosting                      0x000002eb   Thumb Code     0  use_no_semi.o(.text)
    __use_no_semihosting_swi                 0x000002eb   Thumb Code     2  use_no_semi.o(.text)
    __user_libspace                          0x000002ed   Thumb Code     8  libspace.o(.text)
    __user_perproc_libspace                  0x000002ed   Thumb Code     0  libspace.o(.text)
    __user_perthread_libspace                0x000002ed   Thumb Code     0  libspace.o(.text)
    __I$use$fp                               0x000002f4   Number         0  usenofp.o(x$fpl$usenofp)
    __printf                                 0x00000301   Thumb Code   388  __printf_flags_ss_wp.o(.text)
    __aeabi_memmove4                         0x00000489   Thumb Code     0  rt_memmove_w.o(.text)
    __aeabi_memmove8                         0x00000489   Thumb Code     0  rt_memmove_w.o(.text)
    __rt_memmove_w                           0x00000489   Thumb Code   122  rt_memmove_w.o(.text)
    __memmove_aligned                        0x000004af   Thumb Code     0  rt_memmove_w.o(.text)
    __memmove_lastfew_aligned                0x000004e7   Thumb Code     0  rt_memmove_w.o(.text)
    _printf_int_common                       0x00000503   Thumb Code   178  _printf_intcommon.o(.text)
    _printf_cs_common                        0x000005b5   Thumb Code    20  _printf_char.o(.text)
    _printf_char                             0x000005c9   Thumb Code    16  _printf_char.o(.text)
    _printf_string                           0x000005d9   Thumb Code     8  _printf_char.o(.text)
    _printf_char_file                        0x000005e1   Thumb Code    32  _printf_char_file.o(.text)
    __aeabi_memcpy4                          0x00000605   Thumb Code     0  rt_memcpy_w.o(.text)
    __aeabi_memcpy8                          0x00000605   Thumb Code     0  rt_memcpy_w.o(.text)
    __rt_memcpy_w                            0x00000605   Thumb Code   100  rt_memcpy_w.o(.text)
    _memcpy_lastbytes_aligned                0x0000064d   Thumb Code     0  rt_memcpy_w.o(.text)
    _printf_char_common                      0x00000673   Thumb Code    32  _printf_char_common.o(.text)
    __user_setup_stackheap                   0x00000699   Thumb Code    74  sys_stackheap_outer.o(.text)
    exit                                     0x000006e3   Thumb Code    18  exit.o(.text)
    HardFault_Handler                        0x000006f5   Thumb Code    52  error.o(.text.HardFault_Handler)
    SystemCoreClockUpdate                    0x00000729   Thumb Code  1326  system_lpc407x_8x_177x_8x.o(.text.SystemCoreClockUpdate)
    SystemInit                               0x00000c59   Thumb Code   320  system_lpc407x_8x_177x_8x.o(.text.SystemInit)
    SystemInit_ExtMemCtl                     0x00000d99   Thumb Code  1050  system_lpc407x_8x_177x_8x.o(.text.SystemInit_ExtMemCtl)
    TIMER1_IRQHandler                        0x000011b5   Thumb Code   124  jugador.o(.text.TIMER1_IRQHandler)
    _sys_exit                                0x00001315   Thumb Code    26  glcd.o(.text._sys_exit)
    adjust_timing                            0x00001331   Thumb Code   120  sdram.o(.text.adjust_timing)
    dibujar_panel                            0x000013a9   Thumb Code   188  jugador.o(.text.dibujar_panel)
    dibujar_sprite                           0x000014a1   Thumb Code   128  sprites.o(.text.dibujar_sprite)
    enemigo_crear                            0x00001551   Thumb Code    48  jugador.o(.text.enemigo_crear)
    enemigos_borrar                          0x000015b1   Thumb Code    80  jugador.o(.text.enemigos_borrar)
    enemigos_dibujar                         0x00001601   Thumb Code    80  jugador.o(.text.enemigos_dibujar)
    ferror                                   0x00001651   Thumb Code    16  glcd.o(.text.ferror)
    fpu_init                                 0x00001661   Thumb Code   132  system_lpc407x_8x_177x_8x.o(.text.fpu_init)
    fputc                                    0x000016e5   Thumb Code   418  glcd.o(.text.fputc)
    glcd_borrar                              0x00001889   Thumb Code    22  glcd.o(.text.glcd_borrar)
    glcd_caracter                            0x000018a1   Thumb Code   224  glcd.o(.text.glcd_caracter)
    glcd_color_texto                         0x00001991   Thumb Code    12  glcd.o(.text.glcd_color_texto)
    glcd_fondo_texto                         0x0000199d   Thumb Code    12  glcd.o(.text.glcd_fondo_texto)
    glcd_inicializar                         0x00001a1d   Thumb Code   732  glcd.o(.text.glcd_inicializar)
    glcd_punto                               0x00001cf9   Thumb Code    34  glcd.o(.text.glcd_punto)
    glcd_rectangulo_relleno                  0x00001d1d   Thumb Code   132  glcd.o(.text.glcd_rectangulo_relleno)
    glcd_seleccionar_fuente                  0x00001da1   Thumb Code    48  glcd.o(.text.glcd_seleccionar_fuente)
    glcd_xy_texto                            0x00001de9   Thumb Code    36  glcd.o(.text.glcd_xy_texto)
    i2c_inicializar                          0x00001e0d   Thumb Code   268  i2c_lpc40xx.o(.text.i2c_inicializar)
    i2c_recibir_byte                         0x00001f4d   Thumb Code    96  i2c_lpc40xx.o(.text.i2c_recibir_byte)
    i2c_start                                0x00001fc1   Thumb Code    72  i2c_lpc40xx.o(.text.i2c_start)
    i2c_stop                                 0x00002015   Thumb Code    80  i2c_lpc40xx.o(.text.i2c_stop)
    i2c_transmitir_byte                      0x00002071   Thumb Code   104  i2c_lpc40xx.o(.text.i2c_transmitir_byte)
    iocon_configurar_pin                     0x000020ed   Thumb Code   264  iocon_lpc40xx.o(.text.iocon_configurar_pin)
    juego_actualizar                         0x00002275   Thumb Code    20  jugador.o(.text.juego_actualizar)
    juego_borrar                             0x00002289   Thumb Code    16  jugador.o(.text.juego_borrar)
    juego_dibujar                            0x00002299   Thumb Code    16  jugador.o(.text.juego_dibujar)
    juego_inicializar                        0x000022a9   Thumb Code   240  jugador.o(.text.juego_inicializar)
    jugador_actualizar                       0x00002399   Thumb Code   168  jugador.o(.text.jugador_actualizar)
    jugador_crear                            0x00002459   Thumb Code    20  jugador.o(.text.jugador_crear)
    main                                     0x00002489   Thumb Code    82  main.o(.text.main)
    nunchuk_inicializar                      0x000024dd   Thumb Code   276  nunchuk.o(.text.nunchuk_inicializar)
    nunchuk_leer                             0x000025f1   Thumb Code   208  nunchuk.o(.text.nunchuk_leer)
    parar_con_error                          0x000026c1   Thumb Code   136  error.o(.text.parar_con_error)
    samplear_rango                           0x00002781   Thumb Code   160  jugador.o(.text.samplear_rango)
    sdram_inicializar                        0x00002829   Thumb Code  1342  sdram.o(.text.sdram_inicializar)
    timer_inicializar                        0x00002dd5   Thumb Code   144  timer_lpc40xx.o(.text.timer_inicializar)
    timer_iniciar_ciclos_ms                  0x00002e79   Thumb Code   180  timer_lpc40xx.o(.text.timer_iniciar_ciclos_ms)
    timer_retardo_ms                         0x00002f2d   Thumb Code   156  timer_lpc40xx.o(.text.timer_retardo_ms)
    timer_retardo_us                         0x00002fdd   Thumb Code   156  timer_lpc40xx.o(.text.timer_retardo_us)
    _is_digit                                0x0000308d   Thumb Code    14  __printf_wp.o(i._is_digit)
    __aeabi_d2f                              0x0000309d   Thumb Code     0  d2f.o(x$fpl$d2f)
    _d2f                                     0x0000309d   Thumb Code    98  d2f.o(x$fpl$d2f)
    __aeabi_dadd                             0x00003101   Thumb Code     0  daddsub_clz.o(x$fpl$dadd)
    _dadd                                    0x00003101   Thumb Code   332  daddsub_clz.o(x$fpl$dadd)
    __aeabi_ddiv                             0x00003251   Thumb Code     0  ddiv.o(x$fpl$ddiv)
    _ddiv                                    0x00003251   Thumb Code   560  ddiv.o(x$fpl$ddiv)
    __fpl_dnaninf                            0x00003509   Thumb Code   156  dnaninf.o(x$fpl$dnaninf)
    __fpl_dretinf                            0x000035a5   Thumb Code    12  dretinf.o(x$fpl$dretinf)
    __aeabi_dsub                             0x000035b1   Thumb Code     0  daddsub_clz.o(x$fpl$dsub)
    _dsub                                    0x000035b1   Thumb Code   472  daddsub_clz.o(x$fpl$dsub)
    __aeabi_f2d                              0x0000378d   Thumb Code     0  f2d.o(x$fpl$f2d)
    _f2d                                     0x0000378d   Thumb Code    86  f2d.o(x$fpl$f2d)
    __fpl_fnaninf                            0x000037e3   Thumb Code   140  fnaninf.o(x$fpl$fnaninf)
    _fp_init                                 0x0000386f   Thumb Code    26  fpinit.o(x$fpl$fpinit)
    __fplib_config_fpu_vfp                   0x00003887   Thumb Code     0  fpinit.o(x$fpl$fpinit)
    __fplib_config_pureend_doubles           0x00003887   Thumb Code     0  fpinit.o(x$fpl$fpinit)
    __fpl_fretinf                            0x00003889   Thumb Code    10  fretinf.o(x$fpl$fretinf)
    fuente_12x24                             0x000038a4   Data          20  fuente_12x24.o(.rodata.fuente_12x24)
    fuente_12x24_datos                       0x000038b8   Data       10752  fuente_12x24.o(.rodata.fuente_12x24_datos)
    fuente_16x32                             0x000062b8   Data          20  fuente_16x32.o(.rodata.fuente_16x32)
    fuente_16x32_datos                       0x000062cc   Data       14336  fuente_16x32.o(.rodata.fuente_16x32_datos)
    fuente_8x16                              0x00009acc   Data          20  fuente_8x16.o(.rodata.fuente_8x16)
    fuente_8x16_datos                        0x00009ae0   Data        3584  fuente_8x16.o(.rodata.fuente_8x16_datos)
    Region$$Table$$Base                      0x0000b660   Number         0  anon$$obj.o(Region$$Table)
    Region$$Table$$Limit                     0x0000b680   Number         0  anon$$obj.o(Region$$Table)
    EMCClock                                 0x10000000   Data           4  system_lpc407x_8x_177x_8x.o(.data.EMCClock)
    PeripheralClock                          0x10000004   Data           4  system_lpc407x_8x_177x_8x.o(.data.PeripheralClock)
    SystemCoreClock                          0x10000008   Data           4  system_lpc407x_8x_177x_8x.o(.data.SystemCoreClock)
    USBClock                                 0x1000000c   Data           4  system_lpc407x_8x_177x_8x.o(.data.USBClock)
    sprite_enemigo_a                         0x10000018   Data           8  jugador.o(.data.sprite_enemigo_a)
    sprite_enemigo_b                         0x10000020   Data           8  jugador.o(.data.sprite_enemigo_b)
    sprite_jugador                           0x10000028   Data           8  jugador.o(.data.sprite_jugador)
    __libspace_start                         0x10000030   Data          96  libspace.o(.bss)
    __stdout                                 0x10000090   Data           4  glcd.o(.bss.__stdout)
    __temporary_stack_top$libspace           0x10000090   Data           0  libspace.o(.bss)
    enemigos                                 0x10000098   Data         960  jugador.o(.bss.enemigos)
    j_g                                      0x10000458   Data           4  jugador.o(.bss.j_g)



==============================================================================

Memory Map of the image

  Image Entry point : 0x000000e5

  Load Region LR_IROM1 (Base: 0x00000000, Size: 0x0000b6b0, Max: 0x00080000, ABSOLUTE)

    Execution Region ER_IROM1 (Exec base: 0x00000000, Load base: 0x00000000, Size: 0x0000b680, Max: 0x00080000, ABSOLUTE)

    Exec Addr    Load Addr    Size         Type   Attr      Idx    E Section Name        Object

    0x00000000   0x00000000   0x000000e4   Data   RO           87    RESET               startup_lpc407x_8x_177x_8x.o
    0x000000e4   0x000000e4   0x00000008   Code   RO          336  * !!!main             c_w.l(__main.o)
    0x000000ec   0x000000ec   0x0000005c   Code   RO          664    !!!scatter          c_w.l(__scatter.o)
    0x00000148   0x00000148   0x0000001a   Code   RO          668    !!handler_copy      c_w.l(__scatter_copy.o)
    0x00000162   0x00000162   0x00000002   PAD
    0x00000164   0x00000164   0x00000002   Code   RO          665    !!handler_null      c_w.l(__scatter.o)
    0x00000166   0x00000166   0x00000002   PAD
    0x00000168   0x00000168   0x0000001c   Code   RO          670    !!handler_zi        c_w.l(__scatter_zi.o)
    0x00000184   0x00000184   0x00000000   Code   RO          331    .ARM.Collect$$_printf_percent$$00000000  c_w.l(_printf_percent.o)
    0x00000184   0x00000184   0x00000006   Code   RO          330    .ARM.Collect$$_printf_percent$$0000000A  c_w.l(_printf_u.o)
    0x0000018a   0x0000018a   0x00000006   Code   RO          329    .ARM.Collect$$_printf_percent$$00000014  c_w.l(_printf_s.o)
    0x00000190   0x00000190   0x00000004   Code   RO          410    .ARM.Collect$$_printf_percent$$00000017  c_w.l(_printf_percent_end.o)
    0x00000194   0x00000194   0x00000002   Code   RO          519    .ARM.Collect$$libinit$$00000000  c_w.l(libinit.o)
    0x00000196   0x00000196   0x00000004   Code   RO          536    .ARM.Collect$$libinit$$00000001  c_w.l(libinit2.o)
    0x0000019a   0x0000019a   0x00000000   Code   RO          539    .ARM.Collect$$libinit$$00000004  c_w.l(libinit2.o)
    0x0000019a   0x0000019a   0x00000000   Code   RO          541    .ARM.Collect$$libinit$$00000006  c_w.l(libinit2.o)
    0x0000019a   0x0000019a   0x00000000   Code   RO          544    .ARM.Collect$$libinit$$0000000C  c_w.l(libinit2.o)
    0x0000019a   0x0000019a   0x00000000   Code   RO          546    .ARM.Collect$$libinit$$0000000E  c_w.l(libinit2.o)
    0x0000019a   0x0000019a   0x00000000   Code   RO          548    .ARM.Collect$$libinit$$00000010  c_w.l(libinit2.o)
    0x0000019a   0x0000019a   0x00000000   Code   RO          551    .ARM.Collect$$libinit$$00000013  c_w.l(libinit2.o)
    0x0000019a   0x0000019a   0x00000000   Code   RO          553    .ARM.Collect$$libinit$$00000015  c_w.l(libinit2.o)
    0x0000019a   0x0000019a   0x00000000   Code   RO          555    .ARM.Collect$$libinit$$00000017  c_w.l(libinit2.o)
    0x0000019a   0x0000019a   0x00000000   Code   RO          557    .ARM.Collect$$libinit$$00000019  c_w.l(libinit2.o)
    0x0000019a   0x0000019a   0x00000000   Code   RO          559    .ARM.Collect$$libinit$$0000001B  c_w.l(libinit2.o)
    0x0000019a   0x0000019a   0x00000000   Code   RO          561    .ARM.Collect$$libinit$$0000001D  c_w.l(libinit2.o)
    0x0000019a   0x0000019a   0x00000000   Code   RO          563    .ARM.Collect$$libinit$$0000001F  c_w.l(libinit2.o)
    0x0000019a   0x0000019a   0x00000000   Code   RO          565    .ARM.Collect$$libinit$$00000021  c_w.l(libinit2.o)
    0x0000019a   0x0000019a   0x00000000   Code   RO          567    .ARM.Collect$$libinit$$00000023  c_w.l(libinit2.o)
    0x0000019a   0x0000019a   0x00000000   Code   RO          569    .ARM.Collect$$libinit$$00000025  c_w.l(libinit2.o)
    0x0000019a   0x0000019a   0x00000000   Code   RO          571    .ARM.Collect$$libinit$$00000027  c_w.l(libinit2.o)
    0x0000019a   0x0000019a   0x00000000   Code   RO          575    .ARM.Collect$$libinit$$0000002E  c_w.l(libinit2.o)
    0x0000019a   0x0000019a   0x00000000   Code   RO          577    .ARM.Collect$$libinit$$00000030  c_w.l(libinit2.o)
    0x0000019a   0x0000019a   0x00000000   Code   RO          579    .ARM.Collect$$libinit$$00000032  c_w.l(libinit2.o)
    0x0000019a   0x0000019a   0x00000000   Code   RO          581    .ARM.Collect$$libinit$$00000034  c_w.l(libinit2.o)
    0x0000019a   0x0000019a   0x00000002   Code   RO          582    .ARM.Collect$$libinit$$00000035  c_w.l(libinit2.o)
    0x0000019c   0x0000019c   0x00000002   Code   RO          602    .ARM.Collect$$libshutdown$$00000000  c_w.l(libshutdown.o)
    0x0000019e   0x0000019e   0x00000000   Code   RO          614    .ARM.Collect$$libshutdown$$00000002  c_w.l(libshutdown2.o)
    0x0000019e   0x0000019e   0x00000000   Code   RO          616    .ARM.Collect$$libshutdown$$00000004  c_w.l(libshutdown2.o)
    0x0000019e   0x0000019e   0x00000000   Code   RO          619    .ARM.Collect$$libshutdown$$00000007  c_w.l(libshutdown2.o)
    0x0000019e   0x0000019e   0x00000000   Code   RO          622    .ARM.Collect$$libshutdown$$0000000A  c_w.l(libshutdown2.o)
    0x0000019e   0x0000019e   0x00000000   Code   RO          624    .ARM.Collect$$libshutdown$$0000000C  c_w.l(libshutdown2.o)
    0x0000019e   0x0000019e   0x00000000   Code   RO          627    .ARM.Collect$$libshutdown$$0000000F  c_w.l(libshutdown2.o)
    0x0000019e   0x0000019e   0x00000002   Code   RO          628    .ARM.Collect$$libshutdown$$00000010  c_w.l(libshutdown2.o)
    0x000001a0   0x000001a0   0x00000000   Code   RO          354    .ARM.Collect$$rtentry$$00000000  c_w.l(__rtentry.o)
    0x000001a0   0x000001a0   0x00000000   Code   RO          440    .ARM.Collect$$rtentry$$00000002  c_w.l(__rtentry2.o)
    0x000001a0   0x000001a0   0x00000006   Code   RO          452    .ARM.Collect$$rtentry$$00000004  c_w.l(__rtentry4.o)
    0x000001a6   0x000001a6   0x00000000   Code   RO          442    .ARM.Collect$$rtentry$$00000009  c_w.l(__rtentry2.o)
    0x000001a6   0x000001a6   0x00000004   Code   RO          443    .ARM.Collect$$rtentry$$0000000A  c_w.l(__rtentry2.o)
    0x000001aa   0x000001aa   0x00000000   Code   RO          445    .ARM.Collect$$rtentry$$0000000C  c_w.l(__rtentry2.o)
    0x000001aa   0x000001aa   0x00000008   Code   RO          446    .ARM.Collect$$rtentry$$0000000D  c_w.l(__rtentry2.o)
    0x000001b2   0x000001b2   0x00000002   Code   RO          527    .ARM.Collect$$rtexit$$00000000  c_w.l(rtexit.o)
    0x000001b4   0x000001b4   0x00000000   Code   RO          584    .ARM.Collect$$rtexit$$00000002  c_w.l(rtexit2.o)
    0x000001b4   0x000001b4   0x00000004   Code   RO          585    .ARM.Collect$$rtexit$$00000003  c_w.l(rtexit2.o)
    0x000001b8   0x000001b8   0x00000006   Code   RO          586    .ARM.Collect$$rtexit$$00000004  c_w.l(rtexit2.o)
    0x000001be   0x000001be   0x00000002   PAD
    0x000001c0   0x000001c0   0x0000003c   Code   RO           89    .text               startup_lpc407x_8x_177x_8x.o
    0x000001fc   0x000001fc   0x00000002   Code   RO          295    .text               c_w.l(use_no_semi_2.o)
    0x000001fe   0x000001fe   0x00000002   PAD
    0x00000200   0x00000200   0x00000018   Code   RO          299    .text               c_w.l(__2printf.o)
    0x00000218   0x00000218   0x00000052   Code   RO          305    .text               c_w.l(_printf_str.o)
    0x0000026a   0x0000026a   0x00000002   PAD
    0x0000026c   0x0000026c   0x00000078   Code   RO          307    .text               c_w.l(_printf_dec.o)
    0x000002e4   0x000002e4   0x00000006   Code   RO          334    .text               c_w.l(heapauxi.o)
    0x000002ea   0x000002ea   0x00000002   Code   RO          352    .text               c_w.l(use_no_semi.o)
    0x000002ec   0x000002ec   0x00000008   Code   RO          524    .text               c_w.l(libspace.o)
    0x000002f4   0x000002f4   0x00000000   Code   RO          438    x$fpl$usenofp       fz_wm.l(usenofp.o)
    0x000002f4   0x000002f4   0x00000008   Data   RO           72    .rodata..L__const.jugador_crear.ret  jugador.o
    0x000002fc   0x000002fc   0x00000004   Code   RO           88    .ARM.__at_0x02FC    startup_lpc407x_8x_177x_8x.o
    0x00000300   0x00000300   0x00000188   Code   RO          326    .text               c_w.l(__printf_flags_ss_wp.o)
    0x00000488   0x00000488   0x0000007a   Code   RO          332    .text               c_w.l(rt_memmove_w.o)
    0x00000502   0x00000502   0x000000b2   Code   RO          359    .text               c_w.l(_printf_intcommon.o)
    0x000005b4   0x000005b4   0x0000002c   Code   RO          363    .text               c_w.l(_printf_char.o)
    0x000005e0   0x000005e0   0x00000024   Code   RO          365    .text               c_w.l(_printf_char_file.o)
    0x00000604   0x00000604   0x00000064   Code   RO          420    .text               c_w.l(rt_memcpy_w.o)
    0x00000668   0x00000668   0x00000030   Code   RO          463    .text               c_w.l(_printf_char_common.o)
    0x00000698   0x00000698   0x0000004a   Code   RO          469    .text               c_w.l(sys_stackheap_outer.o)
    0x000006e2   0x000006e2   0x00000012   Code   RO          512    .text               c_w.l(exit.o)
    0x000006f4   0x000006f4   0x00000034   Code   RO          234    .text.HardFault_Handler  lpc40xx_base.lib(error.o)
    0x00000728   0x00000728   0x0000052e   Code   RO           98    .text.SystemCoreClockUpdate  system_lpc407x_8x_177x_8x.o
    0x00000c56   0x00000c56   0x00000002   PAD
    0x00000c58   0x00000c58   0x00000140   Code   RO          106    .text.SystemInit    system_lpc407x_8x_177x_8x.o
    0x00000d98   0x00000d98   0x0000041a   Code   RO          102    .text.SystemInit_ExtMemCtl  system_lpc407x_8x_177x_8x.o
    0x000011b2   0x000011b2   0x00000002   PAD
    0x000011b4   0x000011b4   0x0000007c   Code   RO           65    .text.TIMER1_IRQHandler  jugador.o
    0x00001230   0x00001230   0x00000040   Code   RO          104    .text._DelayMs      system_lpc407x_8x_177x_8x.o
    0x00001270   0x00001270   0x00000030   Code   RO           41    .text.__NVIC_ClearPendingIRQ  jugador.o
    0x000012a0   0x000012a0   0x00000030   Code   RO           45    .text.__NVIC_EnableIRQ  jugador.o
    0x000012d0   0x000012d0   0x00000042   Code   RO           43    .text.__NVIC_SetPriority  jugador.o
    0x00001312   0x00001312   0x00000002   PAD
    0x00001314   0x00001314   0x0000001a   Code   RO          166    .text._sys_exit     lpc40xx_base.lib(glcd.o)
    0x0000132e   0x0000132e   0x00000002   PAD
    0x00001330   0x00001330   0x00000078   Code   RO          244    .text.adjust_timing  lpc40xx_base.lib(sdram.o)
    0x000013a8   0x000013a8   0x000000c4   Code   RO           69    .text.dibujar_panel  jugador.o
    0x0000146c   0x0000146c   0x00000034   Code   RO           24    .text.dibujar_pixel  sprites.o
    0x000014a0   0x000014a0   0x00000080   Code   RO           22    .text.dibujar_sprite  sprites.o
    0x00001520   0x00001520   0x0000002e   Code   RO           55    .text.enemigo_borrar  jugador.o
    0x0000154e   0x0000154e   0x00000002   PAD
    0x00001550   0x00001550   0x00000030   Code   RO           37    .text.enemigo_crear  jugador.o
    0x00001580   0x00001580   0x00000030   Code   RO           51    .text.enemigo_dibujar  jugador.o
    0x000015b0   0x000015b0   0x00000050   Code   RO           53    .text.enemigos_borrar  jugador.o
    0x00001600   0x00001600   0x00000050   Code   RO           49    .text.enemigos_dibujar  jugador.o
    0x00001650   0x00001650   0x00000010   Code   RO          164    .text.ferror        lpc40xx_base.lib(glcd.o)
    0x00001660   0x00001660   0x00000084   Code   RO          100    .text.fpu_init      system_lpc407x_8x_177x_8x.o
    0x000016e4   0x000016e4   0x000001a2   Code   RO          156    .text.fputc         lpc40xx_base.lib(glcd.o)
    0x00001886   0x00001886   0x00000002   PAD
    0x00001888   0x00001888   0x00000016   Code   RO          152    .text.glcd_borrar   lpc40xx_base.lib(glcd.o)
    0x0000189e   0x0000189e   0x00000002   PAD
    0x000018a0   0x000018a0   0x000000f0   Code   RO          160    .text.glcd_caracter  lpc40xx_base.lib(glcd.o)
    0x00001990   0x00001990   0x0000000c   Code   RO          168    .text.glcd_color_texto  lpc40xx_base.lib(glcd.o)
    0x0000199c   0x0000199c   0x0000000c   Code   RO          170    .text.glcd_fondo_texto  lpc40xx_base.lib(glcd.o)
    0x000019a8   0x000019a8   0x00000074   Code   RO          150    .text.glcd_i2c0_transmitir_buffer  lpc40xx_base.lib(glcd.o)
    0x00001a1c   0x00001a1c   0x000002dc   Code   RO          148    .text.glcd_inicializar  lpc40xx_base.lib(glcd.o)
    0x00001cf8   0x00001cf8   0x00000022   Code   RO          182    .text.glcd_punto    lpc40xx_base.lib(glcd.o)
    0x00001d1a   0x00001d1a   0x00000002   PAD
    0x00001d1c   0x00001d1c   0x00000084   Code   RO          188    .text.glcd_rectangulo_relleno  lpc40xx_base.lib(glcd.o)
    0x00001da0   0x00001da0   0x00000048   Code   RO          176    .text.glcd_seleccionar_fuente  lpc40xx_base.lib(glcd.o)
    0x00001de8   0x00001de8   0x00000024   Code   RO          172    .text.glcd_xy_texto  lpc40xx_base.lib(glcd.o)
    0x00001e0c   0x00001e0c   0x00000140   Code   RO          213    .text.i2c_inicializar  lpc40xx_i2c.lib(i2c_lpc40xx.o)
    0x00001f4c   0x00001f4c   0x00000074   Code   RO          221    .text.i2c_recibir_byte  lpc40xx_i2c.lib(i2c_lpc40xx.o)
    0x00001fc0   0x00001fc0   0x00000054   Code   RO          215    .text.i2c_start     lpc40xx_i2c.lib(i2c_lpc40xx.o)
    0x00002014   0x00002014   0x0000005c   Code   RO          217    .text.i2c_stop      lpc40xx_i2c.lib(i2c_lpc40xx.o)
    0x00002070   0x00002070   0x0000007c   Code   RO          219    .text.i2c_transmitir_byte  lpc40xx_i2c.lib(i2c_lpc40xx.o)
    0x000020ec   0x000020ec   0x00000188   Code   RO          280    .text.iocon_configurar_pin  lpc40xx_base.lib(iocon_lpc40xx.o)
    0x00002274   0x00002274   0x00000014   Code   RO           47    .text.juego_actualizar  jugador.o
    0x00002288   0x00002288   0x00000010   Code   RO           61    .text.juego_borrar  jugador.o
    0x00002298   0x00002298   0x00000010   Code   RO           57    .text.juego_dibujar  jugador.o
    0x000022a8   0x000022a8   0x000000f0   Code   RO           39    .text.juego_inicializar  jugador.o
    0x00002398   0x00002398   0x000000a8   Code   RO           35    .text.jugador_actualizar  jugador.o
    0x00002440   0x00002440   0x00000018   Code   RO           63    .text.jugador_borrar  jugador.o
    0x00002458   0x00002458   0x00000014   Code   RO           33    .text.jugador_crear  jugador.o
    0x0000246c   0x0000246c   0x0000001a   Code   RO           59    .text.jugador_dibujar  jugador.o
    0x00002486   0x00002486   0x00000002   PAD
    0x00002488   0x00002488   0x00000052   Code   RO            2    .text.main          main.o
    0x000024da   0x000024da   0x00000002   PAD
    0x000024dc   0x000024dc   0x00000114   Code   RO           11    .text.nunchuk_inicializar  nunchuk.o
    0x000025f0   0x000025f0   0x000000d0   Code   RO           13    .text.nunchuk_leer  nunchuk.o
    0x000026c0   0x000026c0   0x000000c0   Code   RO          232    .text.parar_con_error  lpc40xx_base.lib(error.o)
    0x00002780   0x00002780   0x000000a8   Code   RO           67    .text.samplear_rango  jugador.o
    0x00002828   0x00002828   0x0000053e   Code   RO          246    .text.sdram_inicializar  lpc40xx_base.lib(sdram.o)
    0x00002d66   0x00002d66   0x00000002   PAD
    0x00002d68   0x00002d68   0x0000006c   Code   RO          248    .text.sdram_test    lpc40xx_base.lib(sdram.o)
    0x00002dd4   0x00002dd4   0x000000a4   Code   RO          119    .text.timer_inicializar  lpc40xx_base.lib(timer_lpc40xx.o)
    0x00002e78   0x00002e78   0x000000b4   Code   RO          125    .text.timer_iniciar_ciclos_ms  lpc40xx_base.lib(timer_lpc40xx.o)
    0x00002f2c   0x00002f2c   0x000000b0   Code   RO          121    .text.timer_retardo_ms  lpc40xx_base.lib(timer_lpc40xx.o)
    0x00002fdc   0x00002fdc   0x000000b0   Code   RO          123    .text.timer_retardo_us  lpc40xx_base.lib(timer_lpc40xx.o)
    0x0000308c   0x0000308c   0x0000000e   Code   RO          319    i._is_digit         c_w.l(__printf_wp.o)
    0x0000309a   0x0000309a   0x00000002   PAD
    0x0000309c   0x0000309c   0x00000062   Code   RO          338    x$fpl$d2f           fz_wm.l(d2f.o)
    0x000030fe   0x000030fe   0x00000002   PAD
    0x00003100   0x00003100   0x00000150   Code   RO          340    x$fpl$dadd          fz_wm.l(daddsub_clz.o)
    0x00003250   0x00003250   0x000002b8   Code   RO          347    x$fpl$ddiv          fz_wm.l(ddiv.o)
    0x00003508   0x00003508   0x0000009c   Code   RO          422    x$fpl$dnaninf       fz_wm.l(dnaninf.o)
    0x000035a4   0x000035a4   0x0000000c   Code   RO          424    x$fpl$dretinf       fz_wm.l(dretinf.o)
    0x000035b0   0x000035b0   0x000001dc   Code   RO          342    x$fpl$dsub          fz_wm.l(daddsub_clz.o)
    0x0000378c   0x0000378c   0x00000056   Code   RO          350    x$fpl$f2d           fz_wm.l(f2d.o)
    0x000037e2   0x000037e2   0x0000008c   Code   RO          426    x$fpl$fnaninf       fz_wm.l(fnaninf.o)
    0x0000386e   0x0000386e   0x0000001a   Code   RO          594    x$fpl$fpinit        fz_wm.l(fpinit.o)
    0x00003888   0x00003888   0x0000000a   Code   RO          428    x$fpl$fretinf       fz_wm.l(fretinf.o)
    0x00003892   0x00003892   0x00000011   Data   RO          327    .constdata          c_w.l(__printf_flags_ss_wp.o)
    0x000038a3   0x000038a3   0x00000001   PAD
    0x000038a4   0x000038a4   0x00000014   Data   RO          266    .rodata.fuente_12x24  lpc40xx_base.lib(fuente_12x24.o)
    0x000038b8   0x000038b8   0x00002a00   Data   RO          267    .rodata.fuente_12x24_datos  lpc40xx_base.lib(fuente_12x24.o)
    0x000062b8   0x000062b8   0x00000014   Data   RO          273    .rodata.fuente_16x32  lpc40xx_base.lib(fuente_16x32.o)
    0x000062cc   0x000062cc   0x00003800   Data   RO          274    .rodata.fuente_16x32_datos  lpc40xx_base.lib(fuente_16x32.o)
    0x00009acc   0x00009acc   0x00000014   Data   RO          259    .rodata.fuente_8x16  lpc40xx_base.lib(fuente_8x16.o)
    0x00009ae0   0x00009ae0   0x00000e00   Data   RO          260    .rodata.fuente_8x16_datos  lpc40xx_base.lib(fuente_8x16.o)
    0x0000a8e0   0x0000a8e0   0x00000088   Data   RO          139    .rodata.str1.1      lpc40xx_base.lib(timer_lpc40xx.o)
    0x0000a968   0x0000a968   0x00000025   Data   RO          202    .rodata.str1.1      lpc40xx_base.lib(glcd.o)
    0x0000a98d   0x0000a98d   0x00000041   Data   RO          223    .rodata.str1.1      lpc40xx_i2c.lib(i2c_lpc40xx.o)
    0x0000a9ce   0x0000a9ce   0x00000083   Data   RO          284    .rodata.str1.1      lpc40xx_base.lib(iocon_lpc40xx.o)
    0x0000aa51   0x0000aa51   0x00000003   PAD
    0x0000aa54   0x0000aa54   0x0000000c   Data   RO          194    .rodata.tabla_fuentes  lpc40xx_base.lib(glcd.o)
    0x0000aa60   0x0000aa60   0x00000c00   Data   RO          285    .rodata.tabla_funciones_pines  lpc40xx_base.lib(iocon_lpc40xx.o)
    0x0000b660   0x0000b660   0x00000020   Data   RO          663    Region$$Table       anon$$obj.o


    Execution Region RW_IRAM1 (Exec base: 0x10000000, Load base: 0x0000b680, Size: 0x00000870, Max: 0x00010000, ABSOLUTE)

    Exec Addr    Load Addr    Size         Type   Attr      Idx    E Section Name        Object

    0x10000000   0x0000b680   0x00000004   Data   RW          110    .data.EMCClock      system_lpc407x_8x_177x_8x.o
    0x10000004   0x0000b684   0x00000004   Data   RW          109    .data.PeripheralClock  system_lpc407x_8x_177x_8x.o
    0x10000008   0x0000b688   0x00000004   Data   RW          108    .data.SystemCoreClock  system_lpc407x_8x_177x_8x.o
    0x1000000c   0x0000b68c   0x00000004   Data   RW          111    .data.USBClock      system_lpc407x_8x_177x_8x.o
    0x10000010   0x0000b690   0x00000002   Data   RW          200    .data.color_texto_actual  lpc40xx_base.lib(glcd.o)
    0x10000012   0x0000b692   0x00000001   Data   RW          199    .data.desplazamiento_activado  lpc40xx_base.lib(glcd.o)
    0x10000013   0x0000b693   0x00000001   PAD
    0x10000014   0x0000b694   0x00000004   Data   RW          195    .data.fuente_actual  lpc40xx_base.lib(glcd.o)
    0x10000018   0x0000b698   0x00000008   Data   RW           73    .data.sprite_enemigo_a  jugador.o
    0x10000020   0x0000b6a0   0x00000008   Data   RW           74    .data.sprite_enemigo_b  jugador.o
    0x10000028   0x0000b6a8   0x00000008   Data   RW           71    .data.sprite_jugador  jugador.o
    0x10000030        -       0x00000060   Zero   RW          525    .bss                c_w.l(libspace.o)
    0x10000090        -       0x00000004   Zero   RW          196    .bss.__stdout       lpc40xx_base.lib(glcd.o)
    0x10000094        -       0x00000002   Zero   RW          201    .bss.color_fondo_texto_actual  lpc40xx_base.lib(glcd.o)
    0x10000096   0x0000b6b0   0x00000002   PAD
    0x10000098        -       0x000003c0   Zero   RW           75    .bss.enemigos       jugador.o
    0x10000458        -       0x00000004   Zero   RW           76    .bss.j_g            jugador.o
    0x1000045c        -       0x00000008   Zero   RW          250    .bss.ringosccount   lpc40xx_base.lib(sdram.o)
    0x10000464        -       0x00000004   Zero   RW          197    .bss.x_texto_actual  lpc40xx_base.lib(glcd.o)
    0x10000468        -       0x00000004   Zero   RW          198    .bss.y_texto_actual  lpc40xx_base.lib(glcd.o)
    0x1000046c   0x0000b6b0   0x00000004   PAD
    0x10000470        -       0x00000000   Zero   RW           86    HEAP                startup_lpc407x_8x_177x_8x.o
    0x10000470        -       0x00000400   Zero   RW           85    STACK               startup_lpc407x_8x_177x_8x.o


==============================================================================

Image component sizes


      Code (inc. data)   RO Data    RW Data    ZI Data      Debug   Object Name

      1482         16          8         24        964       7560   jugador.o
        82          0          0          0          0       1520   main.o
       484          0          0          0          0       2256   nunchuk.o
       180          0          0          0          0       1051   sprites.o
        64         26        228          0       1024       1160   startup_lpc407x_8x_177x_8x.o
      2892          0          0         16          0       9755   system_lpc407x_8x_177x_8x.o

    ----------------------------------------------------------------------
      5196         42        268         40       1988      23302   Object Totals
         0          0         32          0          0          0   (incl. Generated)
        12          0          0          0          0          0   (incl. Padding)

    ----------------------------------------------------------------------

      Code (inc. data)   RO Data    RW Data    ZI Data      Debug   Library Member Name

        24          4          0          0          0         84   __2printf.o
         8          0          0          0          0         68   __main.o
       392          4         17          0          0         92   __printf_flags_ss_wp.o
        14          0          0          0          0         68   __printf_wp.o
         0          0          0          0          0          0   __rtentry.o
        12          0          0          0          0          0   __rtentry2.o
         6          0          0          0          0          0   __rtentry4.o
        94          8          0          0          0          0   __scatter.o
        26          0          0          0          0          0   __scatter_copy.o
        28          0          0          0          0          0   __scatter_zi.o
        44          0          0          0          0        108   _printf_char.o
        48          6          0          0          0         96   _printf_char_common.o
        36          4          0          0          0         80   _printf_char_file.o
       120         16          0          0          0         92   _printf_dec.o
       178          0          0          0          0         88   _printf_intcommon.o
         0          0          0          0          0          0   _printf_percent.o
         4          0          0          0          0          0   _printf_percent_end.o
         6          0          0          0          0          0   _printf_s.o
        82          0          0          0          0         80   _printf_str.o
         6          0          0          0          0          0   _printf_u.o
        18          0          0          0          0         80   exit.o
         6          0          0          0          0        152   heapauxi.o
         2          0          0          0          0          0   libinit.o
         6          0          0          0          0          0   libinit2.o
         2          0          0          0          0          0   libshutdown.o
         2          0          0          0          0          0   libshutdown2.o
         8          4          0          0         96         68   libspace.o
       100          0          0          0          0         80   rt_memcpy_w.o
       122          0          0          0          0         80   rt_memmove_w.o
         2          0          0          0          0          0   rtexit.o
        10          0          0          0          0          0   rtexit2.o
        74          0          0          0          0         80   sys_stackheap_outer.o
         2          0          0          0          0         68   use_no_semi.o
         2          0          0          0          0         68   use_no_semi_2.o
        98          4          0          0          0        140   d2f.o
       812         16          0          0          0        392   daddsub_clz.o
       696        140          0          0          0        264   ddiv.o
       156          4          0          0          0        140   dnaninf.o
        12          0          0          0          0        116   dretinf.o
        86          4          0          0          0        132   f2d.o
       140          4          0          0          0        132   fnaninf.o
        26          0          0          0          0        116   fpinit.o
        10          0          0          0          0        116   fretinf.o
         0          0          0          0          0          0   usenofp.o
       244         56          0          0          0       1965   error.o
         0          0      10772          0          0        763   fuente_12x24.o
         0          0      14356          0          0        763   fuente_16x32.o
         0          0       3604          0          0        759   fuente_8x16.o
      1868         46         49          7         14      20438   glcd.o
       392        128       3203          0          0      10441   iocon_lpc40xx.o
      1570          0          0          0          8      10299   sdram.o
       696         60        136          0          0       5116   timer_lpc40xx.o
       736        116         65          0          0       9129   i2c_lpc40xx.o

    ----------------------------------------------------------------------
      9050        624      32206          8        124      62753   Library Totals
        24          0          4          1          6          0   (incl. Padding)

    ----------------------------------------------------------------------

      Code (inc. data)   RO Data    RW Data    ZI Data      Debug   Library Name

      1484         46         17          0         96       1532   c_w.l
      2036        172          0          0          0       1548   fz_wm.l
      4770        290      32120          7         22      50544   lpc40xx_base.lib
       736        116         65          0          0       9129   lpc40xx_i2c.lib

    ----------------------------------------------------------------------
      9050        624      32206          8        124      62753   Library Totals

    ----------------------------------------------------------------------

==============================================================================


      Code (inc. data)   RO Data    RW Data    ZI Data      Debug   

     14246        666      32474         48       2112      84295   Grand Totals
     14246        666      32474         48       2112      84295   ELF Image Totals
     14246        666      32474         48          0          0   ROM Totals

==============================================================================

    Total RO  Size (Code + RO Data)                46720 (  45.62kB)
    Total RW  Size (RW Data + ZI Data)              2160 (   2.11kB)
    Total ROM Size (Code + RO Data + RW Data)      46768 (  45.67kB)

==============================================================================

